<?xml version="1.0"?>
<link_info>
   <banner>MSP430 Linker Unix v4.4.3</banner>
   <copyright>Copyright (c) 2003-2015 Texas Instruments Incorporated</copyright>
   <link_time>0x5500b06a</link_time>
   <link_errors>0x0</link_errors>
   <output_file>msp430-OTP.out</output_file>
   <entry_point>
      <name>_c_int00_noargs_noexit</name>
      <address>0x8000</address>
   </entry_point>
   <input_file_list>
      <input_file id="fl-2">
         <path>./</path>
         <kind>object</kind>
         <file>debug.obj</file>
         <name>debug.obj</name>
      </input_file>
      <input_file id="fl-3">
         <path>./</path>
         <kind>object</kind>
         <file>hw_layer.obj</file>
         <name>hw_layer.obj</name>
      </input_file>
      <input_file id="fl-4">
         <path>./</path>
         <kind>object</kind>
         <file>main.obj</file>
         <name>main.obj</name>
      </input_file>
      <input_file id="fl-5">
         <path>./</path>
         <kind>object</kind>
         <file>serial.obj</file>
         <name>serial.obj</name>
      </input_file>
      <input_file id="fl-6">
         <path>./otp/</path>
         <kind>object</kind>
         <file>BSL430_Low_Level_Init.obj</file>
         <name>BSL430_Low_Level_Init.obj</name>
      </input_file>
      <input_file id="fl-7">
         <path>./otp/</path>
         <kind>object</kind>
         <file>cBSL_main.obj</file>
         <name>cBSL_main.obj</name>
      </input_file>
      <input_file id="fl-8">
         <path>./otp/</path>
         <kind>object</kind>
         <file>cBSL_serial.obj</file>
         <name>cBSL_serial.obj</name>
      </input_file>
      <input_file id="fl-39">
         <path>/home/sporty/ti/ccsv6/tools/compiler/ti-cgt-msp430_4.4.3/lib/</path>
         <kind>archive</kind>
         <file>rts430x_lc_ld_eabi.lib</file>
         <name>boot.obj</name>
      </input_file>
      <input_file id="fl-3a">
         <path>/home/sporty/ti/ccsv6/tools/compiler/ti-cgt-msp430_4.4.3/lib/</path>
         <kind>archive</kind>
         <file>rts430x_lc_ld_eabi.lib</file>
         <name>boot_special.obj</name>
      </input_file>
      <input_file id="fl-3b">
         <path>/home/sporty/ti/ccsv6/tools/compiler/ti-cgt-msp430_4.4.3/lib/</path>
         <kind>archive</kind>
         <file>rts430x_lc_ld_eabi.lib</file>
         <name>copy_decompress_none.obj</name>
      </input_file>
      <input_file id="fl-3c">
         <path>/home/sporty/ti/ccsv6/tools/compiler/ti-cgt-msp430_4.4.3/lib/</path>
         <kind>archive</kind>
         <file>rts430x_lc_ld_eabi.lib</file>
         <name>copy_decompress_rle.obj</name>
      </input_file>
      <input_file id="fl-3d">
         <path>/home/sporty/ti/ccsv6/tools/compiler/ti-cgt-msp430_4.4.3/lib/</path>
         <kind>archive</kind>
         <file>rts430x_lc_ld_eabi.lib</file>
         <name>copy_zero_init.obj</name>
      </input_file>
      <input_file id="fl-3e">
         <path>/home/sporty/ti/ccsv6/tools/compiler/ti-cgt-msp430_4.4.3/lib/</path>
         <kind>archive</kind>
         <file>rts430x_lc_ld_eabi.lib</file>
         <name>div16u.obj</name>
      </input_file>
      <input_file id="fl-3f">
         <path>/home/sporty/ti/ccsv6/tools/compiler/ti-cgt-msp430_4.4.3/lib/</path>
         <kind>archive</kind>
         <file>rts430x_lc_ld_eabi.lib</file>
         <name>exit.obj</name>
      </input_file>
      <input_file id="fl-40">
         <path>/home/sporty/ti/ccsv6/tools/compiler/ti-cgt-msp430_4.4.3/lib/</path>
         <kind>archive</kind>
         <file>rts430x_lc_ld_eabi.lib</file>
         <name>int37.obj</name>
      </input_file>
      <input_file id="fl-41">
         <path>/home/sporty/ti/ccsv6/tools/compiler/ti-cgt-msp430_4.4.3/lib/</path>
         <kind>archive</kind>
         <file>rts430x_lc_ld_eabi.lib</file>
         <name>int38.obj</name>
      </input_file>
      <input_file id="fl-42">
         <path>/home/sporty/ti/ccsv6/tools/compiler/ti-cgt-msp430_4.4.3/lib/</path>
         <kind>archive</kind>
         <file>rts430x_lc_ld_eabi.lib</file>
         <name>int39.obj</name>
      </input_file>
      <input_file id="fl-43">
         <path>/home/sporty/ti/ccsv6/tools/compiler/ti-cgt-msp430_4.4.3/lib/</path>
         <kind>archive</kind>
         <file>rts430x_lc_ld_eabi.lib</file>
         <name>int40.obj</name>
      </input_file>
      <input_file id="fl-44">
         <path>/home/sporty/ti/ccsv6/tools/compiler/ti-cgt-msp430_4.4.3/lib/</path>
         <kind>archive</kind>
         <file>rts430x_lc_ld_eabi.lib</file>
         <name>int42.obj</name>
      </input_file>
      <input_file id="fl-45">
         <path>/home/sporty/ti/ccsv6/tools/compiler/ti-cgt-msp430_4.4.3/lib/</path>
         <kind>archive</kind>
         <file>rts430x_lc_ld_eabi.lib</file>
         <name>int44.obj</name>
      </input_file>
      <input_file id="fl-46">
         <path>/home/sporty/ti/ccsv6/tools/compiler/ti-cgt-msp430_4.4.3/lib/</path>
         <kind>archive</kind>
         <file>rts430x_lc_ld_eabi.lib</file>
         <name>int45.obj</name>
      </input_file>
      <input_file id="fl-47">
         <path>/home/sporty/ti/ccsv6/tools/compiler/ti-cgt-msp430_4.4.3/lib/</path>
         <kind>archive</kind>
         <file>rts430x_lc_ld_eabi.lib</file>
         <name>int46.obj</name>
      </input_file>
      <input_file id="fl-48">
         <path>/home/sporty/ti/ccsv6/tools/compiler/ti-cgt-msp430_4.4.3/lib/</path>
         <kind>archive</kind>
         <file>rts430x_lc_ld_eabi.lib</file>
         <name>int47.obj</name>
      </input_file>
      <input_file id="fl-49">
         <path>/home/sporty/ti/ccsv6/tools/compiler/ti-cgt-msp430_4.4.3/lib/</path>
         <kind>archive</kind>
         <file>rts430x_lc_ld_eabi.lib</file>
         <name>int48.obj</name>
      </input_file>
      <input_file id="fl-4a">
         <path>/home/sporty/ti/ccsv6/tools/compiler/ti-cgt-msp430_4.4.3/lib/</path>
         <kind>archive</kind>
         <file>rts430x_lc_ld_eabi.lib</file>
         <name>int49.obj</name>
      </input_file>
      <input_file id="fl-4b">
         <path>/home/sporty/ti/ccsv6/tools/compiler/ti-cgt-msp430_4.4.3/lib/</path>
         <kind>archive</kind>
         <file>rts430x_lc_ld_eabi.lib</file>
         <name>int50.obj</name>
      </input_file>
      <input_file id="fl-4c">
         <path>/home/sporty/ti/ccsv6/tools/compiler/ti-cgt-msp430_4.4.3/lib/</path>
         <kind>archive</kind>
         <file>rts430x_lc_ld_eabi.lib</file>
         <name>int51.obj</name>
      </input_file>
      <input_file id="fl-4d">
         <path>/home/sporty/ti/ccsv6/tools/compiler/ti-cgt-msp430_4.4.3/lib/</path>
         <kind>archive</kind>
         <file>rts430x_lc_ld_eabi.lib</file>
         <name>int52.obj</name>
      </input_file>
      <input_file id="fl-4e">
         <path>/home/sporty/ti/ccsv6/tools/compiler/ti-cgt-msp430_4.4.3/lib/</path>
         <kind>archive</kind>
         <file>rts430x_lc_ld_eabi.lib</file>
         <name>int53.obj</name>
      </input_file>
      <input_file id="fl-4f">
         <path>/home/sporty/ti/ccsv6/tools/compiler/ti-cgt-msp430_4.4.3/lib/</path>
         <kind>archive</kind>
         <file>rts430x_lc_ld_eabi.lib</file>
         <name>int54.obj</name>
      </input_file>
      <input_file id="fl-50">
         <path>/home/sporty/ti/ccsv6/tools/compiler/ti-cgt-msp430_4.4.3/lib/</path>
         <kind>archive</kind>
         <file>rts430x_lc_ld_eabi.lib</file>
         <name>int55.obj</name>
      </input_file>
      <input_file id="fl-51">
         <path>/home/sporty/ti/ccsv6/tools/compiler/ti-cgt-msp430_4.4.3/lib/</path>
         <kind>archive</kind>
         <file>rts430x_lc_ld_eabi.lib</file>
         <name>int56.obj</name>
      </input_file>
      <input_file id="fl-52">
         <path>/home/sporty/ti/ccsv6/tools/compiler/ti-cgt-msp430_4.4.3/lib/</path>
         <kind>archive</kind>
         <file>rts430x_lc_ld_eabi.lib</file>
         <name>int57.obj</name>
      </input_file>
      <input_file id="fl-53">
         <path>/home/sporty/ti/ccsv6/tools/compiler/ti-cgt-msp430_4.4.3/lib/</path>
         <kind>archive</kind>
         <file>rts430x_lc_ld_eabi.lib</file>
         <name>int58.obj</name>
      </input_file>
      <input_file id="fl-54">
         <path>/home/sporty/ti/ccsv6/tools/compiler/ti-cgt-msp430_4.4.3/lib/</path>
         <kind>archive</kind>
         <file>rts430x_lc_ld_eabi.lib</file>
         <name>int59.obj</name>
      </input_file>
      <input_file id="fl-55">
         <path>/home/sporty/ti/ccsv6/tools/compiler/ti-cgt-msp430_4.4.3/lib/</path>
         <kind>archive</kind>
         <file>rts430x_lc_ld_eabi.lib</file>
         <name>int60.obj</name>
      </input_file>
      <input_file id="fl-56">
         <path>/home/sporty/ti/ccsv6/tools/compiler/ti-cgt-msp430_4.4.3/lib/</path>
         <kind>archive</kind>
         <file>rts430x_lc_ld_eabi.lib</file>
         <name>int61.obj</name>
      </input_file>
      <input_file id="fl-57">
         <path>/home/sporty/ti/ccsv6/tools/compiler/ti-cgt-msp430_4.4.3/lib/</path>
         <kind>archive</kind>
         <file>rts430x_lc_ld_eabi.lib</file>
         <name>int62.obj</name>
      </input_file>
      <input_file id="fl-58">
         <path>/home/sporty/ti/ccsv6/tools/compiler/ti-cgt-msp430_4.4.3/lib/</path>
         <kind>archive</kind>
         <file>rts430x_lc_ld_eabi.lib</file>
         <name>isr_trap.obj</name>
      </input_file>
      <input_file id="fl-59">
         <path>/home/sporty/ti/ccsv6/tools/compiler/ti-cgt-msp430_4.4.3/lib/</path>
         <kind>archive</kind>
         <file>rts430x_lc_ld_eabi.lib</file>
         <name>memcpy.obj</name>
      </input_file>
      <input_file id="fl-5a">
         <path>/home/sporty/ti/ccsv6/tools/compiler/ti-cgt-msp430_4.4.3/lib/</path>
         <kind>archive</kind>
         <file>rts430x_lc_ld_eabi.lib</file>
         <name>mpu_init.obj</name>
      </input_file>
      <input_file id="fl-5b">
         <path>/home/sporty/ti/ccsv6/tools/compiler/ti-cgt-msp430_4.4.3/lib/</path>
         <kind>archive</kind>
         <file>rts430x_lc_ld_eabi.lib</file>
         <name>mult1632_f5hw.obj</name>
      </input_file>
      <input_file id="fl-5c">
         <path>/home/sporty/ti/ccsv6/tools/compiler/ti-cgt-msp430_4.4.3/lib/</path>
         <kind>archive</kind>
         <file>rts430x_lc_ld_eabi.lib</file>
         <name>mult16_f5hw.obj</name>
      </input_file>
      <input_file id="fl-5d">
         <path>/home/sporty/ti/ccsv6/tools/compiler/ti-cgt-msp430_4.4.3/lib/</path>
         <kind>archive</kind>
         <file>rts430x_lc_ld_eabi.lib</file>
         <name>mult3264_f5hw.obj</name>
      </input_file>
      <input_file id="fl-5e">
         <path>/home/sporty/ti/ccsv6/tools/compiler/ti-cgt-msp430_4.4.3/lib/</path>
         <kind>archive</kind>
         <file>rts430x_lc_ld_eabi.lib</file>
         <name>mult32_f5hw.obj</name>
      </input_file>
      <input_file id="fl-5f">
         <path>/home/sporty/ti/ccsv6/tools/compiler/ti-cgt-msp430_4.4.3/lib/</path>
         <kind>archive</kind>
         <file>rts430x_lc_ld_eabi.lib</file>
         <name>mult64_f5hw.obj</name>
      </input_file>
      <input_file id="fl-60">
         <path>/home/sporty/ti/ccsv6/tools/compiler/ti-cgt-msp430_4.4.3/lib/</path>
         <kind>archive</kind>
         <file>rts430x_lc_ld_eabi.lib</file>
         <name>pre_init.obj</name>
      </input_file>
      <input_file id="fl-61">
         <path>/home/sporty/ti/ccsv6/tools/compiler/ti-cgt-msp430_4.4.3/lib/</path>
         <kind>archive</kind>
         <file>rts430x_lc_ld_eabi.lib</file>
         <name>_lock.obj</name>
      </input_file>
      <input_file id="fl-62">
         <path>/home/sporty/ti/ccsv6/tools/compiler/ti-cgt-msp430_4.4.3/lib/</path>
         <kind>archive</kind>
         <file>rts430x_lc_ld_eabi.lib</file>
         <name>args_main.obj</name>
      </input_file>
      <input_file id="fl-63">
         <path>/home/sporty/ti/ccsv6/tools/compiler/ti-cgt-msp430_4.4.3/lib/</path>
         <kind>archive</kind>
         <file>rts430x_lc_ld_eabi.lib</file>
         <name>autoinit_wdt.obj</name>
      </input_file>
      <input_file id="fl-64">
         <path>/home/sporty/ti/ccsv6/tools/compiler/ti-cgt-msp430_4.4.3/lib/</path>
         <kind>archive</kind>
         <file>rts430x_lc_ld_eabi.lib</file>
         <name>asr32.obj</name>
      </input_file>
      <input_file id="fl-65">
         <path>/work/c1202-firmware/driverlib/Debug/</path>
         <kind>archive</kind>
         <file>driverlib.lib</file>
         <name>gpio.obj</name>
      </input_file>
      <input_file id="fl-66">
         <path>/work/c1202-firmware/driverlib/Debug/</path>
         <kind>archive</kind>
         <file>driverlib.lib</file>
         <name>pmm.obj</name>
      </input_file>
      <input_file id="fl-67">
         <path>/work/c1202-firmware/driverlib/Debug/</path>
         <kind>archive</kind>
         <file>driverlib.lib</file>
         <name>ucs.obj</name>
      </input_file>
      <input_file id="fl-68">
         <path>/work/c1202-firmware/driverlib/Debug/</path>
         <kind>archive</kind>
         <file>driverlib.lib</file>
         <name>usci_a_uart.obj</name>
      </input_file>
      <input_file id="fl-69">
         <path>/work/c1202-firmware/driverlib/Debug/</path>
         <kind>archive</kind>
         <file>driverlib.lib</file>
         <name>usci_uart.obj</name>
      </input_file>
      <input_file id="fl-6a">
         <path>/work/c1202-firmware/driverlib/Debug/</path>
         <kind>archive</kind>
         <file>driverlib.lib</file>
         <name>wdt_a.obj</name>
      </input_file>
      <input_file id="fl-70">
         <path>/home/sporty/ti/ccsv6/tools/compiler/ti-cgt-msp430_4.4.3/lib/</path>
         <kind>archive</kind>
         <file>rts430x_lc_ld_eabi.lib</file>
         <name>div16s.obj</name>
      </input_file>
      <input_file id="fl-71">
         <path>/home/sporty/ti/ccsv6/tools/compiler/ti-cgt-msp430_4.4.3/lib/</path>
         <kind>archive</kind>
         <file>rts430x_lc_ld_eabi.lib</file>
         <name>div32s.obj</name>
      </input_file>
      <input_file id="fl-72">
         <path>/home/sporty/ti/ccsv6/tools/compiler/ti-cgt-msp430_4.4.3/lib/</path>
         <kind>archive</kind>
         <file>rts430x_lc_ld_eabi.lib</file>
         <name>div32u.obj</name>
      </input_file>
      <input_file id="fl-73">
         <path>/home/sporty/ti/ccsv6/tools/compiler/ti-cgt-msp430_4.4.3/lib/</path>
         <kind>archive</kind>
         <file>rts430x_lc_ld_eabi.lib</file>
         <name>lsl16.obj</name>
      </input_file>
      <input_file id="fl-74">
         <path>/home/sporty/ti/ccsv6/tools/compiler/ti-cgt-msp430_4.4.3/lib/</path>
         <kind>archive</kind>
         <file>rts430x_lc_ld_eabi.lib</file>
         <name>mult32.obj</name>
      </input_file>
   </input_file_list>
   <object_component_list>
      <object_component id="oc-ea">
         <name>.stack</name>
         <uninitialized>true</uninitialized>
         <run_address>0x6360</run_address>
         <size>0x4</size>
         <input_file_ref idref="fl-39"/>
      </object_component>
      <object_component id="oc-347">
         <name>.stack</name>
         <uninitialized>true</uninitialized>
         <run_address>0x6360</run_address>
         <size>0x0</size>
      </object_component>
      <object_component id="oc-d8">
         <name>.ZAREA</name>
         <load_address>0x1000</load_address>
         <run_address>0x1000</run_address>
         <size>0x10</size>
         <input_file_ref idref="fl-6"/>
      </object_component>
      <object_component id="oc-dd">
         <name>.ZAREA_CODE</name>
         <load_address>0x1012</load_address>
         <run_address>0x1012</run_address>
         <size>0x38</size>
         <input_file_ref idref="fl-6"/>
      </object_component>
      <object_component id="oc-e2">
         <name>.BSLSIG</name>
         <load_address>0x17f0</load_address>
         <run_address>0x17f0</run_address>
         <size>0xc</size>
         <input_file_ref idref="fl-6"/>
      </object_component>
      <object_component id="oc-e3">
         <name>.JTAGLOCK_KEY</name>
         <load_address>0x17fc</load_address>
         <run_address>0x17fc</run_address>
         <size>0x4</size>
         <input_file_ref idref="fl-6"/>
      </object_component>
      <object_component id="oc-14a">
         <name>.BSL:cBSL_init</name>
         <load_address>0x1052</load_address>
         <run_address>0x1052</run_address>
         <size>0xb2</size>
         <input_file_ref idref="fl-7"/>
      </object_component>
      <object_component id="oc-151">
         <name>.BSL:cBSL_put_cstr</name>
         <load_address>0x1104</load_address>
         <run_address>0x1104</run_address>
         <size>0x3c</size>
         <input_file_ref idref="fl-8"/>
      </object_component>
      <object_component id="oc-e4">
         <name>.BSL:cBSL_main</name>
         <load_address>0x1140</load_address>
         <run_address>0x1140</run_address>
         <size>0x10</size>
         <input_file_ref idref="fl-7"/>
      </object_component>
      <object_component id="oc-191">
         <name>.text:init</name>
         <load_address>0x10000</load_address>
         <run_address>0x10000</run_address>
         <size>0xf2</size>
         <input_file_ref idref="fl-3"/>
      </object_component>
      <object_component id="oc-25b">
         <name>.text:UCS_initFLL</name>
         <load_address>0x100f2</load_address>
         <run_address>0x100f2</run_address>
         <size>0xe2</size>
         <input_file_ref idref="fl-67"/>
      </object_component>
      <object_component id="oc-263">
         <name>.text:PMM_setVCoreUp</name>
         <load_address>0x101d4</load_address>
         <run_address>0x101d4</run_address>
         <size>0xe0</size>
         <input_file_ref idref="fl-66"/>
      </object_component>
      <object_component id="oc-200">
         <name>.text:USCI_UART_init</name>
         <load_address>0x102b4</load_address>
         <run_address>0x102b4</run_address>
         <size>0xd6</size>
         <input_file_ref idref="fl-69"/>
      </object_component>
      <object_component id="oc-1a1">
         <name>.text:debug_scan</name>
         <load_address>0x1038a</load_address>
         <run_address>0x1038a</run_address>
         <size>0xc4</size>
         <input_file_ref idref="fl-2"/>
      </object_component>
      <object_component id="oc-2c7">
         <name>.text:push_ui</name>
         <load_address>0x1044e</load_address>
         <run_address>0x1044e</run_address>
         <size>0xaa</size>
         <input_file_ref idref="fl-5"/>
      </object_component>
      <object_component id="oc-269">
         <name>.text:PMM_setVCoreDown</name>
         <load_address>0x104f8</load_address>
         <run_address>0x104f8</run_address>
         <size>0xa2</size>
         <input_file_ref idref="fl-66"/>
      </object_component>
      <object_component id="oc-28b">
         <name>.text:push_mem</name>
         <load_address>0x1059a</load_address>
         <run_address>0x1059a</run_address>
         <size>0x94</size>
         <input_file_ref idref="fl-5"/>
      </object_component>
      <object_component id="oc-11a">
         <name>.text:_auto_init_hold_wdt</name>
         <load_address>0x1062e</load_address>
         <run_address>0x1062e</run_address>
         <size>0x92</size>
         <input_file_ref idref="fl-63"/>
      </object_component>
      <object_component id="oc-1e8">
         <name>.text:UCS_clockSignalInit</name>
         <load_address>0x106c0</load_address>
         <run_address>0x106c0</run_address>
         <size>0x90</size>
         <input_file_ref idref="fl-67"/>
      </object_component>
      <object_component id="oc-1aa">
         <name>.text:push</name>
         <load_address>0x10750</load_address>
         <run_address>0x10750</run_address>
         <size>0x82</size>
         <input_file_ref idref="fl-5"/>
      </object_component>
      <object_component id="oc-134">
         <name>.text:main</name>
         <load_address>0x107d2</load_address>
         <run_address>0x107d2</run_address>
         <size>0x78</size>
         <input_file_ref idref="fl-4"/>
      </object_component>
      <object_component id="oc-23b">
         <name>.text:set_img_stat_flg</name>
         <load_address>0x1084a</load_address>
         <run_address>0x1084a</run_address>
         <size>0x78</size>
         <input_file_ref idref="fl-3"/>
      </object_component>
      <object_component id="oc-29e">
         <name>.text:flash_write32</name>
         <load_address>0x108c2</load_address>
         <run_address>0x108c2</run_address>
         <size>0x70</size>
         <input_file_ref idref="fl-3"/>
      </object_component>
      <object_component id="oc-fb">
         <name>.text:__TI_decompress_rle_core</name>
         <load_address>0x10932</load_address>
         <run_address>0x10932</run_address>
         <size>0x68</size>
         <input_file_ref idref="fl-3c"/>
      </object_component>
      <object_component id="oc-281">
         <name>.text:is_equal</name>
         <load_address>0x1099a</load_address>
         <run_address>0x1099a</run_address>
         <size>0x64</size>
         <input_file_ref idref="fl-5"/>
      </object_component>
      <object_component id="oc-297">
         <name>.text:flash_erase</name>
         <load_address>0x109fe</load_address>
         <run_address>0x109fe</run_address>
         <size>0x50</size>
         <input_file_ref idref="fl-3"/>
      </object_component>
      <object_component id="oc-234">
         <name>.text:get_enum</name>
         <load_address>0x10a4e</load_address>
         <run_address>0x10a4e</run_address>
         <size>0x50</size>
         <input_file_ref idref="fl-5"/>
      </object_component>
      <object_component id="oc-291">
         <name>.text:at_ui16_set</name>
         <load_address>0x10a9e</load_address>
         <run_address>0x10a9e</run_address>
         <size>0x44</size>
         <input_file_ref idref="fl-5"/>
      </object_component>
      <object_component id="oc-1f4">
         <name>.text:PMM_setVCore</name>
         <load_address>0x10ae2</load_address>
         <run_address>0x10ae2</run_address>
         <size>0x40</size>
         <input_file_ref idref="fl-66"/>
      </object_component>
      <object_component id="oc-174">
         <name>.text:l_asr_const</name>
         <load_address>0x10b22</load_address>
         <run_address>0x10b22</run_address>
         <size>0x3e</size>
         <input_file_ref idref="fl-64"/>
      </object_component>
      <object_component id="oc-198">
         <name>.text:put_cstr</name>
         <load_address>0x10b60</load_address>
         <run_address>0x10b60</run_address>
         <size>0x3c</size>
         <input_file_ref idref="fl-5"/>
      </object_component>
      <object_component id="oc-1ee">
         <name>.text:UCS_initFLLSettle</name>
         <load_address>0x10b9c</load_address>
         <run_address>0x10b9c</run_address>
         <size>0x36</size>
         <input_file_ref idref="fl-67"/>
      </object_component>
      <object_component id="oc-2a6">
         <name>.text:room_l</name>
         <load_address>0x10bd2</load_address>
         <run_address>0x10bd2</run_address>
         <size>0x2c</size>
         <input_file_ref idref="fl-5"/>
      </object_component>
      <object_component id="oc-ee">
         <name>.text:memcpy</name>
         <load_address>0x10bfe</load_address>
         <run_address>0x10bfe</run_address>
         <size>0x2a</size>
         <input_file_ref idref="fl-59"/>
      </object_component>
      <object_component id="oc-1fa">
         <name>.text:GPIO_setAsPeripheralModuleFunctionInputPin</name>
         <load_address>0x10c28</load_address>
         <run_address>0x10c28</run_address>
         <size>0x28</size>
         <input_file_ref idref="fl-65"/>
      </object_component>
      <object_component id="oc-206">
         <name>.text:USCI_A_UART_disableInterrupt</name>
         <load_address>0x10c50</load_address>
         <run_address>0x10c50</run_address>
         <size>0x26</size>
         <input_file_ref idref="fl-68"/>
      </object_component>
      <object_component id="oc-24b">
         <name>.text:room_r</name>
         <load_address>0x10c76</load_address>
         <run_address>0x10c76</run_address>
         <size>0x26</size>
         <input_file_ref idref="fl-5"/>
      </object_component>
      <object_component id="oc-96">
         <name>.text:decompress:ZI:__TI_zero_init</name>
         <load_address>0x10c9c</load_address>
         <run_address>0x10c9c</run_address>
         <size>0x24</size>
         <input_file_ref idref="fl-3d"/>
      </object_component>
      <object_component id="oc-1bd">
         <name>.text:cBSL_putch</name>
         <load_address>0x10cc0</load_address>
         <run_address>0x10cc0</run_address>
         <size>0x20</size>
         <input_file_ref idref="fl-7"/>
      </object_component>
      <object_component id="oc-21e">
         <name>.text:putch</name>
         <load_address>0x10ce0</load_address>
         <run_address>0x10ce0</run_address>
         <size>0x20</size>
         <input_file_ref idref="fl-3"/>
      </object_component>
      <object_component id="oc-241">
         <name>.text:flush</name>
         <load_address>0x10d00</load_address>
         <run_address>0x10d00</run_address>
         <size>0x1c</size>
         <input_file_ref idref="fl-5"/>
      </object_component>
      <object_component id="oc-2bc">
         <name>.text:room</name>
         <load_address>0x10d1c</load_address>
         <run_address>0x10d1c</run_address>
         <size>0x1c</size>
         <input_file_ref idref="fl-5"/>
      </object_component>
      <object_component id="oc-72">
         <name>.text:decompress:none:__TI_decompress_none</name>
         <load_address>0x10d38</load_address>
         <run_address>0x10d38</run_address>
         <size>0x16</size>
         <input_file_ref idref="fl-3b"/>
      </object_component>
      <object_component id="oc-2c2">
         <name>.text</name>
         <load_address>0x10d4e</load_address>
         <run_address>0x10d4e</run_address>
         <size>0x16</size>
         <input_file_ref idref="fl-3e"/>
      </object_component>
      <object_component id="oc-212">
         <name>.text:WDT_A_watchdogTimerInit</name>
         <load_address>0x10d64</load_address>
         <run_address>0x10d64</run_address>
         <size>0x14</size>
         <input_file_ref idref="fl-6a"/>
      </object_component>
      <object_component id="oc-20c">
         <name>.text:USCI_A_UART_clearInterruptFlag</name>
         <load_address>0x10d78</load_address>
         <run_address>0x10d78</run_address>
         <size>0xc</size>
         <input_file_ref idref="fl-68"/>
      </object_component>
      <object_component id="oc-78">
         <name>.text:decompress:rle24:__TI_decompress_rle24</name>
         <load_address>0x10d84</load_address>
         <run_address>0x10d84</run_address>
         <size>0x6</size>
         <input_file_ref idref="fl-3c"/>
      </object_component>
      <object_component id="oc-114">
         <name>.text:_system_pre_init</name>
         <load_address>0x10d8a</load_address>
         <run_address>0x10d8a</run_address>
         <size>0x4</size>
         <input_file_ref idref="fl-60"/>
      </object_component>
      <object_component id="oc-13c">
         <name>.text:abort</name>
         <load_address>0x10d8e</load_address>
         <run_address>0x10d8e</run_address>
         <size>0x4</size>
         <input_file_ref idref="fl-3f"/>
      </object_component>
      <object_component id="oc-b4">
         <name>.text:_isr:_c_int00_noargs_noexit</name>
         <load_address>0x8000</load_address>
         <run_address>0x8000</run_address>
         <size>0x1a</size>
         <input_file_ref idref="fl-3a"/>
      </object_component>
      <object_component id="oc-108">
         <name>.text:_isr:__TI_ISR_TRAP</name>
         <load_address>0x801a</load_address>
         <run_address>0x801a</run_address>
         <size>0x6</size>
         <input_file_ref idref="fl-58"/>
      </object_component>
      <object_component id="oc-346">
         <name>.cinit..data.load</name>
         <load_address>0x80e4</load_address>
         <run_address>0x80e4</run_address>
         <size>0x2e</size>
      </object_component>
      <object_component id="oc-343">
         <name>__TI_handler_table</name>
         <load_address>0x8112</load_address>
         <run_address>0x8112</run_address>
         <size>0xc</size>
      </object_component>
      <object_component id="oc-345">
         <name>.cinit..bss.load</name>
         <load_address>0x811e</load_address>
         <run_address>0x811e</run_address>
         <size>0x6</size>
      </object_component>
      <object_component id="oc-344">
         <name>__TI_cinit_table</name>
         <load_address>0x8124</load_address>
         <run_address>0x8124</run_address>
         <size>0x10</size>
      </object_component>
      <object_component id="oc-23a">
         <name>.const:.string</name>
         <load_address>0x8020</load_address>
         <run_address>0x8020</run_address>
         <size>0x86</size>
         <input_file_ref idref="fl-2"/>
      </object_component>
      <object_component id="oc-270">
         <name>.const:GPIO_PORT_TO_BASE</name>
         <load_address>0x80a6</load_address>
         <run_address>0x80a6</run_address>
         <size>0x1c</size>
         <input_file_ref idref="fl-65"/>
      </object_component>
      <object_component id="oc-197">
         <name>.const:.string</name>
         <load_address>0x80c2</load_address>
         <run_address>0x80c2</run_address>
         <size>0xc</size>
         <input_file_ref idref="fl-4"/>
      </object_component>
      <object_component id="oc-288">
         <name>.const</name>
         <load_address>0x80ce</load_address>
         <run_address>0x80ce</run_address>
         <size>0xc</size>
         <input_file_ref idref="fl-3"/>
      </object_component>
      <object_component id="oc-150">
         <name>.const:.string</name>
         <load_address>0x80da</load_address>
         <run_address>0x80da</run_address>
         <size>0x8</size>
         <input_file_ref idref="fl-7"/>
      </object_component>
      <object_component id="oc-231">
         <name>.const</name>
         <load_address>0x80e2</load_address>
         <run_address>0x80e2</run_address>
         <size>0x2</size>
         <input_file_ref idref="fl-2"/>
      </object_component>
      <object_component id="oc-7e">
         <name>.int37</name>
         <load_address>0xffca</load_address>
         <run_address>0xffca</run_address>
         <size>0x2</size>
         <input_file_ref idref="fl-40"/>
      </object_component>
      <object_component id="oc-7f">
         <name>.int38</name>
         <load_address>0xffcc</load_address>
         <run_address>0xffcc</run_address>
         <size>0x2</size>
         <input_file_ref idref="fl-41"/>
      </object_component>
      <object_component id="oc-80">
         <name>.int39</name>
         <load_address>0xffce</load_address>
         <run_address>0xffce</run_address>
         <size>0x2</size>
         <input_file_ref idref="fl-42"/>
      </object_component>
      <object_component id="oc-81">
         <name>.int40</name>
         <load_address>0xffd0</load_address>
         <run_address>0xffd0</run_address>
         <size>0x2</size>
         <input_file_ref idref="fl-43"/>
      </object_component>
      <object_component id="oc-82">
         <name>.int42</name>
         <load_address>0xffd4</load_address>
         <run_address>0xffd4</run_address>
         <size>0x2</size>
         <input_file_ref idref="fl-44"/>
      </object_component>
      <object_component id="oc-83">
         <name>.int44</name>
         <load_address>0xffd8</load_address>
         <run_address>0xffd8</run_address>
         <size>0x2</size>
         <input_file_ref idref="fl-45"/>
      </object_component>
      <object_component id="oc-84">
         <name>.int45</name>
         <load_address>0xffda</load_address>
         <run_address>0xffda</run_address>
         <size>0x2</size>
         <input_file_ref idref="fl-46"/>
      </object_component>
      <object_component id="oc-85">
         <name>.int46</name>
         <load_address>0xffdc</load_address>
         <run_address>0xffdc</run_address>
         <size>0x2</size>
         <input_file_ref idref="fl-47"/>
      </object_component>
      <object_component id="oc-86">
         <name>.int47</name>
         <load_address>0xffde</load_address>
         <run_address>0xffde</run_address>
         <size>0x2</size>
         <input_file_ref idref="fl-48"/>
      </object_component>
      <object_component id="oc-87">
         <name>.int48</name>
         <load_address>0xffe0</load_address>
         <run_address>0xffe0</run_address>
         <size>0x2</size>
         <input_file_ref idref="fl-49"/>
      </object_component>
      <object_component id="oc-88">
         <name>.int49</name>
         <load_address>0xffe2</load_address>
         <run_address>0xffe2</run_address>
         <size>0x2</size>
         <input_file_ref idref="fl-4a"/>
      </object_component>
      <object_component id="oc-89">
         <name>.int50</name>
         <load_address>0xffe4</load_address>
         <run_address>0xffe4</run_address>
         <size>0x2</size>
         <input_file_ref idref="fl-4b"/>
      </object_component>
      <object_component id="oc-8a">
         <name>.int51</name>
         <load_address>0xffe6</load_address>
         <run_address>0xffe6</run_address>
         <size>0x2</size>
         <input_file_ref idref="fl-4c"/>
      </object_component>
      <object_component id="oc-8b">
         <name>.int52</name>
         <load_address>0xffe8</load_address>
         <run_address>0xffe8</run_address>
         <size>0x2</size>
         <input_file_ref idref="fl-4d"/>
      </object_component>
      <object_component id="oc-8c">
         <name>.int53</name>
         <load_address>0xffea</load_address>
         <run_address>0xffea</run_address>
         <size>0x2</size>
         <input_file_ref idref="fl-4e"/>
      </object_component>
      <object_component id="oc-8d">
         <name>.int54</name>
         <load_address>0xffec</load_address>
         <run_address>0xffec</run_address>
         <size>0x2</size>
         <input_file_ref idref="fl-4f"/>
      </object_component>
      <object_component id="oc-8e">
         <name>.int55</name>
         <load_address>0xffee</load_address>
         <run_address>0xffee</run_address>
         <size>0x2</size>
         <input_file_ref idref="fl-50"/>
      </object_component>
      <object_component id="oc-8f">
         <name>.int56</name>
         <load_address>0xfff0</load_address>
         <run_address>0xfff0</run_address>
         <size>0x2</size>
         <input_file_ref idref="fl-51"/>
      </object_component>
      <object_component id="oc-90">
         <name>.int57</name>
         <load_address>0xfff2</load_address>
         <run_address>0xfff2</run_address>
         <size>0x2</size>
         <input_file_ref idref="fl-52"/>
      </object_component>
      <object_component id="oc-91">
         <name>.int58</name>
         <load_address>0xfff4</load_address>
         <run_address>0xfff4</run_address>
         <size>0x2</size>
         <input_file_ref idref="fl-53"/>
      </object_component>
      <object_component id="oc-92">
         <name>.int59</name>
         <load_address>0xfff6</load_address>
         <run_address>0xfff6</run_address>
         <size>0x2</size>
         <input_file_ref idref="fl-54"/>
      </object_component>
      <object_component id="oc-93">
         <name>.int60</name>
         <load_address>0xfff8</load_address>
         <run_address>0xfff8</run_address>
         <size>0x2</size>
         <input_file_ref idref="fl-55"/>
      </object_component>
      <object_component id="oc-94">
         <name>.int61</name>
         <load_address>0xfffa</load_address>
         <run_address>0xfffa</run_address>
         <size>0x2</size>
         <input_file_ref idref="fl-56"/>
      </object_component>
      <object_component id="oc-95">
         <name>.int62</name>
         <load_address>0xfffc</load_address>
         <run_address>0xfffc</run_address>
         <size>0x2</size>
         <input_file_ref idref="fl-57"/>
      </object_component>
      <object_component id="oc-ed">
         <name>.reset</name>
         <load_address>0xfffe</load_address>
         <run_address>0xfffe</run_address>
         <size>0x2</size>
         <input_file_ref idref="fl-39"/>
      </object_component>
      <object_component id="oc-19e">
         <name>.common:hooks</name>
         <uninitialized>true</uninitialized>
         <run_address>0x1c80</run_address>
         <size>0x2</size>
      </object_component>
      <object_component id="oc-248">
         <name>.common:SerialRX128</name>
         <uninitialized>true</uninitialized>
         <run_address>0x1c00</run_address>
         <size>0x80</size>
      </object_component>
      <object_component id="oc-22e">
         <name>.data:dbg_keys</name>
         <load_address>0x1c82</load_address>
         <run_address>0x1c82</run_address>
         <size>0x1c</size>
         <input_file_ref idref="fl-2"/>
      </object_component>
      <object_component id="oc-1a7">
         <name>.data</name>
         <load_address>0x1c9e</load_address>
         <run_address>0x1c9e</run_address>
         <size>0xc</size>
         <input_file_ref idref="fl-3"/>
      </object_component>
      <object_component id="oc-27c">
         <name>.debug_info</name>
         <load_address>0x0</load_address>
         <run_address>0x0</run_address>
         <size>0x25c</size>
         <input_file_ref idref="fl-2"/>
      </object_component>
      <object_component id="oc-22f">
         <name>.debug_info</name>
         <load_address>0x25c</load_address>
         <run_address>0x25c</run_address>
         <size>0xc0</size>
         <input_file_ref idref="fl-2"/>
      </object_component>
      <object_component id="oc-232">
         <name>.debug_info</name>
         <load_address>0x31c</load_address>
         <run_address>0x31c</run_address>
         <size>0xc6</size>
         <input_file_ref idref="fl-2"/>
      </object_component>
      <object_component id="oc-1a2">
         <name>.debug_info</name>
         <load_address>0x3e2</load_address>
         <run_address>0x3e2</run_address>
         <size>0x204</size>
         <input_file_ref idref="fl-2"/>
      </object_component>
      <object_component id="oc-229">
         <name>.debug_info</name>
         <load_address>0x5e6</load_address>
         <run_address>0x5e6</run_address>
         <size>0x86</size>
         <input_file_ref idref="fl-2"/>
      </object_component>
      <object_component id="oc-219">
         <name>.debug_info</name>
         <load_address>0x66c</load_address>
         <run_address>0x66c</run_address>
         <size>0xee</size>
         <input_file_ref idref="fl-2"/>
      </object_component>
      <object_component id="oc-1b1">
         <name>.debug_info</name>
         <load_address>0x75a</load_address>
         <run_address>0x75a</run_address>
         <size>0x8b</size>
         <input_file_ref idref="fl-2"/>
      </object_component>
      <object_component id="oc-1b6">
         <name>.debug_info</name>
         <load_address>0x7e5</load_address>
         <run_address>0x7e5</run_address>
         <size>0x18b</size>
         <input_file_ref idref="fl-2"/>
      </object_component>
      <object_component id="oc-19f">
         <name>.debug_info</name>
         <load_address>0x970</load_address>
         <run_address>0x970</run_address>
         <size>0x61b</size>
         <input_file_ref idref="fl-3"/>
      </object_component>
      <object_component id="oc-1a8">
         <name>.debug_info</name>
         <load_address>0xf8b</load_address>
         <run_address>0xf8b</run_address>
         <size>0xc3</size>
         <input_file_ref idref="fl-3"/>
      </object_component>
      <object_component id="oc-289">
         <name>.debug_info</name>
         <load_address>0x104e</load_address>
         <run_address>0x104e</run_address>
         <size>0xc0</size>
         <input_file_ref idref="fl-3"/>
      </object_component>
      <object_component id="oc-298">
         <name>.debug_info</name>
         <load_address>0x110e</load_address>
         <run_address>0x110e</run_address>
         <size>0x15a</size>
         <input_file_ref idref="fl-3"/>
      </object_component>
      <object_component id="oc-192">
         <name>.debug_info</name>
         <load_address>0x1268</load_address>
         <run_address>0x1268</run_address>
         <size>0x245</size>
         <input_file_ref idref="fl-3"/>
      </object_component>
      <object_component id="oc-21f">
         <name>.debug_info</name>
         <load_address>0x14ad</load_address>
         <run_address>0x14ad</run_address>
         <size>0x112</size>
         <input_file_ref idref="fl-3"/>
      </object_component>
      <object_component id="oc-29f">
         <name>.debug_info</name>
         <load_address>0x15bf</load_address>
         <run_address>0x15bf</run_address>
         <size>0x190</size>
         <input_file_ref idref="fl-3"/>
      </object_component>
      <object_component id="oc-23c">
         <name>.debug_info</name>
         <load_address>0x174f</load_address>
         <run_address>0x174f</run_address>
         <size>0x1e8</size>
         <input_file_ref idref="fl-3"/>
      </object_component>
      <object_component id="oc-135">
         <name>.debug_info</name>
         <load_address>0x1937</load_address>
         <run_address>0x1937</run_address>
         <size>0x133</size>
         <input_file_ref idref="fl-4"/>
      </object_component>
      <object_component id="oc-225">
         <name>.debug_info</name>
         <load_address>0x1a6a</load_address>
         <run_address>0x1a6a</run_address>
         <size>0x1fa</size>
         <input_file_ref idref="fl-5"/>
      </object_component>
      <object_component id="oc-242">
         <name>.debug_info</name>
         <load_address>0x1c64</load_address>
         <run_address>0x1c64</run_address>
         <size>0x108</size>
         <input_file_ref idref="fl-5"/>
      </object_component>
      <object_component id="oc-2bd">
         <name>.debug_info</name>
         <load_address>0x1d6c</load_address>
         <run_address>0x1d6c</run_address>
         <size>0x118</size>
         <input_file_ref idref="fl-5"/>
      </object_component>
      <object_component id="oc-2a7">
         <name>.debug_info</name>
         <load_address>0x1e84</load_address>
         <run_address>0x1e84</run_address>
         <size>0x11c</size>
         <input_file_ref idref="fl-5"/>
      </object_component>
      <object_component id="oc-24c">
         <name>.debug_info</name>
         <load_address>0x1fa0</load_address>
         <run_address>0x1fa0</run_address>
         <size>0x129</size>
         <input_file_ref idref="fl-5"/>
      </object_component>
      <object_component id="oc-292">
         <name>.debug_info</name>
         <load_address>0x20c9</load_address>
         <run_address>0x20c9</run_address>
         <size>0x17c</size>
         <input_file_ref idref="fl-5"/>
      </object_component>
      <object_component id="oc-1ab">
         <name>.debug_info</name>
         <load_address>0x2245</load_address>
         <run_address>0x2245</run_address>
         <size>0x158</size>
         <input_file_ref idref="fl-5"/>
      </object_component>
      <object_component id="oc-2c8">
         <name>.debug_info</name>
         <load_address>0x239d</load_address>
         <run_address>0x239d</run_address>
         <size>0x1c3</size>
         <input_file_ref idref="fl-5"/>
      </object_component>
      <object_component id="oc-28c">
         <name>.debug_info</name>
         <load_address>0x2560</load_address>
         <run_address>0x2560</run_address>
         <size>0x1f6</size>
         <input_file_ref idref="fl-5"/>
      </object_component>
      <object_component id="oc-282">
         <name>.debug_info</name>
         <load_address>0x2756</load_address>
         <run_address>0x2756</run_address>
         <size>0x13d</size>
         <input_file_ref idref="fl-5"/>
      </object_component>
      <object_component id="oc-235">
         <name>.debug_info</name>
         <load_address>0x2893</load_address>
         <run_address>0x2893</run_address>
         <size>0x17f</size>
         <input_file_ref idref="fl-5"/>
      </object_component>
      <object_component id="oc-199">
         <name>.debug_info</name>
         <load_address>0x2a12</load_address>
         <run_address>0x2a12</run_address>
         <size>0x12e</size>
         <input_file_ref idref="fl-5"/>
      </object_component>
      <object_component id="oc-15a">
         <name>.debug_info</name>
         <load_address>0x2b40</load_address>
         <run_address>0x2b40</run_address>
         <size>0x84</size>
         <input_file_ref idref="fl-5"/>
      </object_component>
      <object_component id="oc-d9">
         <name>.debug_info</name>
         <load_address>0x2bc4</load_address>
         <run_address>0x2bc4</run_address>
         <size>0xeb</size>
         <input_file_ref idref="fl-6"/>
      </object_component>
      <object_component id="oc-de">
         <name>.debug_info</name>
         <load_address>0x2caf</load_address>
         <run_address>0x2caf</run_address>
         <size>0x10f</size>
         <input_file_ref idref="fl-6"/>
      </object_component>
      <object_component id="oc-e5">
         <name>.debug_info</name>
         <load_address>0x2dbe</load_address>
         <run_address>0x2dbe</run_address>
         <size>0x124</size>
         <input_file_ref idref="fl-7"/>
      </object_component>
      <object_component id="oc-14b">
         <name>.debug_info</name>
         <load_address>0x2ee2</load_address>
         <run_address>0x2ee2</run_address>
         <size>0x106</size>
         <input_file_ref idref="fl-7"/>
      </object_component>
      <object_component id="oc-1be">
         <name>.debug_info</name>
         <load_address>0x2fe8</load_address>
         <run_address>0x2fe8</run_address>
         <size>0x12b</size>
         <input_file_ref idref="fl-7"/>
      </object_component>
      <object_component id="oc-1c4">
         <name>.debug_info</name>
         <load_address>0x3113</load_address>
         <run_address>0x3113</run_address>
         <size>0x177</size>
         <input_file_ref idref="fl-8"/>
      </object_component>
      <object_component id="oc-152">
         <name>.debug_info</name>
         <load_address>0x328a</load_address>
         <run_address>0x328a</run_address>
         <size>0x158</size>
         <input_file_ref idref="fl-8"/>
      </object_component>
      <object_component id="oc-eb">
         <name>.debug_info</name>
         <load_address>0x33e2</load_address>
         <run_address>0x33e2</run_address>
         <size>0xd3</size>
         <input_file_ref idref="fl-39"/>
      </object_component>
      <object_component id="oc-b5">
         <name>.debug_info</name>
         <load_address>0x34b5</load_address>
         <run_address>0x34b5</run_address>
         <size>0x174</size>
         <input_file_ref idref="fl-3a"/>
      </object_component>
      <object_component id="oc-fa">
         <name>.debug_info</name>
         <load_address>0x3629</load_address>
         <run_address>0x3629</run_address>
         <size>0x1a4</size>
         <input_file_ref idref="fl-3b"/>
      </object_component>
      <object_component id="oc-73">
         <name>.debug_info</name>
         <load_address>0x37cd</load_address>
         <run_address>0x37cd</run_address>
         <size>0x1a6</size>
         <input_file_ref idref="fl-3b"/>
      </object_component>
      <object_component id="oc-f5">
         <name>.debug_info</name>
         <load_address>0x3973</load_address>
         <run_address>0x3973</run_address>
         <size>0x46</size>
         <input_file_ref idref="fl-3b"/>
      </object_component>
      <object_component id="oc-168">
         <name>.debug_info</name>
         <load_address>0x39b9</load_address>
         <run_address>0x39b9</run_address>
         <size>0x2c</size>
         <input_file_ref idref="fl-3b"/>
      </object_component>
      <object_component id="oc-102">
         <name>.debug_info</name>
         <load_address>0x39e5</load_address>
         <run_address>0x39e5</run_address>
         <size>0x161</size>
         <input_file_ref idref="fl-3c"/>
      </object_component>
      <object_component id="oc-fc">
         <name>.debug_info</name>
         <load_address>0x3b46</load_address>
         <run_address>0x3b46</run_address>
         <size>0x218</size>
         <input_file_ref idref="fl-3c"/>
      </object_component>
      <object_component id="oc-79">
         <name>.debug_info</name>
         <load_address>0x3d5e</load_address>
         <run_address>0x3d5e</run_address>
         <size>0x18f</size>
         <input_file_ref idref="fl-3c"/>
      </object_component>
      <object_component id="oc-103">
         <name>.debug_info</name>
         <load_address>0x3eed</load_address>
         <run_address>0x3eed</run_address>
         <size>0x39</size>
         <input_file_ref idref="fl-3c"/>
      </object_component>
      <object_component id="oc-113">
         <name>.debug_info</name>
         <load_address>0x3f26</load_address>
         <run_address>0x3f26</run_address>
         <size>0x152</size>
         <input_file_ref idref="fl-3d"/>
      </object_component>
      <object_component id="oc-97">
         <name>.debug_info</name>
         <load_address>0x4078</load_address>
         <run_address>0x4078</run_address>
         <size>0x198</size>
         <input_file_ref idref="fl-3d"/>
      </object_component>
      <object_component id="oc-10e">
         <name>.debug_info</name>
         <load_address>0x4210</load_address>
         <run_address>0x4210</run_address>
         <size>0x46</size>
         <input_file_ref idref="fl-3d"/>
      </object_component>
      <object_component id="oc-2c3">
         <name>.debug_info</name>
         <load_address>0x4256</load_address>
         <run_address>0x4256</run_address>
         <size>0xfb</size>
         <input_file_ref idref="fl-3e"/>
      </object_component>
      <object_component id="oc-13d">
         <name>.debug_info</name>
         <load_address>0x4351</load_address>
         <run_address>0x4351</run_address>
         <size>0xf5</size>
         <input_file_ref idref="fl-3f"/>
      </object_component>
      <object_component id="oc-109">
         <name>.debug_info</name>
         <load_address>0x4446</load_address>
         <run_address>0x4446</run_address>
         <size>0xe9</size>
         <input_file_ref idref="fl-58"/>
      </object_component>
      <object_component id="oc-160">
         <name>.debug_info</name>
         <load_address>0x452f</load_address>
         <run_address>0x452f</run_address>
         <size>0x15a</size>
         <input_file_ref idref="fl-59"/>
      </object_component>
      <object_component id="oc-ef">
         <name>.debug_info</name>
         <load_address>0x4689</load_address>
         <run_address>0x4689</run_address>
         <size>0x18b</size>
         <input_file_ref idref="fl-59"/>
      </object_component>
      <object_component id="oc-161">
         <name>.debug_info</name>
         <load_address>0x4814</load_address>
         <run_address>0x4814</run_address>
         <size>0x2c</size>
         <input_file_ref idref="fl-59"/>
      </object_component>
      <object_component id="oc-115">
         <name>.debug_info</name>
         <load_address>0x4840</load_address>
         <run_address>0x4840</run_address>
         <size>0x126</size>
         <input_file_ref idref="fl-60"/>
      </object_component>
      <object_component id="oc-17a">
         <name>.debug_info</name>
         <load_address>0x4966</load_address>
         <run_address>0x4966</run_address>
         <size>0x301</size>
         <input_file_ref idref="fl-63"/>
      </object_component>
      <object_component id="oc-11b">
         <name>.debug_info</name>
         <load_address>0x4c67</load_address>
         <run_address>0x4c67</run_address>
         <size>0x1eb</size>
         <input_file_ref idref="fl-63"/>
      </object_component>
      <object_component id="oc-1ca">
         <name>.debug_info</name>
         <load_address>0x4e52</load_address>
         <run_address>0x4e52</run_address>
         <size>0x39</size>
         <input_file_ref idref="fl-63"/>
      </object_component>
      <object_component id="oc-17b">
         <name>.debug_info</name>
         <load_address>0x4e8b</load_address>
         <run_address>0x4e8b</run_address>
         <size>0x2c</size>
         <input_file_ref idref="fl-63"/>
      </object_component>
      <object_component id="oc-175">
         <name>.debug_info</name>
         <load_address>0x4eb7</load_address>
         <run_address>0x4eb7</run_address>
         <size>0x100</size>
         <input_file_ref idref="fl-64"/>
      </object_component>
      <object_component id="oc-2b4">
         <name>.debug_info</name>
         <load_address>0x4fb7</load_address>
         <run_address>0x4fb7</run_address>
         <size>0x135</size>
         <input_file_ref idref="fl-65"/>
      </object_component>
      <object_component id="oc-271">
         <name>.debug_info</name>
         <load_address>0x50ec</load_address>
         <run_address>0x50ec</run_address>
         <size>0xcf</size>
         <input_file_ref idref="fl-65"/>
      </object_component>
      <object_component id="oc-1fb">
         <name>.debug_info</name>
         <load_address>0x51bb</load_address>
         <run_address>0x51bb</run_address>
         <size>0x1cf</size>
         <input_file_ref idref="fl-65"/>
      </object_component>
      <object_component id="oc-264">
         <name>.debug_info</name>
         <load_address>0x538a</load_address>
         <run_address>0x538a</run_address>
         <size>0x199</size>
         <input_file_ref idref="fl-66"/>
      </object_component>
      <object_component id="oc-26a">
         <name>.debug_info</name>
         <load_address>0x5523</load_address>
         <run_address>0x5523</run_address>
         <size>0x19d</size>
         <input_file_ref idref="fl-66"/>
      </object_component>
      <object_component id="oc-1f5">
         <name>.debug_info</name>
         <load_address>0x56c0</load_address>
         <run_address>0x56c0</run_address>
         <size>0x174</size>
         <input_file_ref idref="fl-66"/>
      </object_component>
      <object_component id="oc-262">
         <name>.debug_info</name>
         <load_address>0x5834</load_address>
         <run_address>0x5834</run_address>
         <size>0x1f2</size>
         <input_file_ref idref="fl-67"/>
      </object_component>
      <object_component id="oc-1e9">
         <name>.debug_info</name>
         <load_address>0x5a26</load_address>
         <run_address>0x5a26</run_address>
         <size>0x1f4</size>
         <input_file_ref idref="fl-67"/>
      </object_component>
      <object_component id="oc-1ef">
         <name>.debug_info</name>
         <load_address>0x5c1a</load_address>
         <run_address>0x5c1a</run_address>
         <size>0x155</size>
         <input_file_ref idref="fl-67"/>
      </object_component>
      <object_component id="oc-25c">
         <name>.debug_info</name>
         <load_address>0x5d6f</load_address>
         <run_address>0x5d6f</run_address>
         <size>0x193</size>
         <input_file_ref idref="fl-67"/>
      </object_component>
      <object_component id="oc-207">
         <name>.debug_info</name>
         <load_address>0x5f02</load_address>
         <run_address>0x5f02</run_address>
         <size>0x19c</size>
         <input_file_ref idref="fl-68"/>
      </object_component>
      <object_component id="oc-20d">
         <name>.debug_info</name>
         <load_address>0x609e</load_address>
         <run_address>0x609e</run_address>
         <size>0x16a</size>
         <input_file_ref idref="fl-68"/>
      </object_component>
      <object_component id="oc-275">
         <name>.debug_info</name>
         <load_address>0x6208</load_address>
         <run_address>0x6208</run_address>
         <size>0x132</size>
         <input_file_ref idref="fl-69"/>
      </object_component>
      <object_component id="oc-201">
         <name>.debug_info</name>
         <load_address>0x633a</load_address>
         <run_address>0x633a</run_address>
         <size>0x180</size>
         <input_file_ref idref="fl-69"/>
      </object_component>
      <object_component id="oc-213">
         <name>.debug_info</name>
         <load_address>0x64ba</load_address>
         <run_address>0x64ba</run_address>
         <size>0x1a8</size>
         <input_file_ref idref="fl-6a"/>
      </object_component>
      <object_component id="oc-349">
         <name>.debug_info</name>
         <load_address>0x6662</load_address>
         <run_address>0x6662</run_address>
         <size>0x95</size>
      </object_component>
      <object_component id="oc-2b8">
         <name>.debug_line</name>
         <load_address>0x0</load_address>
         <run_address>0x0</run_address>
         <size>0xa5</size>
         <input_file_ref idref="fl-2"/>
      </object_component>
      <object_component id="oc-27e">
         <name>.debug_line</name>
         <load_address>0xa5</load_address>
         <run_address>0xa5</run_address>
         <size>0x2e</size>
         <input_file_ref idref="fl-2"/>
      </object_component>
      <object_component id="oc-280">
         <name>.debug_line</name>
         <load_address>0xd3</load_address>
         <run_address>0xd3</run_address>
         <size>0x2e</size>
         <input_file_ref idref="fl-2"/>
      </object_component>
      <object_component id="oc-1a5">
         <name>.debug_line</name>
         <load_address>0x101</load_address>
         <run_address>0x101</run_address>
         <size>0x7a</size>
         <input_file_ref idref="fl-2"/>
      </object_component>
      <object_component id="oc-22c">
         <name>.debug_line</name>
         <load_address>0x17b</load_address>
         <run_address>0x17b</run_address>
         <size>0x4c</size>
         <input_file_ref idref="fl-2"/>
      </object_component>
      <object_component id="oc-21c">
         <name>.debug_line</name>
         <load_address>0x1c7</load_address>
         <run_address>0x1c7</run_address>
         <size>0x4e</size>
         <input_file_ref idref="fl-2"/>
      </object_component>
      <object_component id="oc-1b4">
         <name>.debug_line</name>
         <load_address>0x215</load_address>
         <run_address>0x215</run_address>
         <size>0x20</size>
         <input_file_ref idref="fl-2"/>
      </object_component>
      <object_component id="oc-1b9">
         <name>.debug_line</name>
         <load_address>0x235</load_address>
         <run_address>0x235</run_address>
         <size>0x6d</size>
         <input_file_ref idref="fl-2"/>
      </object_component>
      <object_component id="oc-228">
         <name>.debug_line</name>
         <load_address>0x2a2</load_address>
         <run_address>0x2a2</run_address>
         <size>0x1ee</size>
         <input_file_ref idref="fl-3"/>
      </object_component>
      <object_component id="oc-24a">
         <name>.debug_line</name>
         <load_address>0x490</load_address>
         <run_address>0x490</run_address>
         <size>0x31</size>
         <input_file_ref idref="fl-3"/>
      </object_component>
      <object_component id="oc-2bb">
         <name>.debug_line</name>
         <load_address>0x4c1</load_address>
         <run_address>0x4c1</run_address>
         <size>0x31</size>
         <input_file_ref idref="fl-3"/>
      </object_component>
      <object_component id="oc-29b">
         <name>.debug_line</name>
         <load_address>0x4f2</load_address>
         <run_address>0x4f2</run_address>
         <size>0x4d</size>
         <input_file_ref idref="fl-3"/>
      </object_component>
      <object_component id="oc-195">
         <name>.debug_line</name>
         <load_address>0x53f</load_address>
         <run_address>0x53f</run_address>
         <size>0x6c</size>
         <input_file_ref idref="fl-3"/>
      </object_component>
      <object_component id="oc-222">
         <name>.debug_line</name>
         <load_address>0x5ab</load_address>
         <run_address>0x5ab</run_address>
         <size>0x50</size>
         <input_file_ref idref="fl-3"/>
      </object_component>
      <object_component id="oc-2a2">
         <name>.debug_line</name>
         <load_address>0x5fb</load_address>
         <run_address>0x5fb</run_address>
         <size>0x59</size>
         <input_file_ref idref="fl-3"/>
      </object_component>
      <object_component id="oc-23f">
         <name>.debug_line</name>
         <load_address>0x654</load_address>
         <run_address>0x654</run_address>
         <size>0x4c</size>
         <input_file_ref idref="fl-3"/>
      </object_component>
      <object_component id="oc-138">
         <name>.debug_line</name>
         <load_address>0x6a0</load_address>
         <run_address>0x6a0</run_address>
         <size>0x6a</size>
         <input_file_ref idref="fl-4"/>
      </object_component>
      <object_component id="oc-27b">
         <name>.debug_line</name>
         <load_address>0x70a</load_address>
         <run_address>0x70a</run_address>
         <size>0x5b</size>
         <input_file_ref idref="fl-5"/>
      </object_component>
      <object_component id="oc-245">
         <name>.debug_line</name>
         <load_address>0x765</load_address>
         <run_address>0x765</run_address>
         <size>0x43</size>
         <input_file_ref idref="fl-5"/>
      </object_component>
      <object_component id="oc-2c0">
         <name>.debug_line</name>
         <load_address>0x7a8</load_address>
         <run_address>0x7a8</run_address>
         <size>0x45</size>
         <input_file_ref idref="fl-5"/>
      </object_component>
      <object_component id="oc-2aa">
         <name>.debug_line</name>
         <load_address>0x7ed</load_address>
         <run_address>0x7ed</run_address>
         <size>0x47</size>
         <input_file_ref idref="fl-5"/>
      </object_component>
      <object_component id="oc-24f">
         <name>.debug_line</name>
         <load_address>0x834</load_address>
         <run_address>0x834</run_address>
         <size>0x47</size>
         <input_file_ref idref="fl-5"/>
      </object_component>
      <object_component id="oc-295">
         <name>.debug_line</name>
         <load_address>0x87b</load_address>
         <run_address>0x87b</run_address>
         <size>0x4a</size>
         <input_file_ref idref="fl-5"/>
      </object_component>
      <object_component id="oc-1ae">
         <name>.debug_line</name>
         <load_address>0x8c5</load_address>
         <run_address>0x8c5</run_address>
         <size>0x66</size>
         <input_file_ref idref="fl-5"/>
      </object_component>
      <object_component id="oc-2cb">
         <name>.debug_line</name>
         <load_address>0x92b</load_address>
         <run_address>0x92b</run_address>
         <size>0x70</size>
         <input_file_ref idref="fl-5"/>
      </object_component>
      <object_component id="oc-28f">
         <name>.debug_line</name>
         <load_address>0x99b</load_address>
         <run_address>0x99b</run_address>
         <size>0x6f</size>
         <input_file_ref idref="fl-5"/>
      </object_component>
      <object_component id="oc-285">
         <name>.debug_line</name>
         <load_address>0xa0a</load_address>
         <run_address>0xa0a</run_address>
         <size>0x5e</size>
         <input_file_ref idref="fl-5"/>
      </object_component>
      <object_component id="oc-238">
         <name>.debug_line</name>
         <load_address>0xa68</load_address>
         <run_address>0xa68</run_address>
         <size>0x57</size>
         <input_file_ref idref="fl-5"/>
      </object_component>
      <object_component id="oc-19c">
         <name>.debug_line</name>
         <load_address>0xabf</load_address>
         <run_address>0xabf</run_address>
         <size>0x57</size>
         <input_file_ref idref="fl-5"/>
      </object_component>
      <object_component id="oc-15d">
         <name>.debug_line</name>
         <load_address>0xb16</load_address>
         <run_address>0xb16</run_address>
         <size>0x20</size>
         <input_file_ref idref="fl-5"/>
      </object_component>
      <object_component id="oc-dc">
         <name>.debug_line</name>
         <load_address>0xb36</load_address>
         <run_address>0xb36</run_address>
         <size>0x54</size>
         <input_file_ref idref="fl-6"/>
      </object_component>
      <object_component id="oc-e1">
         <name>.debug_line</name>
         <load_address>0xb8a</load_address>
         <run_address>0xb8a</run_address>
         <size>0x64</size>
         <input_file_ref idref="fl-6"/>
      </object_component>
      <object_component id="oc-e8">
         <name>.debug_line</name>
         <load_address>0xbee</load_address>
         <run_address>0xbee</run_address>
         <size>0x4a</size>
         <input_file_ref idref="fl-7"/>
      </object_component>
      <object_component id="oc-14e">
         <name>.debug_line</name>
         <load_address>0xc38</load_address>
         <run_address>0xc38</run_address>
         <size>0x69</size>
         <input_file_ref idref="fl-7"/>
      </object_component>
      <object_component id="oc-1c1">
         <name>.debug_line</name>
         <load_address>0xca1</load_address>
         <run_address>0xca1</run_address>
         <size>0x55</size>
         <input_file_ref idref="fl-7"/>
      </object_component>
      <object_component id="oc-254">
         <name>.debug_line</name>
         <load_address>0xcf6</load_address>
         <run_address>0xcf6</run_address>
         <size>0x55</size>
         <input_file_ref idref="fl-8"/>
      </object_component>
      <object_component id="oc-155">
         <name>.debug_line</name>
         <load_address>0xd4b</load_address>
         <run_address>0xd4b</run_address>
         <size>0x5d</size>
         <input_file_ref idref="fl-8"/>
      </object_component>
      <object_component id="oc-159">
         <name>.debug_line</name>
         <load_address>0xda8</load_address>
         <run_address>0xda8</run_address>
         <size>0x2a</size>
         <input_file_ref idref="fl-39"/>
      </object_component>
      <object_component id="oc-b8">
         <name>.debug_line</name>
         <load_address>0xdd2</load_address>
         <run_address>0xdd2</run_address>
         <size>0x4c</size>
         <input_file_ref idref="fl-3a"/>
      </object_component>
      <object_component id="oc-167">
         <name>.debug_line</name>
         <load_address>0xe1e</load_address>
         <run_address>0xe1e</run_address>
         <size>0x6d</size>
         <input_file_ref idref="fl-3b"/>
      </object_component>
      <object_component id="oc-76">
         <name>.debug_line</name>
         <load_address>0xe8b</load_address>
         <run_address>0xe8b</run_address>
         <size>0x50</size>
         <input_file_ref idref="fl-3b"/>
      </object_component>
      <object_component id="oc-f8">
         <name>.debug_line</name>
         <load_address>0xedb</load_address>
         <run_address>0xedb</run_address>
         <size>0x3a</size>
         <input_file_ref idref="fl-3b"/>
      </object_component>
      <object_component id="oc-16b">
         <name>.debug_line</name>
         <load_address>0xf15</load_address>
         <run_address>0xf15</run_address>
         <size>0x6d</size>
         <input_file_ref idref="fl-3b"/>
      </object_component>
      <object_component id="oc-16f">
         <name>.debug_line</name>
         <load_address>0xf82</load_address>
         <run_address>0xf82</run_address>
         <size>0x20</size>
         <input_file_ref idref="fl-3c"/>
      </object_component>
      <object_component id="oc-ff">
         <name>.debug_line</name>
         <load_address>0xfa2</load_address>
         <run_address>0xfa2</run_address>
         <size>0x8b</size>
         <input_file_ref idref="fl-3c"/>
      </object_component>
      <object_component id="oc-7c">
         <name>.debug_line</name>
         <load_address>0x102d</load_address>
         <run_address>0x102d</run_address>
         <size>0x49</size>
         <input_file_ref idref="fl-3c"/>
      </object_component>
      <object_component id="oc-106">
         <name>.debug_line</name>
         <load_address>0x1076</load_address>
         <run_address>0x1076</run_address>
         <size>0x39</size>
         <input_file_ref idref="fl-3c"/>
      </object_component>
      <object_component id="oc-172">
         <name>.debug_line</name>
         <load_address>0x10af</load_address>
         <run_address>0x10af</run_address>
         <size>0x20</size>
         <input_file_ref idref="fl-3d"/>
      </object_component>
      <object_component id="oc-9a">
         <name>.debug_line</name>
         <load_address>0x10cf</load_address>
         <run_address>0x10cf</run_address>
         <size>0x4d</size>
         <input_file_ref idref="fl-3d"/>
      </object_component>
      <object_component id="oc-111">
         <name>.debug_line</name>
         <load_address>0x111c</load_address>
         <run_address>0x111c</run_address>
         <size>0x34</size>
         <input_file_ref idref="fl-3d"/>
      </object_component>
      <object_component id="oc-2c6">
         <name>.debug_line</name>
         <load_address>0x1150</load_address>
         <run_address>0x1150</run_address>
         <size>0x43</size>
         <input_file_ref idref="fl-3e"/>
      </object_component>
      <object_component id="oc-140">
         <name>.debug_line</name>
         <load_address>0x1193</load_address>
         <run_address>0x1193</run_address>
         <size>0x3a</size>
         <input_file_ref idref="fl-3f"/>
      </object_component>
      <object_component id="oc-10c">
         <name>.debug_line</name>
         <load_address>0x11cd</load_address>
         <run_address>0x11cd</run_address>
         <size>0x3c</size>
         <input_file_ref idref="fl-58"/>
      </object_component>
      <object_component id="oc-1c6">
         <name>.debug_line</name>
         <load_address>0x1209</load_address>
         <run_address>0x1209</run_address>
         <size>0x20</size>
         <input_file_ref idref="fl-59"/>
      </object_component>
      <object_component id="oc-f2">
         <name>.debug_line</name>
         <load_address>0x1229</load_address>
         <run_address>0x1229</run_address>
         <size>0x4a</size>
         <input_file_ref idref="fl-59"/>
      </object_component>
      <object_component id="oc-164">
         <name>.debug_line</name>
         <load_address>0x1273</load_address>
         <run_address>0x1273</run_address>
         <size>0x6d</size>
         <input_file_ref idref="fl-59"/>
      </object_component>
      <object_component id="oc-118">
         <name>.debug_line</name>
         <load_address>0x12e0</load_address>
         <run_address>0x12e0</run_address>
         <size>0x3e</size>
         <input_file_ref idref="fl-60"/>
      </object_component>
      <object_component id="oc-1c9">
         <name>.debug_line</name>
         <load_address>0x131e</load_address>
         <run_address>0x131e</run_address>
         <size>0x40</size>
         <input_file_ref idref="fl-63"/>
      </object_component>
      <object_component id="oc-11e">
         <name>.debug_line</name>
         <load_address>0x135e</load_address>
         <run_address>0x135e</run_address>
         <size>0x96</size>
         <input_file_ref idref="fl-63"/>
      </object_component>
      <object_component id="oc-1cd">
         <name>.debug_line</name>
         <load_address>0x13f4</load_address>
         <run_address>0x13f4</run_address>
         <size>0x2e</size>
         <input_file_ref idref="fl-63"/>
      </object_component>
      <object_component id="oc-17e">
         <name>.debug_line</name>
         <load_address>0x1422</load_address>
         <run_address>0x1422</run_address>
         <size>0x6d</size>
         <input_file_ref idref="fl-63"/>
      </object_component>
      <object_component id="oc-178">
         <name>.debug_line</name>
         <load_address>0x148f</load_address>
         <run_address>0x148f</run_address>
         <size>0x56</size>
         <input_file_ref idref="fl-64"/>
      </object_component>
      <object_component id="oc-2d2">
         <name>.debug_line</name>
         <load_address>0x14e5</load_address>
         <run_address>0x14e5</run_address>
         <size>0x20</size>
         <input_file_ref idref="fl-65"/>
      </object_component>
      <object_component id="oc-2b3">
         <name>.debug_line</name>
         <load_address>0x1505</load_address>
         <run_address>0x1505</run_address>
         <size>0x2d</size>
         <input_file_ref idref="fl-65"/>
      </object_component>
      <object_component id="oc-1fe">
         <name>.debug_line</name>
         <load_address>0x1532</load_address>
         <run_address>0x1532</run_address>
         <size>0x4d</size>
         <input_file_ref idref="fl-65"/>
      </object_component>
      <object_component id="oc-267">
         <name>.debug_line</name>
         <load_address>0x157f</load_address>
         <run_address>0x157f</run_address>
         <size>0xa7</size>
         <input_file_ref idref="fl-66"/>
      </object_component>
      <object_component id="oc-26d">
         <name>.debug_line</name>
         <load_address>0x1626</load_address>
         <run_address>0x1626</run_address>
         <size>0x5d</size>
         <input_file_ref idref="fl-66"/>
      </object_component>
      <object_component id="oc-1f8">
         <name>.debug_line</name>
         <load_address>0x1683</load_address>
         <run_address>0x1683</run_address>
         <size>0x54</size>
         <input_file_ref idref="fl-66"/>
      </object_component>
      <object_component id="oc-2af">
         <name>.debug_line</name>
         <load_address>0x16d7</load_address>
         <run_address>0x16d7</run_address>
         <size>0x71</size>
         <input_file_ref idref="fl-67"/>
      </object_component>
      <object_component id="oc-1ec">
         <name>.debug_line</name>
         <load_address>0x1748</load_address>
         <run_address>0x1748</run_address>
         <size>0x6c</size>
         <input_file_ref idref="fl-67"/>
      </object_component>
      <object_component id="oc-1f2">
         <name>.debug_line</name>
         <load_address>0x17b4</load_address>
         <run_address>0x17b4</run_address>
         <size>0x4c</size>
         <input_file_ref idref="fl-67"/>
      </object_component>
      <object_component id="oc-25f">
         <name>.debug_line</name>
         <load_address>0x1800</load_address>
         <run_address>0x1800</run_address>
         <size>0xa0</size>
         <input_file_ref idref="fl-67"/>
      </object_component>
      <object_component id="oc-20a">
         <name>.debug_line</name>
         <load_address>0x18a0</load_address>
         <run_address>0x18a0</run_address>
         <size>0x53</size>
         <input_file_ref idref="fl-68"/>
      </object_component>
      <object_component id="oc-210">
         <name>.debug_line</name>
         <load_address>0x18f3</load_address>
         <run_address>0x18f3</run_address>
         <size>0x4a</size>
         <input_file_ref idref="fl-68"/>
      </object_component>
      <object_component id="oc-2b6">
         <name>.debug_line</name>
         <load_address>0x193d</load_address>
         <run_address>0x193d</run_address>
         <size>0x20</size>
         <input_file_ref idref="fl-69"/>
      </object_component>
      <object_component id="oc-204">
         <name>.debug_line</name>
         <load_address>0x195d</load_address>
         <run_address>0x195d</run_address>
         <size>0x69</size>
         <input_file_ref idref="fl-69"/>
      </object_component>
      <object_component id="oc-216">
         <name>.debug_line</name>
         <load_address>0x19c6</load_address>
         <run_address>0x19c6</run_address>
         <size>0x44</size>
         <input_file_ref idref="fl-6a"/>
      </object_component>
      <object_component id="oc-1a6">
         <name>.debug_frame</name>
         <load_address>0x0</load_address>
         <run_address>0x0</run_address>
         <size>0x4e</size>
         <input_file_ref idref="fl-2"/>
      </object_component>
      <object_component id="oc-29c">
         <name>.debug_frame</name>
         <load_address>0x4e</load_address>
         <run_address>0x4e</run_address>
         <size>0x4d</size>
         <input_file_ref idref="fl-3"/>
      </object_component>
      <object_component id="oc-196">
         <name>.debug_frame</name>
         <load_address>0x9b</load_address>
         <run_address>0x9b</run_address>
         <size>0x4d</size>
         <input_file_ref idref="fl-3"/>
      </object_component>
      <object_component id="oc-223">
         <name>.debug_frame</name>
         <load_address>0xe8</load_address>
         <run_address>0xe8</run_address>
         <size>0x4d</size>
         <input_file_ref idref="fl-3"/>
      </object_component>
      <object_component id="oc-2a3">
         <name>.debug_frame</name>
         <load_address>0x135</load_address>
         <run_address>0x135</run_address>
         <size>0x4d</size>
         <input_file_ref idref="fl-3"/>
      </object_component>
      <object_component id="oc-240">
         <name>.debug_frame</name>
         <load_address>0x182</load_address>
         <run_address>0x182</run_address>
         <size>0x4e</size>
         <input_file_ref idref="fl-3"/>
      </object_component>
      <object_component id="oc-139">
         <name>.debug_frame</name>
         <load_address>0x1d0</load_address>
         <run_address>0x1d0</run_address>
         <size>0x4a</size>
         <input_file_ref idref="fl-4"/>
      </object_component>
      <object_component id="oc-246">
         <name>.debug_frame</name>
         <load_address>0x21a</load_address>
         <run_address>0x21a</run_address>
         <size>0x4d</size>
         <input_file_ref idref="fl-5"/>
      </object_component>
      <object_component id="oc-2c1">
         <name>.debug_frame</name>
         <load_address>0x267</load_address>
         <run_address>0x267</run_address>
         <size>0x4d</size>
         <input_file_ref idref="fl-5"/>
      </object_component>
      <object_component id="oc-2ab">
         <name>.debug_frame</name>
         <load_address>0x2b4</load_address>
         <run_address>0x2b4</run_address>
         <size>0x4d</size>
         <input_file_ref idref="fl-5"/>
      </object_component>
      <object_component id="oc-250">
         <name>.debug_frame</name>
         <load_address>0x301</load_address>
         <run_address>0x301</run_address>
         <size>0x4d</size>
         <input_file_ref idref="fl-5"/>
      </object_component>
      <object_component id="oc-296">
         <name>.debug_frame</name>
         <load_address>0x34e</load_address>
         <run_address>0x34e</run_address>
         <size>0x4d</size>
         <input_file_ref idref="fl-5"/>
      </object_component>
      <object_component id="oc-1af">
         <name>.debug_frame</name>
         <load_address>0x39b</load_address>
         <run_address>0x39b</run_address>
         <size>0x4d</size>
         <input_file_ref idref="fl-5"/>
      </object_component>
      <object_component id="oc-2cc">
         <name>.debug_frame</name>
         <load_address>0x3e8</load_address>
[...]
         <value>0x5fc</value>
      </symbol>
      <symbol id="sm-295">
         <name>UCB0ICTL_H</name>
         <value>0x5fd</value>
      </symbol>
      <symbol id="sm-296">
         <name>UCB0IV</name>
         <value>0x5fe</value>
      </symbol>
      <symbol id="sm-297">
         <name>UCA1CTLW0</name>
         <value>0x600</value>
      </symbol>
      <symbol id="sm-298">
         <name>UCA1CTLW0_L</name>
         <value>0x600</value>
      </symbol>
      <symbol id="sm-299">
         <name>UCA1CTLW0_H</name>
         <value>0x601</value>
      </symbol>
      <symbol id="sm-29a">
         <name>UCA1BRW</name>
         <value>0x606</value>
      </symbol>
      <symbol id="sm-29b">
         <name>UCA1BRW_L</name>
         <value>0x606</value>
      </symbol>
      <symbol id="sm-29c">
         <name>UCA1BRW_H</name>
         <value>0x607</value>
      </symbol>
      <symbol id="sm-29d">
         <name>UCA1MCTL</name>
         <value>0x608</value>
      </symbol>
      <symbol id="sm-29e">
         <name>UCA1STAT</name>
         <value>0x60a</value>
      </symbol>
      <symbol id="sm-29f">
         <name>UCA1RXBUF</name>
         <value>0x60c</value>
      </symbol>
      <symbol id="sm-2a0">
         <name>UCA1TXBUF</name>
         <value>0x60e</value>
      </symbol>
      <symbol id="sm-2a1">
         <name>UCA1ABCTL</name>
         <value>0x610</value>
      </symbol>
      <symbol id="sm-2a2">
         <name>UCA1IRCTL</name>
         <value>0x612</value>
      </symbol>
      <symbol id="sm-2a3">
         <name>UCA1IRCTL_L</name>
         <value>0x612</value>
      </symbol>
      <symbol id="sm-2a4">
         <name>UCA1IRCTL_H</name>
         <value>0x613</value>
      </symbol>
      <symbol id="sm-2a5">
         <name>UCA1ICTL</name>
         <value>0x61c</value>
      </symbol>
      <symbol id="sm-2a6">
         <name>UCA1ICTL_L</name>
         <value>0x61c</value>
      </symbol>
      <symbol id="sm-2a7">
         <name>UCA1ICTL_H</name>
         <value>0x61d</value>
      </symbol>
      <symbol id="sm-2a8">
         <name>UCA1IV</name>
         <value>0x61e</value>
      </symbol>
      <symbol id="sm-2a9">
         <name>UCB1CTLW0</name>
         <value>0x620</value>
      </symbol>
      <symbol id="sm-2aa">
         <name>UCB1CTLW0_L</name>
         <value>0x620</value>
      </symbol>
      <symbol id="sm-2ab">
         <name>UCB1CTLW0_H</name>
         <value>0x621</value>
      </symbol>
      <symbol id="sm-2ac">
         <name>UCB1BRW</name>
         <value>0x626</value>
      </symbol>
      <symbol id="sm-2ad">
         <name>UCB1BRW_L</name>
         <value>0x626</value>
      </symbol>
      <symbol id="sm-2ae">
         <name>UCB1BRW_H</name>
         <value>0x627</value>
      </symbol>
      <symbol id="sm-2af">
         <name>UCB1STAT</name>
         <value>0x62a</value>
      </symbol>
      <symbol id="sm-2b0">
         <name>UCB1RXBUF</name>
         <value>0x62c</value>
      </symbol>
      <symbol id="sm-2b1">
         <name>UCB1TXBUF</name>
         <value>0x62e</value>
      </symbol>
      <symbol id="sm-2b2">
         <name>UCB1I2COA</name>
         <value>0x630</value>
      </symbol>
      <symbol id="sm-2b3">
         <name>UCB1I2COA_L</name>
         <value>0x630</value>
      </symbol>
      <symbol id="sm-2b4">
         <name>UCB1I2COA_H</name>
         <value>0x631</value>
      </symbol>
      <symbol id="sm-2b5">
         <name>UCB1I2CSA</name>
         <value>0x632</value>
      </symbol>
      <symbol id="sm-2b6">
         <name>UCB1I2CSA_L</name>
         <value>0x632</value>
      </symbol>
      <symbol id="sm-2b7">
         <name>UCB1I2CSA_H</name>
         <value>0x633</value>
      </symbol>
      <symbol id="sm-2b8">
         <name>UCB1ICTL</name>
         <value>0x63c</value>
      </symbol>
      <symbol id="sm-2b9">
         <name>UCB1ICTL_L</name>
         <value>0x63c</value>
      </symbol>
      <symbol id="sm-2ba">
         <name>UCB1ICTL_H</name>
         <value>0x63d</value>
      </symbol>
      <symbol id="sm-2bb">
         <name>UCB1IV</name>
         <value>0x63e</value>
      </symbol>
      <symbol id="sm-2bc">
         <name>WDTCTL</name>
         <value>0x15c</value>
      </symbol>
      <symbol id="sm-2bd">
         <name>WDTCTL_L</name>
         <value>0x15c</value>
      </symbol>
      <symbol id="sm-2be">
         <name>WDTCTL_H</name>
         <value>0x15d</value>
      </symbol>
      <symbol id="sm-2bf">
         <name>__TI_CINIT_Base</name>
         <value>0x8124</value>
      </symbol>
      <symbol id="sm-2c0">
         <name>__TI_CINIT_Limit</name>
         <value>0x8134</value>
      </symbol>
      <symbol id="sm-2c1">
         <name>__TI_Handler_Table_Base</name>
         <value>0x8112</value>
      </symbol>
      <symbol id="sm-2c2">
         <name>__TI_Handler_Table_Limit</name>
         <value>0x811e</value>
      </symbol>
      <symbol id="sm-2c3">
         <name>binit</name>
         <value>0xffffffff</value>
      </symbol>
      <symbol id="sm-2c4">
         <name>__binit__</name>
         <value>0xffffffff</value>
      </symbol>
      <symbol id="sm-2c5">
         <name>__STACK_SIZE</name>
         <value>0xa0</value>
      </symbol>
      <symbol id="sm-2c6">
         <name>__STACK_END</name>
         <value>0x6400</value>
      </symbol>
      <symbol id="sm-2c7">
         <name>__c_args__</name>
         <value>0xffffffff</value>
      </symbol>
      <symbol id="sm-36c">
         <name>dbg_keys_sz</name>
         <value>0x80e2</value>
         <object_component_ref idref="oc-231"/>
      </symbol>
      <symbol id="sm-36d">
         <name>dbg_keys</name>
         <value>0x1c82</value>
         <object_component_ref idref="oc-22e"/>
      </symbol>
      <symbol id="sm-36e">
         <name>debug_scan</name>
         <value>0x1038a</value>
         <object_component_ref idref="oc-1a1"/>
      </symbol>
      <symbol id="sm-3ab">
         <name>hooks</name>
         <value>0x1c80</value>
      </symbol>
      <symbol id="sm-3ac">
         <name>SerialRX128</name>
         <value>0x1c00</value>
      </symbol>
      <symbol id="sm-3ad">
         <name>putch</name>
         <value>0x10ce0</value>
         <object_component_ref idref="oc-21e"/>
      </symbol>
      <symbol id="sm-3ae">
         <name>flash_write32</name>
         <value>0x108c2</value>
         <object_component_ref idref="oc-29e"/>
      </symbol>
      <symbol id="sm-3af">
         <name>set_img_stat_flg</name>
         <value>0x1084a</value>
         <object_component_ref idref="oc-23b"/>
      </symbol>
      <symbol id="sm-3b0">
         <name>flash_erase</name>
         <value>0x109fe</value>
         <object_component_ref idref="oc-297"/>
      </symbol>
      <symbol id="sm-3b1">
         <name>init</name>
         <value>0x10000</value>
         <object_component_ref idref="oc-191"/>
      </symbol>
      <symbol id="sm-3b2">
         <name>SerialRX</name>
         <value>0x1c9e</value>
         <object_component_ref idref="oc-1a7"/>
      </symbol>
      <symbol id="sm-3c2">
         <name>main</name>
         <value>0x107d2</value>
         <object_component_ref idref="oc-134"/>
      </symbol>
      <symbol id="sm-438">
         <name>push</name>
         <value>0x10750</value>
         <object_component_ref idref="oc-1aa"/>
      </symbol>
      <symbol id="sm-439">
         <name>push_mem</name>
         <value>0x1059a</value>
         <object_component_ref idref="oc-28b"/>
      </symbol>
      <symbol id="sm-43a">
         <name>is_equal</name>
         <value>0x1099a</value>
         <object_component_ref idref="oc-281"/>
      </symbol>
      <symbol id="sm-43b">
         <name>flush</name>
         <value>0x10d00</value>
         <object_component_ref idref="oc-241"/>
      </symbol>
      <symbol id="sm-43c">
         <name>room</name>
         <value>0x10d1c</value>
         <object_component_ref idref="oc-2bc"/>
      </symbol>
      <symbol id="sm-43d">
         <name>at_ui16_set</name>
         <value>0x10a9e</value>
         <object_component_ref idref="oc-291"/>
      </symbol>
      <symbol id="sm-43e">
         <name>put_cstr</name>
         <value>0x10b60</value>
         <object_component_ref idref="oc-198"/>
      </symbol>
      <symbol id="sm-43f">
         <name>room_l</name>
         <value>0x10bd2</value>
         <object_component_ref idref="oc-2a6"/>
      </symbol>
      <symbol id="sm-440">
         <name>room_r</name>
         <value>0x10c76</value>
         <object_component_ref idref="oc-24b"/>
      </symbol>
      <symbol id="sm-441">
         <name>get_enum</name>
         <value>0x10a4e</value>
         <object_component_ref idref="oc-234"/>
      </symbol>
      <symbol id="sm-442">
         <name>push_ui</name>
         <value>0x1044e</value>
         <object_component_ref idref="oc-2c7"/>
      </symbol>
      <symbol id="sm-486">
         <name>cBSL_main</name>
         <value>0x1140</value>
         <object_component_ref idref="oc-e4"/>
      </symbol>
      <symbol id="sm-487">
         <name>cBSL_init</name>
         <value>0x1052</value>
         <object_component_ref idref="oc-14a"/>
      </symbol>
      <symbol id="sm-488">
         <name>cBSL_putch</name>
         <value>0x10cc0</value>
         <object_component_ref idref="oc-1bd"/>
      </symbol>
      <symbol id="sm-497">
         <name>cBSL_put_cstr</name>
         <value>0x1104</value>
         <object_component_ref idref="oc-151"/>
      </symbol>
      <symbol id="sm-4a0">
         <name>_stack</name>
         <value>0x6360</value>
         <object_component_ref idref="oc-ea"/>
      </symbol>
      <symbol id="sm-4a1">
         <name>_reset_vector</name>
         <value>0xfffe</value>
         <object_component_ref idref="oc-ed"/>
      </symbol>
      <symbol id="sm-4ac">
         <name>_c_int00_noargs_noexit</name>
         <value>0x8000</value>
         <object_component_ref idref="oc-b4"/>
      </symbol>
      <symbol id="sm-4c2">
         <name>__TI_decompress_none</name>
         <value>0x10d38</value>
         <object_component_ref idref="oc-72"/>
      </symbol>
      <symbol id="sm-4e4">
         <name>__TI_decompress_rle24</name>
         <value>0x10d84</value>
         <object_component_ref idref="oc-78"/>
      </symbol>
      <symbol id="sm-4f7">
         <name>__TI_zero_init</name>
         <value>0x10c9c</value>
         <object_component_ref idref="oc-96"/>
      </symbol>
      <symbol id="sm-501">
         <name>__mspabi_remu</name>
         <value>0x10d4e</value>
         <object_component_ref idref="oc-2c2"/>
      </symbol>
      <symbol id="sm-502">
         <name>__mspabi_divu</name>
         <value>0x10d4e</value>
         <object_component_ref idref="oc-2c2"/>
      </symbol>
      <symbol id="sm-50d">
         <name>C$$EXIT</name>
         <value>0x10d8e</value>
         <object_component_ref idref="oc-13c"/>
      </symbol>
      <symbol id="sm-50e">
         <name>abort</name>
         <value>0x10d8e</value>
         <object_component_ref idref="oc-13c"/>
      </symbol>
      <symbol id="sm-511">
         <name>__TI_int37</name>
         <value>0xffca</value>
         <object_component_ref idref="oc-7e"/>
      </symbol>
      <symbol id="sm-514">
         <name>__TI_int38</name>
         <value>0xffcc</value>
         <object_component_ref idref="oc-7f"/>
      </symbol>
      <symbol id="sm-517">
         <name>__TI_int39</name>
         <value>0xffce</value>
         <object_component_ref idref="oc-80"/>
      </symbol>
      <symbol id="sm-51a">
         <name>__TI_int40</name>
         <value>0xffd0</value>
         <object_component_ref idref="oc-81"/>
      </symbol>
      <symbol id="sm-51d">
         <name>__TI_int42</name>
         <value>0xffd4</value>
         <object_component_ref idref="oc-82"/>
      </symbol>
      <symbol id="sm-520">
         <name>__TI_int44</name>
         <value>0xffd8</value>
         <object_component_ref idref="oc-83"/>
      </symbol>
      <symbol id="sm-523">
         <name>__TI_int45</name>
         <value>0xffda</value>
         <object_component_ref idref="oc-84"/>
      </symbol>
      <symbol id="sm-526">
         <name>__TI_int46</name>
         <value>0xffdc</value>
         <object_component_ref idref="oc-85"/>
      </symbol>
      <symbol id="sm-529">
         <name>__TI_int47</name>
         <value>0xffde</value>
         <object_component_ref idref="oc-86"/>
      </symbol>
      <symbol id="sm-52c">
         <name>__TI_int48</name>
         <value>0xffe0</value>
         <object_component_ref idref="oc-87"/>
      </symbol>
      <symbol id="sm-52f">
         <name>__TI_int49</name>
         <value>0xffe2</value>
         <object_component_ref idref="oc-88"/>
      </symbol>
      <symbol id="sm-532">
         <name>__TI_int50</name>
         <value>0xffe4</value>
         <object_component_ref idref="oc-89"/>
      </symbol>
      <symbol id="sm-535">
         <name>__TI_int51</name>
         <value>0xffe6</value>
         <object_component_ref idref="oc-8a"/>
      </symbol>
      <symbol id="sm-538">
         <name>__TI_int52</name>
         <value>0xffe8</value>
         <object_component_ref idref="oc-8b"/>
      </symbol>
      <symbol id="sm-53b">
         <name>__TI_int53</name>
         <value>0xffea</value>
         <object_component_ref idref="oc-8c"/>
      </symbol>
      <symbol id="sm-53e">
         <name>__TI_int54</name>
         <value>0xffec</value>
         <object_component_ref idref="oc-8d"/>
      </symbol>
      <symbol id="sm-541">
         <name>__TI_int55</name>
         <value>0xffee</value>
         <object_component_ref idref="oc-8e"/>
      </symbol>
      <symbol id="sm-544">
         <name>__TI_int56</name>
         <value>0xfff0</value>
         <object_component_ref idref="oc-8f"/>
      </symbol>
      <symbol id="sm-547">
         <name>__TI_int57</name>
         <value>0xfff2</value>
         <object_component_ref idref="oc-90"/>
      </symbol>
      <symbol id="sm-54a">
         <name>__TI_int58</name>
         <value>0xfff4</value>
         <object_component_ref idref="oc-91"/>
      </symbol>
      <symbol id="sm-54d">
         <name>__TI_int59</name>
         <value>0xfff6</value>
         <object_component_ref idref="oc-92"/>
      </symbol>
      <symbol id="sm-550">
         <name>__TI_int60</name>
         <value>0xfff8</value>
         <object_component_ref idref="oc-93"/>
      </symbol>
      <symbol id="sm-553">
         <name>__TI_int61</name>
         <value>0xfffa</value>
         <object_component_ref idref="oc-94"/>
      </symbol>
      <symbol id="sm-556">
         <name>__TI_int62</name>
         <value>0xfffc</value>
         <object_component_ref idref="oc-95"/>
      </symbol>
      <symbol id="sm-55e">
         <name>__TI_ISR_TRAP</name>
         <value>0x801a</value>
         <object_component_ref idref="oc-108"/>
      </symbol>
      <symbol id="sm-572">
         <name>memcpy</name>
         <value>0x10bfe</value>
         <object_component_ref idref="oc-ee"/>
      </symbol>
      <symbol id="sm-5b1">
         <name>_system_pre_init</name>
         <value>0x10d8a</value>
         <object_component_ref idref="oc-114"/>
      </symbol>
      <symbol id="sm-5cf">
         <name>_auto_init_hold_wdt</name>
         <value>0x1062e</value>
         <object_component_ref idref="oc-11a"/>
      </symbol>
      <symbol id="sm-5d7">
         <name>__mspabi_sral_15</name>
         <value>0x10b22</value>
         <object_component_ref idref="oc-174"/>
      </symbol>
      <symbol id="sm-5d8">
         <name>__mspabi_sral_14</name>
         <value>0x10b26</value>
         <object_component_ref idref="oc-174"/>
      </symbol>
      <symbol id="sm-5d9">
         <name>__mspabi_sral_13</name>
         <value>0x10b2a</value>
         <object_component_ref idref="oc-174"/>
      </symbol>
      <symbol id="sm-5da">
         <name>__mspabi_sral_12</name>
         <value>0x10b2e</value>
         <object_component_ref idref="oc-174"/>
      </symbol>
      <symbol id="sm-5db">
         <name>__mspabi_sral_11</name>
         <value>0x10b32</value>
         <object_component_ref idref="oc-174"/>
      </symbol>
      <symbol id="sm-5dc">
         <name>__mspabi_sral_10</name>
         <value>0x10b36</value>
         <object_component_ref idref="oc-174"/>
      </symbol>
      <symbol id="sm-5dd">
         <name>__mspabi_sral_8</name>
         <value>0x10b3e</value>
         <object_component_ref idref="oc-174"/>
      </symbol>
      <symbol id="sm-5de">
         <name>__mspabi_sral_9</name>
         <value>0x10b3a</value>
         <object_component_ref idref="oc-174"/>
      </symbol>
      <symbol id="sm-5df">
         <name>__mspabi_sral_6</name>
         <value>0x10b46</value>
         <object_component_ref idref="oc-174"/>
      </symbol>
      <symbol id="sm-5e0">
         <name>__mspabi_sral_7</name>
         <value>0x10b42</value>
         <object_component_ref idref="oc-174"/>
      </symbol>
      <symbol id="sm-5e1">
         <name>__mspabi_sral_4</name>
         <value>0x10b4e</value>
         <object_component_ref idref="oc-174"/>
      </symbol>
      <symbol id="sm-5e2">
         <name>__mspabi_sral_5</name>
         <value>0x10b4a</value>
         <object_component_ref idref="oc-174"/>
      </symbol>
      <symbol id="sm-5e3">
         <name>__mspabi_sral_2</name>
         <value>0x10b56</value>
         <object_component_ref idref="oc-174"/>
      </symbol>
      <symbol id="sm-5e4">
         <name>__mspabi_sral_3</name>
         <value>0x10b52</value>
         <object_component_ref idref="oc-174"/>
      </symbol>
      <symbol id="sm-5e5">
         <name>__mspabi_sral_1</name>
         <value>0x10b5a</value>
         <object_component_ref idref="oc-174"/>
      </symbol>
      <symbol id="sm-5f8">
         <name>GPIO_setAsPeripheralModuleFunctionInputPin</name>
         <value>0x10c28</value>
         <object_component_ref idref="oc-1fa"/>
      </symbol>
      <symbol id="sm-61e">
         <name>PMM_setVCore</name>
         <value>0x10ae2</value>
         <object_component_ref idref="oc-1f4"/>
      </symbol>
      <symbol id="sm-61f">
         <name>PMM_setVCoreDown</name>
         <value>0x104f8</value>
         <object_component_ref idref="oc-269"/>
      </symbol>
      <symbol id="sm-620">
         <name>PMM_setVCoreUp</name>
         <value>0x101d4</value>
         <object_component_ref idref="oc-263"/>
      </symbol>
      <symbol id="sm-653">
         <name>UCS_initFLLSettle</name>
         <value>0x10b9c</value>
         <object_component_ref idref="oc-1ee"/>
      </symbol>
      <symbol id="sm-654">
         <name>UCS_clockSignalInit</name>
         <value>0x106c0</value>
         <object_component_ref idref="oc-1e8"/>
      </symbol>
      <symbol id="sm-655">
         <name>UCS_initFLL</name>
         <value>0x100f2</value>
         <object_component_ref idref="oc-25b"/>
      </symbol>
      <symbol id="sm-667">
         <name>USCI_A_UART_clearInterruptFlag</name>
         <value>0x10d78</value>
         <object_component_ref idref="oc-20c"/>
      </symbol>
      <symbol id="sm-668">
         <name>USCI_A_UART_disableInterrupt</name>
         <value>0x10c50</value>
         <object_component_ref idref="oc-206"/>
      </symbol>
      <symbol id="sm-677">
         <name>USCI_UART_init</name>
         <value>0x102b4</value>
         <object_component_ref idref="oc-200"/>
      </symbol>
      <symbol id="sm-680">
         <name>WDT_A_watchdogTimerInit</name>
         <value>0x10d64</value>
         <object_component_ref idref="oc-212"/>
      </symbol>
      <symbol id="sm-689">
         <name>__TI_INITARRAY_Base</name>
         <value>0x0</value>
      </symbol>
      <symbol id="sm-68a">
         <name>__TI_INITARRAY_Limit</name>
         <value>0x0</value>
      </symbol>
   </symbol_table>
   <title>Link successful</title>
</link_info>
