******************************************************************************
                  MSP430 Linker Unix v4.4.3                    
******************************************************************************
>> Linked Thu Mar 19 10:26:03 2015

OUTPUT FILE NAME:   <msp430-OTP.out>
ENTRY POINT SYMBOL: "_c_int00_noargs"  address: 00008000


MEMORY CONFIGURATION

         name            origin    length      used     unused   attr    fill
----------------------  --------  ---------  --------  --------  ----  --------
  SFR                   00000000   00000010  00000000  00000010  RWIX
  PERIPHERALS_8BIT      00000010   000000f0  00000000  000000f0  RWIX
  PERIPHERALS_16BIT     00000100   00000100  00000000  00000100  RWIX
  ZAREA                 00001000   00000010  00000010  00000000  RWIX
  BSL_VER               00001010   00000001  00000000  00000001  RWIX
  ZAREA_CODE            00001011   00000040  0000003c  00000004  RWIX
  BSL                   00001051   0000079f  000005b2  000001ed  RWIX
  BSLSIG                000017f0   0000000c  0000000c  00000000  RWIX
  JTAGLOCK_KEY          000017fc   00000004  00000004  00000000  RWIX
  INFOD                 00001800   00000080  00000000  00000080  RWIX
  INFOC                 00001880   00000080  00000000  00000080  RWIX
  INFOB                 00001900   00000080  00000000  00000080  RWIX
  INFOA                 00001980   00000080  00000000  00000080  RWIX
  RAM                   00001c00   00004800  0000056a  00004296  RWIX
  FLASH                 00008000   00007f80  00000220  00007d60  RWIX
  INT00                 0000ff80   00000002  00000000  00000002  RWIX
  INT01                 0000ff82   00000002  00000000  00000002  RWIX
  INT02                 0000ff84   00000002  00000000  00000002  RWIX
  INT03                 0000ff86   00000002  00000000  00000002  RWIX
  INT04                 0000ff88   00000002  00000000  00000002  RWIX
  INT05                 0000ff8a   00000002  00000000  00000002  RWIX
  INT06                 0000ff8c   00000002  00000000  00000002  RWIX
  INT07                 0000ff8e   00000002  00000000  00000002  RWIX
  INT08                 0000ff90   00000002  00000000  00000002  RWIX
  INT09                 0000ff92   00000002  00000000  00000002  RWIX
  INT10                 0000ff94   00000002  00000000  00000002  RWIX
  INT11                 0000ff96   00000002  00000000  00000002  RWIX
  INT12                 0000ff98   00000002  00000000  00000002  RWIX
  INT13                 0000ff9a   00000002  00000000  00000002  RWIX
  INT14                 0000ff9c   00000002  00000000  00000002  RWIX
  INT15                 0000ff9e   00000002  00000000  00000002  RWIX
  INT16                 0000ffa0   00000002  00000000  00000002  RWIX
  INT17                 0000ffa2   00000002  00000000  00000002  RWIX
  INT18                 0000ffa4   00000002  00000000  00000002  RWIX
  INT19                 0000ffa6   00000002  00000000  00000002  RWIX
  INT20                 0000ffa8   00000002  00000000  00000002  RWIX
  INT21                 0000ffaa   00000002  00000000  00000002  RWIX
  INT22                 0000ffac   00000002  00000000  00000002  RWIX
  INT23                 0000ffae   00000002  00000000  00000002  RWIX
  INT24                 0000ffb0   00000002  00000000  00000002  RWIX
  INT25                 0000ffb2   00000002  00000000  00000002  RWIX
  INT26                 0000ffb4   00000002  00000000  00000002  RWIX
  INT27                 0000ffb6   00000002  00000000  00000002  RWIX
  INT28                 0000ffb8   00000002  00000000  00000002  RWIX
  INT29                 0000ffba   00000002  00000000  00000002  RWIX
  INT30                 0000ffbc   00000002  00000000  00000002  RWIX
  INT31                 0000ffbe   00000002  00000000  00000002  RWIX
  INT32                 0000ffc0   00000002  00000000  00000002  RWIX
  INT33                 0000ffc2   00000002  00000000  00000002  RWIX
  INT34                 0000ffc4   00000002  00000000  00000002  RWIX
  INT35                 0000ffc6   00000002  00000000  00000002  RWIX
  INT36                 0000ffc8   00000002  00000000  00000002  RWIX
  INT37                 0000ffca   00000002  00000002  00000000  RWIX
  INT38                 0000ffcc   00000002  00000002  00000000  RWIX
  INT39                 0000ffce   00000002  00000002  00000000  RWIX
  INT40                 0000ffd0   00000002  00000002  00000000  RWIX
  INT41                 0000ffd2   00000002  00000000  00000002  RWIX
  INT42                 0000ffd4   00000002  00000002  00000000  RWIX
  INT43                 0000ffd6   00000002  00000000  00000002  RWIX
  INT44                 0000ffd8   00000002  00000002  00000000  RWIX
  INT45                 0000ffda   00000002  00000002  00000000  RWIX
  INT46                 0000ffdc   00000002  00000002  00000000  RWIX
  INT47                 0000ffde   00000002  00000002  00000000  RWIX
  INT48                 0000ffe0   00000002  00000002  00000000  RWIX
  INT49                 0000ffe2   00000002  00000002  00000000  RWIX
  INT50                 0000ffe4   00000002  00000002  00000000  RWIX
  INT51                 0000ffe6   00000002  00000002  00000000  RWIX
  INT52                 0000ffe8   00000002  00000002  00000000  RWIX
  INT53                 0000ffea   00000002  00000002  00000000  RWIX
  INT54                 0000ffec   00000002  00000002  00000000  RWIX
  INT55                 0000ffee   00000002  00000002  00000000  RWIX
  INT56                 0000fff0   00000002  00000002  00000000  RWIX
  INT57                 0000fff2   00000002  00000002  00000000  RWIX
  INT58                 0000fff4   00000002  00000002  00000000  RWIX
  INT59                 0000fff6   00000002  00000002  00000000  RWIX
  INT60                 0000fff8   00000002  00000002  00000000  RWIX
  INT61                 0000fffa   00000002  00000002  00000000  RWIX
  INT62                 0000fffc   00000002  00000002  00000000  RWIX
  RESET                 0000fffe   00000002  00000002  00000000  RWIX
  FLASH2                00010000   0000d400  000024bc  0000af44  RWIX
  OTP                   0001d800   0002a800  00000000  0002a800  RWIX


SECTION ALLOCATION MAP

 output                                  attributes/
section   page    origin      length       input sections
--------  ----  ----------  ----------   ----------------
.ZAREA     0    00001000    00000010     
                  00001000    00000010     BSL430_Low_Level_Init.obj (.ZAREA)

.BSL       0    00001052    000005b2     
                  00001052    00000136     cBSL_main.obj (.BSL:cBSL_main)
                  00001188    000000d4     cBSL_hw_layer.obj (.BSL:cBSL_flash_set_array)
                  0000125c    000000b2     cBSL_hw_layer.obj (.BSL:cBSL_init)
                  0000130e    00000060     cBSL_serial.obj (.BSL:cBSL_push_ui)
                  0000136e    00000056     cBSL_hw_layer.obj (.BSL:cBSL_flash_copy_segment)
                  000013c4    00000056     cBSL_serial.obj (.BSL:cBSL_push)
                  0000141a    0000004a     cBSL_hw_layer.obj (.BSL:cBSL_flash_cp_mult_seg)
                  00001464    0000004a     cBSL_serial.obj (.BSL:cBSL_push_mem)
                  000014ae    00000044     cBSL_hw_layer.obj (.BSL:cBSL_flash_equal)
                  000014f2    00000040     cBSL_hw_layer.obj (.BSL:cBSL_flash_erase_check)
                  00001532    0000003e     cBSL_hw_layer.obj (.BSL:cBSL_flash_write32)
                  00001570    00000038     cBSL_hw_layer.obj (.BSL:cBSL_flash_erase)
                  000015a8    00000024     cBSL_serial.obj (.BSL:cBSL_put_cstr)
                  000015cc    00000018     cBSL_hw_layer.obj (.BSL:cBSL_putch)
                  000015e4    00000014     cBSL_serial.obj (.BSL:cBSL_room_r)
                  000015f8    0000000c     cBSL_serial.obj (.BSL:cBSL_room)

.data      0    00001c00    000001b8     UNINITIALIZED
                  00001c00    000000c8     rts430x_lc_ld_eabi.lib : defs.obj (.data:_ftable)
                  00001cc8    00000078                            : lowlev.obj (.data:_device)
                  00001d40    0000003c                            : lowlev.obj (.data:_stream)
                  00001d7c    0000001c     debug.obj (.data:dbg_keys)
                  00001d98    0000000c     hw_layer.obj (.data)
                  00001da4    00000004     rts430x_lc_ld_eabi.lib : boot.obj (.data:__TI_cleanup_ptr)
                  00001da8    00000004                            : boot.obj (.data:__TI_dtors_ptr)
                  00001dac    00000004                            : _lock.obj (.data:_lock)
                  00001db0    00000004                            : _lock.obj (.data:_unlock)
                  00001db4    00000002                            : defs.obj (.data)
                  00001db6    00000002                            : memory.obj (.data)

.bss       0    00001db8    00000152     UNINITIALIZED
                  00001db8    000000a0     (.common:__TI_tmpnams)
                  00001e58    00000080     (.common:SerialRX128)
                  00001ed8    00000018     (.common:pool$1)
                  00001ef0    00000008     (.common:parmbuf)
                  00001ef8    00000004     (.common:curr_vla_pool)
                  00001efc    00000004     (.common:memsize)
                  00001f00    00000004     (.common:sys_base)
                  00001f04    00000004     (.common:sys_free)
                  00001f08    00000002     (.common:hooks)

.cio       0    00001f0a    00000120     UNINITIALIZED
                  00001f0a    00000120     rts430x_lc_ld_eabi.lib : trgmsg.obj (.cio)

.sysmem    0    0000202c    000000a0     UNINITIALIZED
                  0000202c    00000008     rts430x_lc_ld_eabi.lib : memory.obj (.sysmem)
                  00002034    00000098     --HOLE--

.stack     0    00006360    000000a0     UNINITIALIZED
                  00006360    00000004     rts430x_lc_ld_eabi.lib : boot.obj (.stack)
                  00006364    0000009c     --HOLE--

.ZAREA_CODE 
*          0    00001012    0000003c     
                  00001012    0000003c     BSL430_Low_Level_Init.obj (.ZAREA_CODE)

.BSLSIG    0    000017f0    0000000c     
                  000017f0    0000000c     BSL430_Low_Level_Init.obj (.BSLSIG)

.JTAGLOCK_KEY 
*          0    000017fc    00000004     
                  000017fc    00000004     BSL430_Low_Level_Init.obj (.JTAGLOCK_KEY)

.text:_isr 
*          0    00008000    00000022     
                  00008000    0000001c     rts430x_lc_ld_eabi.lib : boot_special.obj (.text:_isr:_c_int00_noargs)
                  0000801c    00000006                            : isr_trap.obj (.text:_isr:__TI_ISR_TRAP)

.const     0    00008022    0000014e     
                  00008022    00000088     debug.obj (.const:.string)
                  000080aa    0000003c     cBSL_main.obj (.const:.string)
                  000080e6    00000036     rts430x_lc_ld_eabi.lib : vla_alloc.obj (.const:.string)
                  0000811c    0000001c     driverlib.lib : gpio.obj (.const:GPIO_PORT_TO_BASE)
                  00008138    00000014     rts430x_lc_ld_eabi.lib : _printfi_min.obj (.const:.string)
                  0000814c    0000000c     main.obj (.const:.string)
                  00008158    0000000c     cBSL_hw_layer.obj (.const)
                  00008164    0000000c     hw_layer.obj (.const)

.cinit     0    00008170    000000b0     
                  00008170    00000080     (.cinit..data.load) [load image, compression = rle]
                  000081f0    0000000c     (__TI_handler_table)
                  000081fc    00000006     (.cinit..bss.load) [load image, compression = zero_init]
                  00008202    00000006     (.cinit..cio.load) [load image, compression = zero_init]
                  00008208    00000018     (__TI_cinit_table)

.init_array 
*          0    00008000    00000000     UNINITIALIZED

.TI.persistent 
*          0    00001c00    00000000     UNINITIALIZED

.TI.noinit 
*          0    00001db8    00000000     UNINITIALIZED

PORT4      0    0000ffca    00000002     
                  0000ffca    00000002     rts430x_lc_ld_eabi.lib : int37.obj (.int37)

PORT3      0    0000ffcc    00000002     
                  0000ffcc    00000002     rts430x_lc_ld_eabi.lib : int38.obj (.int38)

TIMER2_A1 
*          0    0000ffce    00000002     
                  0000ffce    00000002     rts430x_lc_ld_eabi.lib : int39.obj (.int39)

TIMER2_A0 
*          0    0000ffd0    00000002     
                  0000ffd0    00000002     rts430x_lc_ld_eabi.lib : int40.obj (.int40)

RTC        0    0000ffd4    00000002     
                  0000ffd4    00000002     rts430x_lc_ld_eabi.lib : int42.obj (.int42)

PORT2      0    0000ffd8    00000002     
                  0000ffd8    00000002     rts430x_lc_ld_eabi.lib : int44.obj (.int44)

USCI_B1    0    0000ffda    00000002     
                  0000ffda    00000002     rts430x_lc_ld_eabi.lib : int45.obj (.int45)

USCI_A1    0    0000ffdc    00000002     
                  0000ffdc    00000002     rts430x_lc_ld_eabi.lib : int46.obj (.int46)

PORT1      0    0000ffde    00000002     
                  0000ffde    00000002     rts430x_lc_ld_eabi.lib : int47.obj (.int47)

TIMER1_A1 
*          0    0000ffe0    00000002     
                  0000ffe0    00000002     rts430x_lc_ld_eabi.lib : int48.obj (.int48)

TIMER1_A0 
*          0    0000ffe2    00000002     
                  0000ffe2    00000002     rts430x_lc_ld_eabi.lib : int49.obj (.int49)

DMA        0    0000ffe4    00000002     
                  0000ffe4    00000002     rts430x_lc_ld_eabi.lib : int50.obj (.int50)

LDO_PWR    0    0000ffe6    00000002     
                  0000ffe6    00000002     rts430x_lc_ld_eabi.lib : int51.obj (.int51)

TIMER0_A1 
*          0    0000ffe8    00000002     
                  0000ffe8    00000002     rts430x_lc_ld_eabi.lib : int52.obj (.int52)

TIMER0_A0 
*          0    0000ffea    00000002     
                  0000ffea    00000002     rts430x_lc_ld_eabi.lib : int53.obj (.int53)

ADC12      0    0000ffec    00000002     
                  0000ffec    00000002     rts430x_lc_ld_eabi.lib : int54.obj (.int54)

USCI_B0    0    0000ffee    00000002     
                  0000ffee    00000002     rts430x_lc_ld_eabi.lib : int55.obj (.int55)

USCI_A0    0    0000fff0    00000002     
                  0000fff0    00000002     rts430x_lc_ld_eabi.lib : int56.obj (.int56)

WDT        0    0000fff2    00000002     
                  0000fff2    00000002     rts430x_lc_ld_eabi.lib : int57.obj (.int57)

TIMER0_B1 
*          0    0000fff4    00000002     
                  0000fff4    00000002     rts430x_lc_ld_eabi.lib : int58.obj (.int58)

TIMER0_B0 
*          0    0000fff6    00000002     
                  0000fff6    00000002     rts430x_lc_ld_eabi.lib : int59.obj (.int59)

COMP_B     0    0000fff8    00000002     
                  0000fff8    00000002     rts430x_lc_ld_eabi.lib : int60.obj (.int60)

UNMI       0    0000fffa    00000002     
                  0000fffa    00000002     rts430x_lc_ld_eabi.lib : int61.obj (.int61)

SYSNMI     0    0000fffc    00000002     
                  0000fffc    00000002     rts430x_lc_ld_eabi.lib : int62.obj (.int62)

.reset     0    0000fffe    00000002     
                  0000fffe    00000002     rts430x_lc_ld_eabi.lib : boot.obj (.reset)

.text      0    00010000    000024bc     
                  00010000    000001f8     rts430x_lc_ld_eabi.lib : vla_alloc.obj (.text:__vla_alloc)
                  000101f8    000001c6                            : memory.obj (.text:realloc)
                  000103be    0000017c                            : _printfi_min.obj (.text:_setfield)
                  0001053a    0000015a                            : fputs.obj (.text:fputs)
                  00010694    000000fa                            : setvbuf.obj (.text:setvbuf)
                  0001078e    000000f6                            : vla_alloc.obj (.text:__vla_dealloc)
                  00010884    000000f6                            : memory.obj (.text:malloc)
                  0001097a    000000f2     hw_layer.obj (.text:init)
                  00010a6c    000000e4     rts430x_lc_ld_eabi.lib : vla_alloc.obj (.text:_Z21free_dead_allocationsPv)
                  00010b50    000000e2     driverlib.lib : ucs.obj (.text:UCS_initFLL)
                  00010c32    000000e0                   : pmm.obj (.text:PMM_setVCoreUp)
                  00010d12    000000d6                   : usci_uart.obj (.text:USCI_UART_init)
                  00010de8    000000d6     rts430x_lc_ld_eabi.lib : _printfi_min.obj (.text:__TI_printfi_minimal)
                  00010ebe    000000ca     debug.obj (.text:debug_scan)
                  00010f88    000000ca     rts430x_lc_ld_eabi.lib : memory.obj (.text:free)
                  00011052    000000a2     driverlib.lib : pmm.obj (.text:PMM_setVCoreDown)
                  000110f4    0000009e     rts430x_lc_ld_eabi.lib : trgdrv.obj (.text:HOSTlseek)
                  00011192    00000092                            : autoinit_wdt.obj (.text:_auto_init_hold_wdt)
                  00011224    00000090     driverlib.lib : ucs.obj (.text:UCS_clockSignalInit)
                  000112b4    00000090     rts430x_lc_ld_eabi.lib : fputc.obj (.text:fputc)
                  00011344    0000008e     hw_layer.obj (.text:set_img_stat_flg)
                  000113d2    00000086     rts430x_lc_ld_eabi.lib : _io_perm.obj (.text:__TI_wrt_ok)
                  00011458    00000084     serial.obj (.text:put_ui16x)
                  000114dc    00000074     rts430x_lc_ld_eabi.lib : trgdrv.obj (.text:HOSTrename)
                  00011550    00000074                            : fseek.obj (.text:fseek)
                  000115c4    00000074     main.obj (.text:main)
                  00011638    00000070     rts430x_lc_ld_eabi.lib : fclose.obj (.text:__TI_closefile)
                  000116a8    0000006e                            : trgdrv.obj (.text:HOSTopen)
                  00011716    0000006a                            : trgdrv.obj (.text:HOSTwrite)
                  00011780    00000068                            : trgdrv.obj (.text:HOSTread)
                  000117e8    00000068                            : copy_decompress_rle.obj (.text:__TI_decompress_rle_core)
                  00011850    00000068                            : lowlev.obj (.text:close)
                  000118b8    00000062                            : lowlev.obj (.text:getdevice)
                  0001191a    00000060                            : fflush.obj (.text:__TI_doflush)
                  0001197a    00000060                            : memory.obj (.text:minit)
                  000119da    00000060     serial.obj (.text:push_ui)
                  00011a3a    00000058     rts430x_lc_ld_eabi.lib : _printfi_min.obj (.text:_ltostr)
                  00011a92    00000058                            : div32u.obj (.text)
                  00011aea    00000056     serial.obj (.text:push)
                  00011b40    00000052     rts430x_lc_ld_eabi.lib : vla_alloc.obj (.text:_Z31increase_curr_vla_pool_capacityv)
                  00011b92    00000050                            : fprintf.obj (.text:fprintf)
                  00011be2    00000050                            : lowlev.obj (.text:lseek)
                  00011c32    0000004e                            : strncpy.obj (.text:strncpy)
                  00011c80    0000004c                            : trgdrv.obj (.text:HOSTclose)
                  00011ccc    0000004c                            : vla_alloc.obj (.text:_Z18init_curr_vla_poolv)
                  00011d18    0000004c                            : _printfi_min.obj (.text:_pproc_diouxp)
                  00011d64    0000004a     serial.obj (.text:push_mem)
                  00011dae    0000004a     rts430x_lc_ld_eabi.lib : lowlev.obj (.text:write)
                  00011df8    00000048                            : _printfi_min.obj (.text:_pproc_str)
                  00011e40    00000046                            : trgdrv.obj (.text:HOSTunlink)
                  00011e86    00000040     driverlib.lib : pmm.obj (.text:PMM_setVCore)
                  00011ec6    00000040     rts430x_lc_ld_eabi.lib : div32s.obj (.text)
                  00011f06    0000003e                            : _printfi_min.obj (.text:_getarg_diouxp)
                  00011f44    0000003e     hw_layer.obj (.text:flash_write32)
                  00011f82    0000003e     rts430x_lc_ld_eabi.lib : asr32.obj (.text:l_asr_const)
                  00011fc0    0000003e                            : lsl32.obj (.text:l_lsl_const)
                  00011ffe    0000003e                            : lsr32.obj (.text:l_lsr_const)
                  0001203c    00000036     driverlib.lib : ucs.obj (.text:UCS_initFLLSettle)
                  00012072    00000036     rts430x_lc_ld_eabi.lib : fopen.obj (.text:__TI_cleanup)
                  000120a8    00000036                            : trgmsg.obj (.text:__TI_writemsg)
                  000120de    00000036                            : lowlev.obj (.text:finddevice)
                  00012114    00000036     serial.obj (.text:is_equal)
                  0001214a    00000032     rts430x_lc_ld_eabi.lib : trgmsg.obj (.text:__TI_readmsg)
                  0001217c    00000030     serial.obj (.text:get_enum)
                  000121ac    00000030     rts430x_lc_ld_eabi.lib : lowlev.obj (.text:unlink)
                  000121dc    0000002e                            : exit.obj (.text:exit)
                  0001220a    0000002a                            : memcpy.obj (.text:memcpy)
                  00012234    00000028     driverlib.lib : gpio.obj (.text:GPIO_setAsPeripheralModuleFunctionInputPin)
                  0001225c    00000026                   : usci_a_uart.obj (.text:USCI_A_UART_disableInterrupt)
                  00012282    00000024     serial.obj (.text:at_ui16_set)
                  000122a6    00000024     rts430x_lc_ld_eabi.lib : copy_zero_init.obj (.text:decompress:ZI:__TI_zero_init)
                  000122ca    00000024     serial.obj (.text:put_cstr)
                  000122ee    00000022     rts430x_lc_ld_eabi.lib : mult32_f5hw.obj (.text)
                  00012310    00000020                            : memchr.obj (.text:memchr)
                  00012330    00000020                            : memset.obj (.text:memset)
                  00012350    0000001e                            : memccpy.obj (.text:memccpy)
                  0001236e    0000001c                            : strchr.obj (.text:strchr)
                  0001238a    0000001c                            : strcmp.obj (.text:strcmp)
                  000123a6    0000001a                            : _printfi_min.obj (.text:_div)
                  000123c0    00000018     hw_layer.obj (.text:putch)
                  000123d8    00000016     rts430x_lc_ld_eabi.lib : copy_decompress_none.obj (.text:decompress:none:__TI_decompress_none)
                  000123ee    00000016                            : div16u.obj (.text)
                  00012404    00000016                            : mult16_f5hw.obj (.text)
                  0001241a    00000014     driverlib.lib : wdt_a.obj (.text:WDT_A_watchdogTimerInit)
                  0001242e    00000014     serial.obj (.text:room_r)
                  00012442    00000012     rts430x_lc_ld_eabi.lib : strcpy.obj (.text:strcpy)
                  00012454    00000012                            : strlen.obj (.text:strlen)
                  00012466    0000000c     driverlib.lib : usci_a_uart.obj (.text:USCI_A_UART_clearInterruptFlag)
                  00012472    0000000c     serial.obj (.text:flush)
                  0001247e    0000000c     serial.obj (.text:room)
                  0001248a    0000000a     cBSL_serial.obj (.text:cBSL_room_l)
                  00012494    0000000a     serial.obj (.text:room_l)
                  0001249e    00000006     rts430x_lc_ld_eabi.lib : fprintf.obj (.text:_outc)
                  000124a4    00000006                            : copy_decompress_rle.obj (.text:decompress:rle24:__TI_decompress_rle24)
                  000124aa    00000004                            : error.obj (.text:__abort_execution)
                  000124ae    00000004                            : fprintf.obj (.text:_outs)
                  000124b2    00000004                            : pre_init.obj (.text:_system_pre_init)
                  000124b6    00000004                            : exit.obj (.text:abort)
                  000124ba    00000002                            : _lock.obj (.text:_nop)


LINKER GENERATED COPY TABLES

__TI_cinit_table @ 00008208 records: 3, size/record: 8, table size: 24
	.data: load addr=00008170, load size=00000080 bytes, run addr=00001c00, run size=000001b8 bytes, compression=rle
	.bss: load addr=000081fc, load size=00000006 bytes, run addr=00001db8, run size=00000152 bytes, compression=zero_init
	.cio: load addr=00008202, load size=00000006 bytes, run addr=00001f0a, run size=00000120 bytes, compression=zero_init


LINKER GENERATED HANDLER TABLE

__TI_handler_table @ 000081f0 records: 3, size/record: 4, table size: 12
	index: 0, handler: __TI_zero_init
	index: 1, handler: __TI_decompress_rle24
	index: 2, handler: __TI_decompress_none


GLOBAL SYMBOLS: SORTED ALPHABETICALLY BY Name 

address   name                                      
-------   ----                                      
00000700  ADC12CTL0                                 
00000701  ADC12CTL0_H                               
00000700  ADC12CTL0_L                               
00000702  ADC12CTL1                                 
00000703  ADC12CTL1_H                               
00000702  ADC12CTL1_L                               
00000704  ADC12CTL2                                 
00000705  ADC12CTL2_H                               
00000704  ADC12CTL2_L                               
0000070c  ADC12IE                                   
0000070d  ADC12IE_H                                 
0000070c  ADC12IE_L                                 
0000070a  ADC12IFG                                  
0000070b  ADC12IFG_H                                
0000070a  ADC12IFG_L                                
0000070e  ADC12IV                                   
0000070f  ADC12IV_H                                 
0000070e  ADC12IV_L                                 
00000710  ADC12MCTL0                                
00000711  ADC12MCTL1                                
0000071a  ADC12MCTL10                               
0000071b  ADC12MCTL11                               
0000071c  ADC12MCTL12                               
0000071d  ADC12MCTL13                               
0000071e  ADC12MCTL14                               
0000071f  ADC12MCTL15                               
00000712  ADC12MCTL2                                
00000713  ADC12MCTL3                                
00000714  ADC12MCTL4                                
00000715  ADC12MCTL5                                
00000716  ADC12MCTL6                                
00000717  ADC12MCTL7                                
00000718  ADC12MCTL8                                
00000719  ADC12MCTL9                                
00000720  ADC12MEM0                                 
00000721  ADC12MEM0_H                               
00000720  ADC12MEM0_L                               
00000722  ADC12MEM1                                 
00000734  ADC12MEM10                                
00000735  ADC12MEM10_H                              
00000734  ADC12MEM10_L                              
00000736  ADC12MEM11                                
00000737  ADC12MEM11_H                              
00000736  ADC12MEM11_L                              
00000738  ADC12MEM12                                
00000739  ADC12MEM12_H                              
00000738  ADC12MEM12_L                              
0000073a  ADC12MEM13                                
0000073b  ADC12MEM13_H                              
0000073a  ADC12MEM13_L                              
0000073c  ADC12MEM14                                
0000073d  ADC12MEM14_H                              
0000073c  ADC12MEM14_L                              
0000073e  ADC12MEM15                                
0000073f  ADC12MEM15_H                              
0000073e  ADC12MEM15_L                              
00000723  ADC12MEM1_H                               
00000722  ADC12MEM1_L                               
00000724  ADC12MEM2                                 
00000725  ADC12MEM2_H                               
00000724  ADC12MEM2_L                               
00000726  ADC12MEM3                                 
00000727  ADC12MEM3_H                               
00000726  ADC12MEM3_L                               
00000728  ADC12MEM4                                 
00000729  ADC12MEM4_H                               
00000728  ADC12MEM4_L                               
0000072a  ADC12MEM5                                 
0000072b  ADC12MEM5_H                               
0000072a  ADC12MEM5_L                               
0000072c  ADC12MEM6                                 
0000072d  ADC12MEM6_H                               
0000072c  ADC12MEM6_L                               
0000072e  ADC12MEM7                                 
0000072f  ADC12MEM7_H                               
0000072e  ADC12MEM7_L                               
00000730  ADC12MEM8                                 
00000731  ADC12MEM8_H                               
00000730  ADC12MEM8_L                               
00000732  ADC12MEM9                                 
00000733  ADC12MEM9_H                               
00000732  ADC12MEM9_L                               
0000049e  BAKCHCTL                                  
0000049f  BAKCHCTL_H                                
0000049e  BAKCHCTL_L                                
0000049c  BAKCTL                                    
0000049d  BAKCTL_H                                  
0000049c  BAKCTL_L                                  
00000480  BAKMEM0                                   
00000481  BAKMEM0_H                                 
00000480  BAKMEM0_L                                 
00000482  BAKMEM1                                   
00000483  BAKMEM1_H                                 
00000482  BAKMEM1_L                                 
00000484  BAKMEM2                                   
00000485  BAKMEM2_H                                 
00000484  BAKMEM2_L                                 
00000486  BAKMEM3                                   
00000487  BAKMEM3_H                                 
00000486  BAKMEM3_L                                 
000004be  BCD2BIN                                   
000004bc  BIN2BCD                                   
000124b6  C$$EXIT                                   
000120da  C$$IO$$                                   
000008c0  CBCTL0                                    
000008c1  CBCTL0_H                                  
000008c0  CBCTL0_L                                  
000008c2  CBCTL1                                    
000008c3  CBCTL1_H                                  
000008c2  CBCTL1_L                                  
000008c4  CBCTL2                                    
000008c5  CBCTL2_H                                  
000008c4  CBCTL2_L                                  
000008c6  CBCTL3                                    
000008c7  CBCTL3_H                                  
000008c6  CBCTL3_L                                  
000008cc  CBINT                                     
000008cd  CBINT_H                                   
000008cc  CBINT_L                                   
000008ce  CBIV                                      
00000150  CRCDI                                     
00000152  CRCDIRB                                   
00000153  CRCDIRB_H                                 
00000152  CRCDIRB_L                                 
00000151  CRCDI_H                                   
00000150  CRCDI_L                                   
00000154  CRCINIRES                                 
00000155  CRCINIRES_H                               
00000154  CRCINIRES_L                               
00000156  CRCRESR                                   
00000157  CRCRESR_H                                 
00000156  CRCRESR_L                                 
00000510  DMA0CTL                                   
00000511  DMA0CTL_H                                 
00000510  DMA0CTL_L                                 
00000516  DMA0DA                                    
00000518  DMA0DAH                                   
00000516  DMA0DAL                                   
00000512  DMA0SA                                    
00000514  DMA0SAH                                   
00000512  DMA0SAL                                   
0000051a  DMA0SZ                                    
00000520  DMA1CTL                                   
00000521  DMA1CTL_H                                 
00000520  DMA1CTL_L                                 
00000526  DMA1DA                                    
00000528  DMA1DAH                                   
00000526  DMA1DAL                                   
00000522  DMA1SA                                    
00000524  DMA1SAH                                   
00000522  DMA1SAL                                   
0000052a  DMA1SZ                                    
00000530  DMA2CTL                                   
00000531  DMA2CTL_H                                 
00000530  DMA2CTL_L                                 
00000536  DMA2DA                                    
00000538  DMA2DAH                                   
00000536  DMA2DAL                                   
00000532  DMA2SA                                    
00000534  DMA2SAH                                   
00000532  DMA2SAL                                   
0000053a  DMA2SZ                                    
00000540  DMA3CTL                                   
00000541  DMA3CTL_H                                 
00000540  DMA3CTL_L                                 
00000546  DMA3DA                                    
00000548  DMA3DAH                                   
00000546  DMA3DAL                                   
00000542  DMA3SA                                    
00000544  DMA3SAH                                   
00000542  DMA3SAL                                   
0000054a  DMA3SZ                                    
00000550  DMA4CTL                                   
00000551  DMA4CTL_H                                 
00000550  DMA4CTL_L                                 
00000556  DMA4DA                                    
00000558  DMA4DAH                                   
00000556  DMA4DAL                                   
00000552  DMA4SA                                    
00000554  DMA4SAH                                   
00000552  DMA4SAL                                   
0000055a  DMA4SZ                                    
00000560  DMA5CTL                                   
00000561  DMA5CTL_H                                 
00000560  DMA5CTL_L                                 
00000566  DMA5DA                                    
00000568  DMA5DAH                                   
00000566  DMA5DAL                                   
00000562  DMA5SA                                    
00000564  DMA5SAH                                   
00000562  DMA5SAL                                   
0000056a  DMA5SZ                                    
00000500  DMACTL0                                   
00000501  DMACTL0_H                                 
00000500  DMACTL0_L                                 
00000502  DMACTL1                                   
00000503  DMACTL1_H                                 
00000502  DMACTL1_L                                 
00000504  DMACTL2                                   
00000505  DMACTL2_H                                 
00000504  DMACTL2_L                                 
00000506  DMACTL3                                   
00000507  DMACTL3_H                                 
00000506  DMACTL3_L                                 
00000508  DMACTL4                                   
00000509  DMACTL4_H                                 
00000508  DMACTL4_L                                 
0000050e  DMAIV                                     
0000050f  DMAIV_H                                   
0000050e  DMAIV_L                                   
00000140  FCTL1                                     
00000141  FCTL1_H                                   
00000140  FCTL1_L                                   
00000144  FCTL3                                     
00000145  FCTL3_H                                   
00000144  FCTL3_L                                   
00000146  FCTL4                                     
00000147  FCTL4_H                                   
00000146  FCTL4_L                                   
00012234  GPIO_setAsPeripheralModuleFunctionInputPin
00011c80  HOSTclose                                 
000110f4  HOSTlseek                                 
000116a8  HOSTopen                                  
00011780  HOSTread                                  
000114dc  HOSTrename                                
00011e40  HOSTunlink                                
00011716  HOSTwrite                                 
00000900  LDOKEYPID                                 
00000901  LDOKEYPID_H                               
00000900  LDOKEYPID_L                               
00000908  LDOPWRCTL                                 
00000909  LDOPWRCTL_H                               
00000908  LDOPWRCTL_L                               
000004c4  MAC                                       
000004da  MAC32H                                    
000004db  MAC32H_H                                  
000004da  MAC32H_L                                  
000004d8  MAC32L                                    
000004d9  MAC32L_H                                  
000004d8  MAC32L_L                                  
000004c6  MACS                                      
000004de  MACS32H                                   
000004df  MACS32H_H                                 
000004de  MACS32H_L                                 
000004dc  MACS32L                                   
000004dd  MACS32L_H                                 
000004dc  MACS32L_L                                 
000004c7  MACS_H                                    
000004c6  MACS_L                                    
000004c5  MAC_H                                     
000004c4  MAC_L                                     
000004c0  MPY                                       
000004ec  MPY32CTL0                                 
000004ed  MPY32CTL0_H                               
000004ec  MPY32CTL0_L                               
000004d2  MPY32H                                    
000004d3  MPY32H_H                                  
000004d2  MPY32H_L                                  
000004d0  MPY32L                                    
000004d1  MPY32L_H                                  
000004d0  MPY32L_L                                  
000004c2  MPYS                                      
000004d6  MPYS32H                                   
000004d7  MPYS32H_H                                 
000004d6  MPYS32H_L                                 
000004d4  MPYS32L                                   
000004d5  MPYS32L_H                                 
000004d4  MPYS32L_L                                 
000004c3  MPYS_H                                    
000004c2  MPYS_L                                    
000004c1  MPY_H                                     
000004c0  MPY_L                                     
000004c8  OP2                                       
000004e2  OP2H                                      
000004e3  OP2H_H                                    
000004e2  OP2H_L                                    
000004e0  OP2L                                      
000004e1  OP2L_H                                    
000004e0  OP2L_L                                    
000004c9  OP2_H                                     
000004c8  OP2_L                                     
0000020e  P1IV                                      
0000021e  P2IV                                      
000001d0  P2MAP01                                   
000001d1  P2MAP01_H                                 
000001d0  P2MAP01_L                                 
000001d2  P2MAP23                                   
000001d3  P2MAP23_H                                 
000001d2  P2MAP23_L                                 
000001d4  P2MAP45                                   
000001d5  P2MAP45_H                                 
000001d4  P2MAP45_L                                 
000001d6  P2MAP67                                   
000001d7  P2MAP67_H                                 
000001d6  P2MAP67_L                                 
0000022e  P3IV                                      
0000023e  P4IV                                      
00000204  PADIR                                     
00000205  PADIR_H                                   
00000204  PADIR_L                                   
00000208  PADS                                      
00000209  PADS_H                                    
00000208  PADS_L                                    
0000021a  PAIE                                      
00000218  PAIES                                     
00000219  PAIES_H                                   
00000218  PAIES_L                                   
0000021b  PAIE_H                                    
0000021a  PAIE_L                                    
0000021c  PAIFG                                     
0000021d  PAIFG_H                                   
0000021c  PAIFG_L                                   
00000200  PAIN                                      
00000201  PAIN_H                                    
00000200  PAIN_L                                    
00000202  PAOUT                                     
00000203  PAOUT_H                                   
00000202  PAOUT_L                                   
00000206  PAREN                                     
00000207  PAREN_H                                   
00000206  PAREN_L                                   
0000020a  PASEL                                     
0000020b  PASEL_H                                   
0000020a  PASEL_L                                   
00000224  PBDIR                                     
00000225  PBDIR_H                                   
00000224  PBDIR_L                                   
00000228  PBDS                                      
00000229  PBDS_H                                    
00000228  PBDS_L                                    
0000023a  PBIE                                      
00000238  PBIES                                     
00000239  PBIES_H                                   
00000238  PBIES_L                                   
0000023b  PBIE_H                                    
0000023a  PBIE_L                                    
0000023c  PBIFG                                     
0000023d  PBIFG_H                                   
0000023c  PBIFG_L                                   
00000220  PBIN                                      
00000221  PBIN_H                                    
00000220  PBIN_L                                    
00000222  PBOUT                                     
00000223  PBOUT_H                                   
00000222  PBOUT_L                                   
00000226  PBREN                                     
00000227  PBREN_H                                   
00000226  PBREN_L                                   
0000022a  PBSEL                                     
0000022b  PBSEL_H                                   
0000022a  PBSEL_L                                   
00000244  PCDIR                                     
00000245  PCDIR_H                                   
00000244  PCDIR_L                                   
00000248  PCDS                                      
00000249  PCDS_H                                    
00000248  PCDS_L                                    
00000240  PCIN                                      
00000241  PCIN_H                                    
00000240  PCIN_L                                    
00000242  PCOUT                                     
00000243  PCOUT_H                                   
00000242  PCOUT_L                                   
00000246  PCREN                                     
00000247  PCREN_H                                   
00000246  PCREN_L                                   
0000024a  PCSEL                                     
0000024b  PCSEL_H                                   
0000024a  PCSEL_L                                   
00000264  PDDIR                                     
00000265  PDDIR_H                                   
00000264  PDDIR_L                                   
00000268  PDDS                                      
00000269  PDDS_H                                    
00000268  PDDS_L                                    
00000260  PDIN                                      
00000261  PDIN_H                                    
00000260  PDIN_L                                    
00000262  PDOUT                                     
00000263  PDOUT_H                                   
00000262  PDOUT_L                                   
00000266  PDREN                                     
00000267  PDREN_H                                   
00000266  PDREN_L                                   
0000026a  PDSEL                                     
0000026b  PDSEL_H                                   
0000026a  PDSEL_L                                   
00000284  PEDIR                                     
00000285  PEDIR_H                                   
00000284  PEDIR_L                                   
00000288  PEDS                                      
00000289  PEDS_H                                    
00000288  PEDS_L                                    
00000280  PEIN                                      
00000281  PEIN_H                                    
00000280  PEIN_L                                    
00000282  PEOUT                                     
00000283  PEOUT_H                                   
00000282  PEOUT_L                                   
00000286  PEREN                                     
00000287  PEREN_H                                   
00000286  PEREN_L                                   
0000028a  PESEL                                     
0000028b  PESEL_H                                   
0000028a  PESEL_L                                   
00000324  PJDIR                                     
00000325  PJDIR_H                                   
00000324  PJDIR_L                                   
00000328  PJDS                                      
00000329  PJDS_H                                    
00000328  PJDS_L                                    
00000320  PJIN                                      
00000321  PJIN_H                                    
00000320  PJIN_L                                    
00000322  PJOUT                                     
00000323  PJOUT_H                                   
00000322  PJOUT_L                                   
00000326  PJREN                                     
00000327  PJREN_H                                   
00000326  PJREN_L                                   
00000130  PM5CTL0                                   
00000131  PM5CTL0_H                                 
00000130  PM5CTL0_L                                 
000001c2  PMAPCTL                                   
000001c3  PMAPCTL_H                                 
000001c2  PMAPCTL_L                                 
000001c0  PMAPKEYID                                 
000001c1  PMAPKEYID_H                               
000001c0  PMAPKEYID_L                               
00000120  PMMCTL0                                   
00000121  PMMCTL0_H                                 
00000120  PMMCTL0_L                                 
00000122  PMMCTL1                                   
00000123  PMMCTL1_H                                 
00000122  PMMCTL1_L                                 
0000012c  PMMIFG                                    
0000012d  PMMIFG_H                                  
0000012c  PMMIFG_L                                  
0000012e  PMMRIE                                    
0000012f  PMMRIE_H                                  
0000012e  PMMRIE_L                                  
00011e86  PMM_setVCore                              
00011052  PMM_setVCoreDown                          
00010c32  PMM_setVCoreUp                            
00000904  PUCTL                                     
00000905  PUCTL_H                                   
00000904  PUCTL_L                                   
00000158  RCCTL0                                    
00000159  RCCTL0_H                                  
00000158  RCCTL0_L                                  
000001b0  REFCTL0                                   
000001b1  REFCTL0_H                                 
000001b0  REFCTL0_L                                 
000004e4  RES0                                      
000004e5  RES0_H                                    
000004e4  RES0_L                                    
000004e6  RES1                                      
000004e7  RES1_H                                    
000004e6  RES1_L                                    
000004e8  RES2                                      
000004e9  RES2_H                                    
000004e8  RES2_L                                    
000004ea  RES3                                      
000004eb  RES3_H                                    
000004ea  RES3_L                                    
000004cc  RESHI                                     
000004cd  RESHI_H                                   
000004cc  RESHI_L                                   
000004ca  RESLO                                     
000004cb  RESLO_H                                   
000004ca  RESLO_L                                   
000004ba  RTCADOWDAY                                
000004bb  RTCADOWDAY_H                              
000004ba  RTCADOWDAY_L                              
000004b8  RTCAMINHR                                 
000004b9  RTCAMINHR_H                               
000004b8  RTCAMINHR_L                               
000004a0  RTCCTL01                                  
000004a1  RTCCTL01_H                                
000004a0  RTCCTL01_L                                
000004a2  RTCCTL23                                  
000004a3  RTCCTL23_H                                
000004a2  RTCCTL23_L                                
000004b4  RTCDATE                                   
000004b5  RTCDATE_H                                 
000004b4  RTCDATE_L                                 
000004ae  RTCIV                                     
000004ac  RTCPS                                     
000004a8  RTCPS0CTL                                 
000004a9  RTCPS0CTL_H                               
000004a8  RTCPS0CTL_L                               
000004aa  RTCPS1CTL                                 
000004ab  RTCPS1CTL_H                               
000004aa  RTCPS1CTL_L                               
000004ad  RTCPS_H                                   
000004ac  RTCPS_L                                   
000004b0  RTCTIM0                                   
000004b1  RTCTIM0_H                                 
000004b0  RTCTIM0_L                                 
000004b2  RTCTIM1                                   
000004b3  RTCTIM1_H                                 
000004b2  RTCTIM1_L                                 
000004b6  RTCYEAR                                   
000004b7  RTCYEAR_H                                 
000004b6  RTCYEAR_L                                 
00000100  SFRIE1                                    
00000101  SFRIE1_H                                  
00000100  SFRIE1_L                                  
00000102  SFRIFG1                                   
00000103  SFRIFG1_H                                 
00000102  SFRIFG1_L                                 
00000104  SFRRPCR                                   
00000105  SFRRPCR_H                                 
00000104  SFRRPCR_L                                 
000004ce  SUMEXT                                    
000004cf  SUMEXT_H                                  
000004ce  SUMEXT_L                                  
00000124  SVSMHCTL                                  
00000125  SVSMHCTL_H                                
00000124  SVSMHCTL_L                                
00000128  SVSMIO                                    
00000129  SVSMIO_H                                  
00000128  SVSMIO_L                                  
00000126  SVSMLCTL                                  
00000127  SVSMLCTL_H                                
00000126  SVSMLCTL_L                                
00000198  SYSBERRIV                                 
00000199  SYSBERRIV_H                               
00000198  SYSBERRIV_L                               
00000182  SYSBSLC                                   
00000183  SYSBSLC_H                                 
00000182  SYSBSLC_L                                 
00000180  SYSCTL                                    
00000181  SYSCTL_H                                  
00000180  SYSCTL_L                                  
00000186  SYSJMBC                                   
00000187  SYSJMBC_H                                 
00000186  SYSJMBC_L                                 
00000188  SYSJMBI0                                  
00000189  SYSJMBI0_H                                
00000188  SYSJMBI0_L                                
0000018a  SYSJMBI1                                  
0000018b  SYSJMBI1_H                                
0000018a  SYSJMBI1_L                                
0000018c  SYSJMBO0                                  
0000018d  SYSJMBO0_H                                
0000018c  SYSJMBO0_L                                
0000018e  SYSJMBO1                                  
0000018f  SYSJMBO1_H                                
0000018e  SYSJMBO1_L                                
0000019e  SYSRSTIV                                  
0000019f  SYSRSTIV_H                                
0000019e  SYSRSTIV_L                                
0000019c  SYSSNIV                                   
0000019d  SYSSNIV_H                                 
0000019c  SYSSNIV_L                                 
0000019a  SYSUNIV                                   
0000019b  SYSUNIV_H                                 
0000019a  SYSUNIV_L                                 
00001d98  SerialRX                                  
00001e58  SerialRX128                               
00000352  TA0CCR0                                   
00000354  TA0CCR1                                   
00000356  TA0CCR2                                   
00000358  TA0CCR3                                   
0000035a  TA0CCR4                                   
00000342  TA0CCTL0                                  
00000344  TA0CCTL1                                  
00000346  TA0CCTL2                                  
00000348  TA0CCTL3                                  
0000034a  TA0CCTL4                                  
00000340  TA0CTL                                    
00000360  TA0EX0                                    
0000036e  TA0IV                                     
00000350  TA0R                                      
00000392  TA1CCR0                                   
00000394  TA1CCR1                                   
00000396  TA1CCR2                                   
00000382  TA1CCTL0                                  
00000384  TA1CCTL1                                  
00000386  TA1CCTL2                                  
00000380  TA1CTL                                    
000003a0  TA1EX0                                    
000003ae  TA1IV                                     
00000390  TA1R                                      
00000412  TA2CCR0                                   
00000414  TA2CCR1                                   
00000416  TA2CCR2                                   
00000402  TA2CCTL0                                  
00000404  TA2CCTL1                                  
00000406  TA2CCTL2                                  
00000400  TA2CTL                                    
00000420  TA2EX0                                    
0000042e  TA2IV                                     
00000410  TA2R                                      
000003d2  TB0CCR0                                   
000003d4  TB0CCR1                                   
000003d6  TB0CCR2                                   
000003d8  TB0CCR3                                   
000003da  TB0CCR4                                   
000003dc  TB0CCR5                                   
000003de  TB0CCR6                                   
000003c2  TB0CCTL0                                  
000003c4  TB0CCTL1                                  
000003c6  TB0CCTL2                                  
000003c8  TB0CCTL3                                  
000003ca  TB0CCTL4                                  
000003cc  TB0CCTL5                                  
000003ce  TB0CCTL6                                  
000003c0  TB0CTL                                    
000003e0  TB0EX0                                    
000003ee  TB0IV                                     
000003d0  TB0R                                      
000005d0  UCA0ABCTL                                 
000005c6  UCA0BRW                                   
000005c7  UCA0BRW_H                                 
000005c6  UCA0BRW_L                                 
000005c0  UCA0CTLW0                                 
000005c1  UCA0CTLW0_H                               
000005c0  UCA0CTLW0_L                               
000005dc  UCA0ICTL                                  
000005dd  UCA0ICTL_H                                
000005dc  UCA0ICTL_L                                
000005d2  UCA0IRCTL                                 
000005d3  UCA0IRCTL_H                               
000005d2  UCA0IRCTL_L                               
000005de  UCA0IV                                    
000005c8  UCA0MCTL                                  
000005cc  UCA0RXBUF                                 
000005ca  UCA0STAT                                  
000005ce  UCA0TXBUF                                 
00000610  UCA1ABCTL                                 
00000606  UCA1BRW                                   
00000607  UCA1BRW_H                                 
00000606  UCA1BRW_L                                 
00000600  UCA1CTLW0                                 
00000601  UCA1CTLW0_H                               
00000600  UCA1CTLW0_L                               
0000061c  UCA1ICTL                                  
0000061d  UCA1ICTL_H                                
0000061c  UCA1ICTL_L                                
00000612  UCA1IRCTL                                 
00000613  UCA1IRCTL_H                               
00000612  UCA1IRCTL_L                               
0000061e  UCA1IV                                    
00000608  UCA1MCTL                                  
0000060c  UCA1RXBUF                                 
0000060a  UCA1STAT                                  
0000060e  UCA1TXBUF                                 
000005e6  UCB0BRW                                   
000005e7  UCB0BRW_H                                 
000005e6  UCB0BRW_L                                 
000005e0  UCB0CTLW0                                 
000005e1  UCB0CTLW0_H                               
000005e0  UCB0CTLW0_L                               
000005f0  UCB0I2COA                                 
000005f1  UCB0I2COA_H                               
000005f0  UCB0I2COA_L                               
000005f2  UCB0I2CSA                                 
000005f3  UCB0I2CSA_H                               
000005f2  UCB0I2CSA_L                               
000005fc  UCB0ICTL                                  
000005fd  UCB0ICTL_H                                
000005fc  UCB0ICTL_L                                
000005fe  UCB0IV                                    
000005ec  UCB0RXBUF                                 
000005ea  UCB0STAT                                  
000005ee  UCB0TXBUF                                 
00000626  UCB1BRW                                   
00000627  UCB1BRW_H                                 
00000626  UCB1BRW_L                                 
00000620  UCB1CTLW0                                 
00000621  UCB1CTLW0_H                               
00000620  UCB1CTLW0_L                               
00000630  UCB1I2COA                                 
00000631  UCB1I2COA_H                               
00000630  UCB1I2COA_L                               
00000632  UCB1I2CSA                                 
00000633  UCB1I2CSA_H                               
00000632  UCB1I2CSA_L                               
0000063c  UCB1ICTL                                  
0000063d  UCB1ICTL_H                                
0000063c  UCB1ICTL_L                                
0000063e  UCB1IV                                    
0000062c  UCB1RXBUF                                 
0000062a  UCB1STAT                                  
0000062e  UCB1TXBUF                                 
00000160  UCSCTL0                                   
00000161  UCSCTL0_H                                 
00000160  UCSCTL0_L                                 
00000162  UCSCTL1                                   
00000163  UCSCTL1_H                                 
00000162  UCSCTL1_L                                 
00000164  UCSCTL2                                   
00000165  UCSCTL2_H                                 
00000164  UCSCTL2_L                                 
00000166  UCSCTL3                                   
00000167  UCSCTL3_H                                 
00000166  UCSCTL3_L                                 
00000168  UCSCTL4                                   
00000169  UCSCTL4_H                                 
00000168  UCSCTL4_L                                 
0000016a  UCSCTL5                                   
0000016b  UCSCTL5_H                                 
0000016a  UCSCTL5_L                                 
0000016c  UCSCTL6                                   
0000016d  UCSCTL6_H                                 
0000016c  UCSCTL6_L                                 
0000016e  UCSCTL7                                   
0000016f  UCSCTL7_H                                 
0000016e  UCSCTL7_L                                 
00000170  UCSCTL8                                   
00000171  UCSCTL8_H                                 
00000170  UCSCTL8_L                                 
00011224  UCS_clockSignalInit                       
00010b50  UCS_initFLL                               
0001203c  UCS_initFLLSettle                         
00012466  USCI_A_UART_clearInterruptFlag            
0001225c  USCI_A_UART_disableInterrupt              
00010d12  USCI_UART_init                            
0000015c  WDTCTL                                    
0000015d  WDTCTL_H                                  
0000015c  WDTCTL_L                                  
0001241a  WDT_A_watchdogTimerInit                   
00001f0a  _CIOBUF_                                  
00006400  __STACK_END                               
000000a0  __STACK_SIZE                              
000000a0  __SYSMEM_SIZE                             
00008208  __TI_CINIT_Base                           
00008220  __TI_CINIT_Limit                          
000081f0  __TI_Handler_Table_Base                   
000081fc  __TI_Handler_Table_Limit                  
UNDEFED   __TI_INITARRAY_Base                       
UNDEFED   __TI_INITARRAY_Limit                      
0000801c  __TI_ISR_TRAP                             
00012072  __TI_cleanup                              
00001da4  __TI_cleanup_ptr                          
00011638  __TI_closefile                            
000123d8  __TI_decompress_none                      
000124a4  __TI_decompress_rle24                     
0001191a  __TI_doflush                              
00001da8  __TI_dtors_ptr                            
00001db4  __TI_ft_end                               
0000ffca  __TI_int37                                
0000ffcc  __TI_int38                                
0000ffce  __TI_int39                                
0000ffd0  __TI_int40                                
0000ffd4  __TI_int42                                
0000ffd8  __TI_int44                                
0000ffda  __TI_int45                                
0000ffdc  __TI_int46                                
0000ffde  __TI_int47                                
0000ffe0  __TI_int48                                
0000ffe2  __TI_int49                                
0000ffe4  __TI_int50                                
0000ffe6  __TI_int51                                
0000ffe8  __TI_int52                                
0000ffea  __TI_int53                                
0000ffec  __TI_int54                                
0000ffee  __TI_int55                                
0000fff0  __TI_int56                                
0000fff2  __TI_int57                                
0000fff4  __TI_int58                                
0000fff6  __TI_int59                                
0000fff8  __TI_int60                                
0000fffa  __TI_int61                                
0000fffc  __TI_int62                                
00010de8  __TI_printfi_minimal                      
0001214a  __TI_readmsg                              
00001db8  __TI_tmpnams                              
000120a8  __TI_writemsg                             
000113d2  __TI_wrt_ok                               
000122a6  __TI_zero_init                            
000124aa  __abort_execution                         
ffffffff  __binit__                                 
ffffffff  __c_args__                                
00011ec6  __mspabi_divli                            
000123ee  __mspabi_divu                             
00011a92  __mspabi_divul                            
00012404  __mspabi_mpyi_f5hw                        
000122ee  __mspabi_mpyl_f5hw                        
00011ec6  __mspabi_remli                            
000123ee  __mspabi_remu                             
00011a92  __mspabi_remul                            
00011ff8  __mspabi_slll_1                           
00011fd4  __mspabi_slll_10                          
00011fd0  __mspabi_slll_11                          
00011fcc  __mspabi_slll_12                          
00011fc8  __mspabi_slll_13                          
00011fc4  __mspabi_slll_14                          
00011fc0  __mspabi_slll_15                          
00011ff4  __mspabi_slll_2                           
00011ff0  __mspabi_slll_3                           
00011fec  __mspabi_slll_4                           
00011fe8  __mspabi_slll_5                           
00011fe4  __mspabi_slll_6                           
00011fe0  __mspabi_slll_7                           
00011fdc  __mspabi_slll_8                           
00011fd8  __mspabi_slll_9                           
00011fba  __mspabi_sral_1                           
00011f96  __mspabi_sral_10                          
00011f92  __mspabi_sral_11                          
00011f8e  __mspabi_sral_12                          
00011f8a  __mspabi_sral_13                          
00011f86  __mspabi_sral_14                          
00011f82  __mspabi_sral_15                          
00011fb6  __mspabi_sral_2                           
00011fb2  __mspabi_sral_3                           
00011fae  __mspabi_sral_4                           
00011faa  __mspabi_sral_5                           
00011fa6  __mspabi_sral_6                           
00011fa2  __mspabi_sral_7                           
00011f9e  __mspabi_sral_8                           
00011f9a  __mspabi_sral_9                           
00012036  __mspabi_srll_1                           
00012012  __mspabi_srll_10                          
0001200e  __mspabi_srll_11                          
0001200a  __mspabi_srll_12                          
00012006  __mspabi_srll_13                          
00012002  __mspabi_srll_14                          
00011ffe  __mspabi_srll_15                          
00012032  __mspabi_srll_2                           
0001202e  __mspabi_srll_3                           
0001202a  __mspabi_srll_4                           
00012026  __mspabi_srll_5                           
00012022  __mspabi_srll_6                           
0001201e  __mspabi_srll_7                           
0001201a  __mspabi_srll_8                           
00012016  __mspabi_srll_9                           
00010000  __vla_alloc                               
0001078e  __vla_dealloc                             
00011192  _auto_init_hold_wdt                       
00008000  _c_int00_noargs                           
00001c00  _ftable                                   
00001dac  _lock                                     
000124ba  _nop                                      
0000fffe  _reset_vector                             
00006360  _stack                                    
0000202c  _sys_memory                               
000124b2  _system_pre_init                          
00001db0  _unlock                                   
000124b6  abort                                     
00012282  at_ui16_set                               
ffffffff  binit                                     
0000136e  cBSL_flash_copy_segment                   
0000141a  cBSL_flash_cp_mult_seg                    
000014ae  cBSL_flash_equal                          
00001570  cBSL_flash_erase                          
000014f2  cBSL_flash_erase_check                    
00001188  cBSL_flash_set_array                      
00001532  cBSL_flash_write32                        
0000125c  cBSL_init                                 
00001052  cBSL_main                                 
000013c4  cBSL_push                                 
00001464  cBSL_push_mem                             
0000130e  cBSL_push_ui                              
000015a8  cBSL_put_cstr                             
000015cc  cBSL_putch                                
000015f8  cBSL_room                                 
0001248a  cBSL_room_l                               
000015e4  cBSL_room_r                               
00011850  close                                     
00001d7c  dbg_keys                                  
00010ebe  debug_scan                                
000121dc  exit                                      
00011f44  flash_write32                             
00012472  flush                                     
00011b92  fprintf                                   
000112b4  fputc                                     
0001053a  fputs                                     
00010f88  free                                      
00011550  fseek                                     
0001217c  get_enum                                  
00001f08  hooks                                     
0001097a  init                                      
00012114  is_equal                                  
00011be2  lseek                                     
000115c4  main                                      
00010884  malloc                                    
00012350  memccpy                                   
00012310  memchr                                    
0001220a  memcpy                                    
00012330  memset                                    
0001197a  minit                                     
00011aea  push                                      
00011d64  push_mem                                  
000119da  push_ui                                   
000122ca  put_cstr                                  
00011458  put_ui16x                                 
000112b4  putc                                      
000123c0  putch                                     
000101f8  realloc                                   
000121ac  remove                                    
0001247e  room                                      
00012494  room_l                                    
0001242e  room_r                                    
00011344  set_img_stat_flg                          
00010694  setvbuf                                   
0001236e  strchr                                    
0001238a  strcmp                                    
00012442  strcpy                                    
00012454  strlen                                    
00011c32  strncpy                                   
000121ac  unlink                                    
00011dae  write                                     


GLOBAL SYMBOLS: SORTED BY Symbol Address 

address   name                                      
-------   ----                                      
000000a0  __STACK_SIZE                              
000000a0  __SYSMEM_SIZE                             
00000100  SFRIE1                                    
00000100  SFRIE1_L                                  
00000101  SFRIE1_H                                  
00000102  SFRIFG1                                   
00000102  SFRIFG1_L                                 
00000103  SFRIFG1_H                                 
00000104  SFRRPCR                                   
00000104  SFRRPCR_L                                 
00000105  SFRRPCR_H                                 
00000120  PMMCTL0                                   
00000120  PMMCTL0_L                                 
00000121  PMMCTL0_H                                 
00000122  PMMCTL1                                   
00000122  PMMCTL1_L                                 
00000123  PMMCTL1_H                                 
00000124  SVSMHCTL                                  
00000124  SVSMHCTL_L                                
00000125  SVSMHCTL_H                                
00000126  SVSMLCTL                                  
00000126  SVSMLCTL_L                                
00000127  SVSMLCTL_H                                
00000128  SVSMIO                                    
00000128  SVSMIO_L                                  
00000129  SVSMIO_H                                  
0000012c  PMMIFG                                    
0000012c  PMMIFG_L                                  
0000012d  PMMIFG_H                                  
0000012e  PMMRIE                                    
0000012e  PMMRIE_L                                  
0000012f  PMMRIE_H                                  
00000130  PM5CTL0                                   
00000130  PM5CTL0_L                                 
00000131  PM5CTL0_H                                 
00000140  FCTL1                                     
00000140  FCTL1_L                                   
00000141  FCTL1_H                                   
00000144  FCTL3                                     
00000144  FCTL3_L                                   
00000145  FCTL3_H                                   
00000146  FCTL4                                     
00000146  FCTL4_L                                   
00000147  FCTL4_H                                   
00000150  CRCDI                                     
00000150  CRCDI_L                                   
00000151  CRCDI_H                                   
00000152  CRCDIRB                                   
00000152  CRCDIRB_L                                 
00000153  CRCDIRB_H                                 
00000154  CRCINIRES                                 
00000154  CRCINIRES_L                               
00000155  CRCINIRES_H                               
00000156  CRCRESR                                   
00000156  CRCRESR_L                                 
00000157  CRCRESR_H                                 
00000158  RCCTL0                                    
00000158  RCCTL0_L                                  
00000159  RCCTL0_H                                  
0000015c  WDTCTL                                    
0000015c  WDTCTL_L                                  
0000015d  WDTCTL_H                                  
00000160  UCSCTL0                                   
00000160  UCSCTL0_L                                 
00000161  UCSCTL0_H                                 
00000162  UCSCTL1                                   
00000162  UCSCTL1_L                                 
00000163  UCSCTL1_H                                 
00000164  UCSCTL2                                   
00000164  UCSCTL2_L                                 
00000165  UCSCTL2_H                                 
00000166  UCSCTL3                                   
00000166  UCSCTL3_L                                 
00000167  UCSCTL3_H                                 
00000168  UCSCTL4                                   
00000168  UCSCTL4_L                                 
00000169  UCSCTL4_H                                 
0000016a  UCSCTL5                                   
0000016a  UCSCTL5_L                                 
0000016b  UCSCTL5_H                                 
0000016c  UCSCTL6                                   
0000016c  UCSCTL6_L                                 
0000016d  UCSCTL6_H                                 
0000016e  UCSCTL7                                   
0000016e  UCSCTL7_L                                 
0000016f  UCSCTL7_H                                 
00000170  UCSCTL8                                   
00000170  UCSCTL8_L                                 
00000171  UCSCTL8_H                                 
00000180  SYSCTL                                    
00000180  SYSCTL_L                                  
00000181  SYSCTL_H                                  
00000182  SYSBSLC                                   
00000182  SYSBSLC_L                                 
00000183  SYSBSLC_H                                 
00000186  SYSJMBC                                   
00000186  SYSJMBC_L                                 
00000187  SYSJMBC_H                                 
00000188  SYSJMBI0                                  
00000188  SYSJMBI0_L                                
00000189  SYSJMBI0_H                                
0000018a  SYSJMBI1                                  
0000018a  SYSJMBI1_L                                
0000018b  SYSJMBI1_H                                
0000018c  SYSJMBO0                                  
0000018c  SYSJMBO0_L                                
0000018d  SYSJMBO0_H                                
0000018e  SYSJMBO1                                  
0000018e  SYSJMBO1_L                                
0000018f  SYSJMBO1_H                                
00000198  SYSBERRIV                                 
00000198  SYSBERRIV_L                               
00000199  SYSBERRIV_H                               
0000019a  SYSUNIV                                   
0000019a  SYSUNIV_L                                 
0000019b  SYSUNIV_H                                 
0000019c  SYSSNIV                                   
[...]
000005c7  UCA0BRW_H                                 
000005c8  UCA0MCTL                                  
000005ca  UCA0STAT                                  
000005cc  UCA0RXBUF                                 
000005ce  UCA0TXBUF                                 
000005d0  UCA0ABCTL                                 
000005d2  UCA0IRCTL                                 
000005d2  UCA0IRCTL_L                               
000005d3  UCA0IRCTL_H                               
000005dc  UCA0ICTL                                  
000005dc  UCA0ICTL_L                                
000005dd  UCA0ICTL_H                                
000005de  UCA0IV                                    
000005e0  UCB0CTLW0                                 
000005e0  UCB0CTLW0_L                               
000005e1  UCB0CTLW0_H                               
000005e6  UCB0BRW                                   
000005e6  UCB0BRW_L                                 
000005e7  UCB0BRW_H                                 
000005ea  UCB0STAT                                  
000005ec  UCB0RXBUF                                 
000005ee  UCB0TXBUF                                 
000005f0  UCB0I2COA                                 
000005f0  UCB0I2COA_L                               
000005f1  UCB0I2COA_H                               
000005f2  UCB0I2CSA                                 
000005f2  UCB0I2CSA_L                               
000005f3  UCB0I2CSA_H                               
000005fc  UCB0ICTL                                  
000005fc  UCB0ICTL_L                                
000005fd  UCB0ICTL_H                                
000005fe  UCB0IV                                    
00000600  UCA1CTLW0                                 
00000600  UCA1CTLW0_L                               
00000601  UCA1CTLW0_H                               
00000606  UCA1BRW                                   
00000606  UCA1BRW_L                                 
00000607  UCA1BRW_H                                 
00000608  UCA1MCTL                                  
0000060a  UCA1STAT                                  
0000060c  UCA1RXBUF                                 
0000060e  UCA1TXBUF                                 
00000610  UCA1ABCTL                                 
00000612  UCA1IRCTL                                 
00000612  UCA1IRCTL_L                               
00000613  UCA1IRCTL_H                               
0000061c  UCA1ICTL                                  
0000061c  UCA1ICTL_L                                
0000061d  UCA1ICTL_H                                
0000061e  UCA1IV                                    
00000620  UCB1CTLW0                                 
00000620  UCB1CTLW0_L                               
00000621  UCB1CTLW0_H                               
00000626  UCB1BRW                                   
00000626  UCB1BRW_L                                 
00000627  UCB1BRW_H                                 
0000062a  UCB1STAT                                  
0000062c  UCB1RXBUF                                 
0000062e  UCB1TXBUF                                 
00000630  UCB1I2COA                                 
00000630  UCB1I2COA_L                               
00000631  UCB1I2COA_H                               
00000632  UCB1I2CSA                                 
00000632  UCB1I2CSA_L                               
00000633  UCB1I2CSA_H                               
0000063c  UCB1ICTL                                  
0000063c  UCB1ICTL_L                                
0000063d  UCB1ICTL_H                                
0000063e  UCB1IV                                    
00000700  ADC12CTL0                                 
00000700  ADC12CTL0_L                               
00000701  ADC12CTL0_H                               
00000702  ADC12CTL1                                 
00000702  ADC12CTL1_L                               
00000703  ADC12CTL1_H                               
00000704  ADC12CTL2                                 
00000704  ADC12CTL2_L                               
00000705  ADC12CTL2_H                               
0000070a  ADC12IFG                                  
0000070a  ADC12IFG_L                                
0000070b  ADC12IFG_H                                
0000070c  ADC12IE                                   
0000070c  ADC12IE_L                                 
0000070d  ADC12IE_H                                 
0000070e  ADC12IV                                   
0000070e  ADC12IV_L                                 
0000070f  ADC12IV_H                                 
00000710  ADC12MCTL0                                
00000711  ADC12MCTL1                                
00000712  ADC12MCTL2                                
00000713  ADC12MCTL3                                
00000714  ADC12MCTL4                                
00000715  ADC12MCTL5                                
00000716  ADC12MCTL6                                
00000717  ADC12MCTL7                                
00000718  ADC12MCTL8                                
00000719  ADC12MCTL9                                
0000071a  ADC12MCTL10                               
0000071b  ADC12MCTL11                               
0000071c  ADC12MCTL12                               
0000071d  ADC12MCTL13                               
0000071e  ADC12MCTL14                               
0000071f  ADC12MCTL15                               
00000720  ADC12MEM0                                 
00000720  ADC12MEM0_L                               
00000721  ADC12MEM0_H                               
00000722  ADC12MEM1                                 
00000722  ADC12MEM1_L                               
00000723  ADC12MEM1_H                               
00000724  ADC12MEM2                                 
00000724  ADC12MEM2_L                               
00000725  ADC12MEM2_H                               
00000726  ADC12MEM3                                 
00000726  ADC12MEM3_L                               
00000727  ADC12MEM3_H                               
00000728  ADC12MEM4                                 
00000728  ADC12MEM4_L                               
00000729  ADC12MEM4_H                               
0000072a  ADC12MEM5                                 
0000072a  ADC12MEM5_L                               
0000072b  ADC12MEM5_H                               
0000072c  ADC12MEM6                                 
0000072c  ADC12MEM6_L                               
0000072d  ADC12MEM6_H                               
0000072e  ADC12MEM7                                 
0000072e  ADC12MEM7_L                               
0000072f  ADC12MEM7_H                               
00000730  ADC12MEM8                                 
00000730  ADC12MEM8_L                               
00000731  ADC12MEM8_H                               
00000732  ADC12MEM9                                 
00000732  ADC12MEM9_L                               
00000733  ADC12MEM9_H                               
00000734  ADC12MEM10                                
00000734  ADC12MEM10_L                              
00000735  ADC12MEM10_H                              
00000736  ADC12MEM11                                
00000736  ADC12MEM11_L                              
00000737  ADC12MEM11_H                              
00000738  ADC12MEM12                                
00000738  ADC12MEM12_L                              
00000739  ADC12MEM12_H                              
0000073a  ADC12MEM13                                
0000073a  ADC12MEM13_L                              
0000073b  ADC12MEM13_H                              
0000073c  ADC12MEM14                                
0000073c  ADC12MEM14_L                              
0000073d  ADC12MEM14_H                              
0000073e  ADC12MEM15                                
0000073e  ADC12MEM15_L                              
0000073f  ADC12MEM15_H                              
000008c0  CBCTL0                                    
000008c0  CBCTL0_L                                  
000008c1  CBCTL0_H                                  
000008c2  CBCTL1                                    
000008c2  CBCTL1_L                                  
000008c3  CBCTL1_H                                  
000008c4  CBCTL2                                    
000008c4  CBCTL2_L                                  
000008c5  CBCTL2_H                                  
000008c6  CBCTL3                                    
000008c6  CBCTL3_L                                  
000008c7  CBCTL3_H                                  
000008cc  CBINT                                     
000008cc  CBINT_L                                   
000008cd  CBINT_H                                   
000008ce  CBIV                                      
00000900  LDOKEYPID                                 
00000900  LDOKEYPID_L                               
00000901  LDOKEYPID_H                               
00000904  PUCTL                                     
00000904  PUCTL_L                                   
00000905  PUCTL_H                                   
00000908  LDOPWRCTL                                 
00000908  LDOPWRCTL_L                               
00000909  LDOPWRCTL_H                               
00001052  cBSL_main                                 
00001188  cBSL_flash_set_array                      
0000125c  cBSL_init                                 
0000130e  cBSL_push_ui                              
0000136e  cBSL_flash_copy_segment                   
000013c4  cBSL_push                                 
0000141a  cBSL_flash_cp_mult_seg                    
00001464  cBSL_push_mem                             
000014ae  cBSL_flash_equal                          
000014f2  cBSL_flash_erase_check                    
00001532  cBSL_flash_write32                        
00001570  cBSL_flash_erase                          
000015a8  cBSL_put_cstr                             
000015cc  cBSL_putch                                
000015e4  cBSL_room_r                               
000015f8  cBSL_room                                 
00001c00  _ftable                                   
00001d7c  dbg_keys                                  
00001d98  SerialRX                                  
00001da4  __TI_cleanup_ptr                          
00001da8  __TI_dtors_ptr                            
00001dac  _lock                                     
00001db0  _unlock                                   
00001db4  __TI_ft_end                               
00001db8  __TI_tmpnams                              
00001e58  SerialRX128                               
00001f08  hooks                                     
00001f0a  _CIOBUF_                                  
0000202c  _sys_memory                               
00006360  _stack                                    
00006400  __STACK_END                               
00008000  _c_int00_noargs                           
0000801c  __TI_ISR_TRAP                             
000081f0  __TI_Handler_Table_Base                   
000081fc  __TI_Handler_Table_Limit                  
00008208  __TI_CINIT_Base                           
00008220  __TI_CINIT_Limit                          
0000ffca  __TI_int37                                
0000ffcc  __TI_int38                                
0000ffce  __TI_int39                                
0000ffd0  __TI_int40                                
0000ffd4  __TI_int42                                
0000ffd8  __TI_int44                                
0000ffda  __TI_int45                                
0000ffdc  __TI_int46                                
0000ffde  __TI_int47                                
0000ffe0  __TI_int48                                
0000ffe2  __TI_int49                                
0000ffe4  __TI_int50                                
0000ffe6  __TI_int51                                
0000ffe8  __TI_int52                                
0000ffea  __TI_int53                                
0000ffec  __TI_int54                                
0000ffee  __TI_int55                                
0000fff0  __TI_int56                                
0000fff2  __TI_int57                                
0000fff4  __TI_int58                                
0000fff6  __TI_int59                                
0000fff8  __TI_int60                                
0000fffa  __TI_int61                                
0000fffc  __TI_int62                                
0000fffe  _reset_vector                             
00010000  __vla_alloc                               
000101f8  realloc                                   
0001053a  fputs                                     
00010694  setvbuf                                   
0001078e  __vla_dealloc                             
00010884  malloc                                    
0001097a  init                                      
00010b50  UCS_initFLL                               
00010c32  PMM_setVCoreUp                            
00010d12  USCI_UART_init                            
00010de8  __TI_printfi_minimal                      
00010ebe  debug_scan                                
00010f88  free                                      
00011052  PMM_setVCoreDown                          
000110f4  HOSTlseek                                 
00011192  _auto_init_hold_wdt                       
00011224  UCS_clockSignalInit                       
000112b4  fputc                                     
000112b4  putc                                      
00011344  set_img_stat_flg                          
000113d2  __TI_wrt_ok                               
00011458  put_ui16x                                 
000114dc  HOSTrename                                
00011550  fseek                                     
000115c4  main                                      
00011638  __TI_closefile                            
000116a8  HOSTopen                                  
00011716  HOSTwrite                                 
00011780  HOSTread                                  
00011850  close                                     
0001191a  __TI_doflush                              
0001197a  minit                                     
000119da  push_ui                                   
00011a92  __mspabi_divul                            
00011a92  __mspabi_remul                            
00011aea  push                                      
00011b92  fprintf                                   
00011be2  lseek                                     
00011c32  strncpy                                   
00011c80  HOSTclose                                 
00011d64  push_mem                                  
00011dae  write                                     
00011e40  HOSTunlink                                
00011e86  PMM_setVCore                              
00011ec6  __mspabi_divli                            
00011ec6  __mspabi_remli                            
00011f44  flash_write32                             
00011f82  __mspabi_sral_15                          
00011f86  __mspabi_sral_14                          
00011f8a  __mspabi_sral_13                          
00011f8e  __mspabi_sral_12                          
00011f92  __mspabi_sral_11                          
00011f96  __mspabi_sral_10                          
00011f9a  __mspabi_sral_9                           
00011f9e  __mspabi_sral_8                           
00011fa2  __mspabi_sral_7                           
00011fa6  __mspabi_sral_6                           
00011faa  __mspabi_sral_5                           
00011fae  __mspabi_sral_4                           
00011fb2  __mspabi_sral_3                           
00011fb6  __mspabi_sral_2                           
00011fba  __mspabi_sral_1                           
00011fc0  __mspabi_slll_15                          
00011fc4  __mspabi_slll_14                          
00011fc8  __mspabi_slll_13                          
00011fcc  __mspabi_slll_12                          
00011fd0  __mspabi_slll_11                          
00011fd4  __mspabi_slll_10                          
00011fd8  __mspabi_slll_9                           
00011fdc  __mspabi_slll_8                           
00011fe0  __mspabi_slll_7                           
00011fe4  __mspabi_slll_6                           
00011fe8  __mspabi_slll_5                           
00011fec  __mspabi_slll_4                           
00011ff0  __mspabi_slll_3                           
00011ff4  __mspabi_slll_2                           
00011ff8  __mspabi_slll_1                           
00011ffe  __mspabi_srll_15                          
00012002  __mspabi_srll_14                          
00012006  __mspabi_srll_13                          
0001200a  __mspabi_srll_12                          
0001200e  __mspabi_srll_11                          
00012012  __mspabi_srll_10                          
00012016  __mspabi_srll_9                           
0001201a  __mspabi_srll_8                           
0001201e  __mspabi_srll_7                           
00012022  __mspabi_srll_6                           
00012026  __mspabi_srll_5                           
0001202a  __mspabi_srll_4                           
0001202e  __mspabi_srll_3                           
00012032  __mspabi_srll_2                           
00012036  __mspabi_srll_1                           
0001203c  UCS_initFLLSettle                         
00012072  __TI_cleanup                              
000120a8  __TI_writemsg                             
000120da  C$$IO$$                                   
00012114  is_equal                                  
0001214a  __TI_readmsg                              
0001217c  get_enum                                  
000121ac  remove                                    
000121ac  unlink                                    
000121dc  exit                                      
0001220a  memcpy                                    
00012234  GPIO_setAsPeripheralModuleFunctionInputPin
0001225c  USCI_A_UART_disableInterrupt              
00012282  at_ui16_set                               
000122a6  __TI_zero_init                            
000122ca  put_cstr                                  
000122ee  __mspabi_mpyl_f5hw                        
00012310  memchr                                    
00012330  memset                                    
00012350  memccpy                                   
0001236e  strchr                                    
0001238a  strcmp                                    
000123c0  putch                                     
000123d8  __TI_decompress_none                      
000123ee  __mspabi_divu                             
000123ee  __mspabi_remu                             
00012404  __mspabi_mpyi_f5hw                        
0001241a  WDT_A_watchdogTimerInit                   
0001242e  room_r                                    
00012442  strcpy                                    
00012454  strlen                                    
00012466  USCI_A_UART_clearInterruptFlag            
00012472  flush                                     
0001247e  room                                      
0001248a  cBSL_room_l                               
00012494  room_l                                    
000124a4  __TI_decompress_rle24                     
000124aa  __abort_execution                         
000124b2  _system_pre_init                          
000124b6  C$$EXIT                                   
000124b6  abort                                     
000124ba  _nop                                      
ffffffff  __binit__                                 
ffffffff  __c_args__                                
ffffffff  binit                                     
UNDEFED   __TI_INITARRAY_Base                       
UNDEFED   __TI_INITARRAY_Limit                      

[905 symbols]
