******************************************************************************
                  MSP430 Linker Unix v4.4.3                    
******************************************************************************
>> Linked Tue Mar 10 14:37:30 2015

OUTPUT FILE NAME:   <msp430-OTP.out>
ENTRY POINT SYMBOL: "_c_int00_noargs_noexit"  address: 00008000


MEMORY CONFIGURATION

         name            origin    length      used     unused   attr    fill
----------------------  --------  ---------  --------  --------  ----  --------
  SFR                   00000000   00000010  00000000  00000010  RWIX
  PERIPHERALS_8BIT      00000010   000000f0  00000000  000000f0  RWIX
  PERIPHERALS_16BIT     00000100   00000100  00000000  00000100  RWIX
  ZAREA                 00001000   00000010  00000000  00000010  RWIX
  BSL_VER               00001010   00000001  00000000  00000001  RWIX
  ZAREA_CODE            00001011   0000002e  00000000  0000002e  RWIX
  BSL                   0000103f   000007b1  00000000  000007b1  RWIX
  BSLSIG                000017f0   0000000c  00000000  0000000c  RWIX
  JTAGLOCK_KEY          000017fc   00000004  00000000  00000004  RWIX
  INFOD                 00001800   00000080  00000000  00000080  RWIX
  INFOC                 00001880   00000080  00000000  00000080  RWIX
  INFOB                 00001900   00000080  00000000  00000080  RWIX
  INFOA                 00001980   00000080  00000000  00000080  RWIX
  RAM                   00001c00   00004800  0000013a  000046c6  RWIX
  FLASH                 00008000   00007f80  000000aa  00007ed6  RWIX
  INT00                 0000ff80   00000002  00000000  00000002  RWIX
  INT01                 0000ff82   00000002  00000000  00000002  RWIX
  INT02                 0000ff84   00000002  00000000  00000002  RWIX
  INT03                 0000ff86   00000002  00000000  00000002  RWIX
  INT04                 0000ff88   00000002  00000000  00000002  RWIX
  INT05                 0000ff8a   00000002  00000000  00000002  RWIX
  INT06                 0000ff8c   00000002  00000000  00000002  RWIX
  INT07                 0000ff8e   00000002  00000000  00000002  RWIX
  INT08                 0000ff90   00000002  00000000  00000002  RWIX
  INT09                 0000ff92   00000002  00000000  00000002  RWIX
  INT10                 0000ff94   00000002  00000000  00000002  RWIX
  INT11                 0000ff96   00000002  00000000  00000002  RWIX
  INT12                 0000ff98   00000002  00000000  00000002  RWIX
  INT13                 0000ff9a   00000002  00000000  00000002  RWIX
  INT14                 0000ff9c   00000002  00000000  00000002  RWIX
  INT15                 0000ff9e   00000002  00000000  00000002  RWIX
  INT16                 0000ffa0   00000002  00000000  00000002  RWIX
  INT17                 0000ffa2   00000002  00000000  00000002  RWIX
  INT18                 0000ffa4   00000002  00000000  00000002  RWIX
  INT19                 0000ffa6   00000002  00000000  00000002  RWIX
  INT20                 0000ffa8   00000002  00000000  00000002  RWIX
  INT21                 0000ffaa   00000002  00000000  00000002  RWIX
  INT22                 0000ffac   00000002  00000000  00000002  RWIX
  INT23                 0000ffae   00000002  00000000  00000002  RWIX
  INT24                 0000ffb0   00000002  00000000  00000002  RWIX
  INT25                 0000ffb2   00000002  00000000  00000002  RWIX
  INT26                 0000ffb4   00000002  00000000  00000002  RWIX
  INT27                 0000ffb6   00000002  00000000  00000002  RWIX
  INT28                 0000ffb8   00000002  00000000  00000002  RWIX
  INT29                 0000ffba   00000002  00000000  00000002  RWIX
  INT30                 0000ffbc   00000002  00000000  00000002  RWIX
  INT31                 0000ffbe   00000002  00000000  00000002  RWIX
  INT32                 0000ffc0   00000002  00000000  00000002  RWIX
  INT33                 0000ffc2   00000002  00000000  00000002  RWIX
  INT34                 0000ffc4   00000002  00000000  00000002  RWIX
  INT35                 0000ffc6   00000002  00000000  00000002  RWIX
  INT36                 0000ffc8   00000002  00000000  00000002  RWIX
  INT37                 0000ffca   00000002  00000002  00000000  RWIX
  INT38                 0000ffcc   00000002  00000002  00000000  RWIX
  INT39                 0000ffce   00000002  00000002  00000000  RWIX
  INT40                 0000ffd0   00000002  00000002  00000000  RWIX
  INT41                 0000ffd2   00000002  00000000  00000002  RWIX
  INT42                 0000ffd4   00000002  00000002  00000000  RWIX
  INT43                 0000ffd6   00000002  00000000  00000002  RWIX
  INT44                 0000ffd8   00000002  00000002  00000000  RWIX
  INT45                 0000ffda   00000002  00000002  00000000  RWIX
  INT46                 0000ffdc   00000002  00000002  00000000  RWIX
  INT47                 0000ffde   00000002  00000002  00000000  RWIX
  INT48                 0000ffe0   00000002  00000002  00000000  RWIX
  INT49                 0000ffe2   00000002  00000002  00000000  RWIX
  INT50                 0000ffe4   00000002  00000002  00000000  RWIX
  INT51                 0000ffe6   00000002  00000002  00000000  RWIX
  INT52                 0000ffe8   00000002  00000002  00000000  RWIX
  INT53                 0000ffea   00000002  00000002  00000000  RWIX
  INT54                 0000ffec   00000002  00000002  00000000  RWIX
  INT55                 0000ffee   00000002  00000002  00000000  RWIX
  INT56                 0000fff0   00000002  00000002  00000000  RWIX
  INT57                 0000fff2   00000002  00000002  00000000  RWIX
  INT58                 0000fff4   00000002  00000002  00000000  RWIX
  INT59                 0000fff6   00000002  00000002  00000000  RWIX
  INT60                 0000fff8   00000002  00000002  00000000  RWIX
  INT61                 0000fffa   00000002  00000002  00000000  RWIX
  INT62                 0000fffc   00000002  00000002  00000000  RWIX
  RESET                 0000fffe   00000002  00000002  00000000  RWIX
  FLASH2                00010000   0000d400  00000972  0000ca8e  RWIX
  OTP                   0001d800   0002a800  00000000  0002a800  RWIX


SECTION ALLOCATION MAP

 output                                  attributes/
section   page    origin      length       input sections
--------  ----  ----------  ----------   ----------------
.bss       0    00001c00    00000082     UNINITIALIZED
                  00001c00    00000080     (.common:SerialRX128)
                  00001c80    00000002     (.common:hooks)

.data      0    00001c82    00000018     UNINITIALIZED
                  00001c82    0000000c     debug.obj (.data:dbg_keys)
                  00001c8e    0000000c     hw_layer.obj (.data)

.stack     0    00006360    000000a0     UNINITIALIZED
                  00006360    00000004     rts430x_lc_ld_eabi.lib : boot.obj (.stack)
                  00006364    0000009c     --HOLE--

.text:_isr 
*          0    00008000    00000020     
                  00008000    0000001a     rts430x_lc_ld_eabi.lib : boot_special.obj (.text:_isr:_c_int00_noargs_noexit)
                  0000801a    00000006                            : isr_trap.obj (.text:_isr:__TI_ISR_TRAP)

.const     0    00008020    0000004a     
                  00008020    00000020     debug.obj (.const:.string)
                  00008040    0000001c     driverlib.lib : gpio.obj (.const:GPIO_PORT_TO_BASE)
                  0000805c    0000000c     main.obj (.const:.string)
                  00008068    00000002     debug.obj (.const)

.cinit     0    0000806a    00000040     
                  0000806a    0000001e     (.cinit..data.load) [load image, compression = rle]
                  00008088    0000000c     (__TI_handler_table)
                  00008094    00000006     (.cinit..bss.load) [load image, compression = zero_init]
                  0000809a    00000010     (__TI_cinit_table)

.init_array 
*          0    00008000    00000000     UNINITIALIZED

PORT4      0    0000ffca    00000002     
                  0000ffca    00000002     rts430x_lc_ld_eabi.lib : int37.obj (.int37)

PORT3      0    0000ffcc    00000002     
                  0000ffcc    00000002     rts430x_lc_ld_eabi.lib : int38.obj (.int38)

TIMER2_A1 
*          0    0000ffce    00000002     
                  0000ffce    00000002     rts430x_lc_ld_eabi.lib : int39.obj (.int39)

TIMER2_A0 
*          0    0000ffd0    00000002     
                  0000ffd0    00000002     rts430x_lc_ld_eabi.lib : int40.obj (.int40)

RTC        0    0000ffd4    00000002     
                  0000ffd4    00000002     rts430x_lc_ld_eabi.lib : int42.obj (.int42)

.TI.noinit 
*          0    00001c00    00000000     UNINITIALIZED

.TI.persistent 
*          0    00001c82    00000000     UNINITIALIZED

PORT2      0    0000ffd8    00000002     
                  0000ffd8    00000002     rts430x_lc_ld_eabi.lib : int44.obj (.int44)

USCI_B1    0    0000ffda    00000002     
                  0000ffda    00000002     rts430x_lc_ld_eabi.lib : int45.obj (.int45)

USCI_A1    0    0000ffdc    00000002     
                  0000ffdc    00000002     rts430x_lc_ld_eabi.lib : int46.obj (.int46)

PORT1      0    0000ffde    00000002     
                  0000ffde    00000002     rts430x_lc_ld_eabi.lib : int47.obj (.int47)

TIMER1_A1 
*          0    0000ffe0    00000002     
                  0000ffe0    00000002     rts430x_lc_ld_eabi.lib : int48.obj (.int48)

TIMER1_A0 
*          0    0000ffe2    00000002     
                  0000ffe2    00000002     rts430x_lc_ld_eabi.lib : int49.obj (.int49)

DMA        0    0000ffe4    00000002     
                  0000ffe4    00000002     rts430x_lc_ld_eabi.lib : int50.obj (.int50)

LDO_PWR    0    0000ffe6    00000002     
                  0000ffe6    00000002     rts430x_lc_ld_eabi.lib : int51.obj (.int51)

TIMER0_A1 
*          0    0000ffe8    00000002     
                  0000ffe8    00000002     rts430x_lc_ld_eabi.lib : int52.obj (.int52)

TIMER0_A0 
*          0    0000ffea    00000002     
                  0000ffea    00000002     rts430x_lc_ld_eabi.lib : int53.obj (.int53)

ADC12      0    0000ffec    00000002     
                  0000ffec    00000002     rts430x_lc_ld_eabi.lib : int54.obj (.int54)

USCI_B0    0    0000ffee    00000002     
                  0000ffee    00000002     rts430x_lc_ld_eabi.lib : int55.obj (.int55)

USCI_A0    0    0000fff0    00000002     
                  0000fff0    00000002     rts430x_lc_ld_eabi.lib : int56.obj (.int56)

WDT        0    0000fff2    00000002     
                  0000fff2    00000002     rts430x_lc_ld_eabi.lib : int57.obj (.int57)

TIMER0_B1 
*          0    0000fff4    00000002     
                  0000fff4    00000002     rts430x_lc_ld_eabi.lib : int58.obj (.int58)

TIMER0_B0 
*          0    0000fff6    00000002     
                  0000fff6    00000002     rts430x_lc_ld_eabi.lib : int59.obj (.int59)

COMP_B     0    0000fff8    00000002     
                  0000fff8    00000002     rts430x_lc_ld_eabi.lib : int60.obj (.int60)

UNMI       0    0000fffa    00000002     
                  0000fffa    00000002     rts430x_lc_ld_eabi.lib : int61.obj (.int61)

SYSNMI     0    0000fffc    00000002     
                  0000fffc    00000002     rts430x_lc_ld_eabi.lib : int62.obj (.int62)

.reset     0    0000fffe    00000002     
                  0000fffe    00000002     rts430x_lc_ld_eabi.lib : boot.obj (.reset)

.text      0    00010000    00000972     
                  00010000    000000f2     hw_layer.obj (.text:init)
                  000100f2    000000e2     driverlib.lib : ucs.obj (.text:UCS_initFLL)
                  000101d4    000000e0                   : pmm.obj (.text:PMM_setVCoreUp)
                  000102b4    000000d6                   : usci_uart.obj (.text:USCI_UART_init)
                  0001038a    000000a2                   : pmm.obj (.text:PMM_setVCoreDown)
                  0001042c    00000092     rts430x_lc_ld_eabi.lib : autoinit_wdt.obj (.text:_auto_init_hold_wdt)
                  000104be    00000090     driverlib.lib : ucs.obj (.text:UCS_clockSignalInit)
                  0001054e    00000074     main.obj (.text:main)
                  000105c2    00000068     rts430x_lc_ld_eabi.lib : copy_decompress_rle.obj (.text:__TI_decompress_rle_core)
                  0001062a    00000056     serial.obj (.text:push)
                  00010680    00000054     debug.obj (.text:debug_scan)
                  000106d4    00000040     driverlib.lib : pmm.obj (.text:PMM_setVCore)
                  00010714    0000003e     rts430x_lc_ld_eabi.lib : asr32.obj (.text:l_asr_const)
                  00010752    0000003a     serial.obj (.text:is_equal)
                  0001078c    00000036     driverlib.lib : ucs.obj (.text:UCS_initFLLSettle)
                  000107c2    00000030     serial.obj (.text:get_enum)
                  000107f2    0000002a     rts430x_lc_ld_eabi.lib : memcpy.obj (.text:memcpy)
                  0001081c    00000028     driverlib.lib : gpio.obj (.text:GPIO_setAsPeripheralModuleFunctionInputPin)
                  00010844    00000026                   : usci_a_uart.obj (.text:USCI_A_UART_disableInterrupt)
                  0001086a    00000026     serial.obj (.text:put_cstr)
                  00010890    00000024     rts430x_lc_ld_eabi.lib : copy_zero_init.obj (.text:decompress:ZI:__TI_zero_init)
                  000108b4    0000001c     driverlib.lib : wdt_a.obj (.text:WDT_A_resetTimer)
                  000108d0    0000001c                   : wdt_a.obj (.text:WDT_A_start)
                  000108ec    00000018     hw_layer.obj (.text:putch)
                  00010904    00000016     rts430x_lc_ld_eabi.lib : copy_decompress_none.obj (.text:decompress:none:__TI_decompress_none)
                  0001091a    00000014     driverlib.lib : wdt_a.obj (.text:WDT_A_watchdogTimerInit)
                  0001092e    00000014     serial.obj (.text:room_r)
                  00010942    0000000c     driverlib.lib : usci_a_uart.obj (.text:USCI_A_UART_clearInterruptFlag)
                  0001094e    0000000c     serial.obj (.text:flush)
                  0001095a    0000000a     serial.obj (.text:room_l)
                  00010964    00000006     rts430x_lc_ld_eabi.lib : copy_decompress_rle.obj (.text:decompress:rle24:__TI_decompress_rle24)
                  0001096a    00000004                            : pre_init.obj (.text:_system_pre_init)
                  0001096e    00000004                            : exit.obj (.text:abort)


LINKER GENERATED COPY TABLES

__TI_cinit_table @ 0000809a records: 2, size/record: 8, table size: 16
	.data: load addr=0000806a, load size=0000001e bytes, run addr=00001c82, run size=00000018 bytes, compression=rle
	.bss: load addr=00008094, load size=00000006 bytes, run addr=00001c00, run size=00000082 bytes, compression=zero_init


LINKER GENERATED HANDLER TABLE

__TI_handler_table @ 00008088 records: 3, size/record: 4, table size: 12
	index: 0, handler: __TI_zero_init
	index: 1, handler: __TI_decompress_rle24
	index: 2, handler: __TI_decompress_none


GLOBAL SYMBOLS: SORTED ALPHABETICALLY BY Name 

address   name                                      
-------   ----                                      
00000700  ADC12CTL0                                 
00000701  ADC12CTL0_H                               
00000700  ADC12CTL0_L                               
00000702  ADC12CTL1                                 
00000703  ADC12CTL1_H                               
00000702  ADC12CTL1_L                               
00000704  ADC12CTL2                                 
00000705  ADC12CTL2_H                               
00000704  ADC12CTL2_L                               
0000070c  ADC12IE                                   
0000070d  ADC12IE_H                                 
0000070c  ADC12IE_L                                 
0000070a  ADC12IFG                                  
0000070b  ADC12IFG_H                                
0000070a  ADC12IFG_L                                
0000070e  ADC12IV                                   
0000070f  ADC12IV_H                                 
0000070e  ADC12IV_L                                 
00000710  ADC12MCTL0                                
00000711  ADC12MCTL1                                
0000071a  ADC12MCTL10                               
0000071b  ADC12MCTL11                               
0000071c  ADC12MCTL12                               
0000071d  ADC12MCTL13                               
0000071e  ADC12MCTL14                               
0000071f  ADC12MCTL15                               
00000712  ADC12MCTL2                                
00000713  ADC12MCTL3                                
00000714  ADC12MCTL4                                
00000715  ADC12MCTL5                                
00000716  ADC12MCTL6                                
00000717  ADC12MCTL7                                
00000718  ADC12MCTL8                                
00000719  ADC12MCTL9                                
00000720  ADC12MEM0                                 
00000721  ADC12MEM0_H                               
00000720  ADC12MEM0_L                               
00000722  ADC12MEM1                                 
00000734  ADC12MEM10                                
00000735  ADC12MEM10_H                              
00000734  ADC12MEM10_L                              
00000736  ADC12MEM11                                
00000737  ADC12MEM11_H                              
00000736  ADC12MEM11_L                              
00000738  ADC12MEM12                                
00000739  ADC12MEM12_H                              
00000738  ADC12MEM12_L                              
0000073a  ADC12MEM13                                
0000073b  ADC12MEM13_H                              
0000073a  ADC12MEM13_L                              
0000073c  ADC12MEM14                                
0000073d  ADC12MEM14_H                              
0000073c  ADC12MEM14_L                              
0000073e  ADC12MEM15                                
0000073f  ADC12MEM15_H                              
0000073e  ADC12MEM15_L                              
00000723  ADC12MEM1_H                               
00000722  ADC12MEM1_L                               
00000724  ADC12MEM2                                 
00000725  ADC12MEM2_H                               
00000724  ADC12MEM2_L                               
00000726  ADC12MEM3                                 
00000727  ADC12MEM3_H                               
00000726  ADC12MEM3_L                               
00000728  ADC12MEM4                                 
00000729  ADC12MEM4_H                               
00000728  ADC12MEM4_L                               
0000072a  ADC12MEM5                                 
0000072b  ADC12MEM5_H                               
0000072a  ADC12MEM5_L                               
0000072c  ADC12MEM6                                 
0000072d  ADC12MEM6_H                               
0000072c  ADC12MEM6_L                               
0000072e  ADC12MEM7                                 
0000072f  ADC12MEM7_H                               
0000072e  ADC12MEM7_L                               
00000730  ADC12MEM8                                 
00000731  ADC12MEM8_H                               
00000730  ADC12MEM8_L                               
00000732  ADC12MEM9                                 
00000733  ADC12MEM9_H                               
00000732  ADC12MEM9_L                               
0000049e  BAKCHCTL                                  
0000049f  BAKCHCTL_H                                
0000049e  BAKCHCTL_L                                
0000049c  BAKCTL                                    
0000049d  BAKCTL_H                                  
0000049c  BAKCTL_L                                  
00000480  BAKMEM0                                   
00000481  BAKMEM0_H                                 
00000480  BAKMEM0_L                                 
00000482  BAKMEM1                                   
00000483  BAKMEM1_H                                 
00000482  BAKMEM1_L                                 
00000484  BAKMEM2                                   
00000485  BAKMEM2_H                                 
00000484  BAKMEM2_L                                 
00000486  BAKMEM3                                   
00000487  BAKMEM3_H                                 
00000486  BAKMEM3_L                                 
000004be  BCD2BIN                                   
000004bc  BIN2BCD                                   
0001096e  C$$EXIT                                   
000008c0  CBCTL0                                    
000008c1  CBCTL0_H                                  
000008c0  CBCTL0_L                                  
000008c2  CBCTL1                                    
000008c3  CBCTL1_H                                  
000008c2  CBCTL1_L                                  
000008c4  CBCTL2                                    
000008c5  CBCTL2_H                                  
000008c4  CBCTL2_L                                  
000008c6  CBCTL3                                    
000008c7  CBCTL3_H                                  
000008c6  CBCTL3_L                                  
000008cc  CBINT                                     
000008cd  CBINT_H                                   
000008cc  CBINT_L                                   
000008ce  CBIV                                      
00000150  CRCDI                                     
00000152  CRCDIRB                                   
00000153  CRCDIRB_H                                 
00000152  CRCDIRB_L                                 
00000151  CRCDI_H                                   
00000150  CRCDI_L                                   
00000154  CRCINIRES                                 
00000155  CRCINIRES_H                               
00000154  CRCINIRES_L                               
00000156  CRCRESR                                   
00000157  CRCRESR_H                                 
00000156  CRCRESR_L                                 
00000510  DMA0CTL                                   
00000511  DMA0CTL_H                                 
00000510  DMA0CTL_L                                 
00000516  DMA0DA                                    
00000518  DMA0DAH                                   
00000516  DMA0DAL                                   
00000512  DMA0SA                                    
00000514  DMA0SAH                                   
00000512  DMA0SAL                                   
0000051a  DMA0SZ                                    
00000520  DMA1CTL                                   
00000521  DMA1CTL_H                                 
00000520  DMA1CTL_L                                 
00000526  DMA1DA                                    
00000528  DMA1DAH                                   
00000526  DMA1DAL                                   
00000522  DMA1SA                                    
00000524  DMA1SAH                                   
00000522  DMA1SAL                                   
0000052a  DMA1SZ                                    
00000530  DMA2CTL                                   
00000531  DMA2CTL_H                                 
00000530  DMA2CTL_L                                 
00000536  DMA2DA                                    
00000538  DMA2DAH                                   
00000536  DMA2DAL                                   
00000532  DMA2SA                                    
00000534  DMA2SAH                                   
00000532  DMA2SAL                                   
0000053a  DMA2SZ                                    
00000540  DMA3CTL                                   
00000541  DMA3CTL_H                                 
00000540  DMA3CTL_L                                 
00000546  DMA3DA                                    
00000548  DMA3DAH                                   
00000546  DMA3DAL                                   
00000542  DMA3SA                                    
00000544  DMA3SAH                                   
00000542  DMA3SAL                                   
0000054a  DMA3SZ                                    
00000550  DMA4CTL                                   
00000551  DMA4CTL_H                                 
00000550  DMA4CTL_L                                 
00000556  DMA4DA                                    
00000558  DMA4DAH                                   
00000556  DMA4DAL                                   
00000552  DMA4SA                                    
00000554  DMA4SAH                                   
00000552  DMA4SAL                                   
0000055a  DMA4SZ                                    
00000560  DMA5CTL                                   
00000561  DMA5CTL_H                                 
00000560  DMA5CTL_L                                 
00000566  DMA5DA                                    
00000568  DMA5DAH                                   
00000566  DMA5DAL                                   
00000562  DMA5SA                                    
00000564  DMA5SAH                                   
00000562  DMA5SAL                                   
0000056a  DMA5SZ                                    
00000500  DMACTL0                                   
00000501  DMACTL0_H                                 
00000500  DMACTL0_L                                 
00000502  DMACTL1                                   
00000503  DMACTL1_H                                 
00000502  DMACTL1_L                                 
00000504  DMACTL2                                   
00000505  DMACTL2_H                                 
00000504  DMACTL2_L                                 
00000506  DMACTL3                                   
00000507  DMACTL3_H                                 
00000506  DMACTL3_L                                 
00000508  DMACTL4                                   
00000509  DMACTL4_H                                 
00000508  DMACTL4_L                                 
0000050e  DMAIV                                     
0000050f  DMAIV_H                                   
0000050e  DMAIV_L                                   
00000140  FCTL1                                     
00000141  FCTL1_H                                   
00000140  FCTL1_L                                   
00000144  FCTL3                                     
00000145  FCTL3_H                                   
00000144  FCTL3_L                                   
00000146  FCTL4                                     
00000147  FCTL4_H                                   
00000146  FCTL4_L                                   
0001081c  GPIO_setAsPeripheralModuleFunctionInputPin
00000900  LDOKEYPID                                 
00000901  LDOKEYPID_H                               
00000900  LDOKEYPID_L                               
00000908  LDOPWRCTL                                 
00000909  LDOPWRCTL_H                               
00000908  LDOPWRCTL_L                               
000004c4  MAC                                       
000004da  MAC32H                                    
000004db  MAC32H_H                                  
000004da  MAC32H_L                                  
000004d8  MAC32L                                    
000004d9  MAC32L_H                                  
000004d8  MAC32L_L                                  
000004c6  MACS                                      
000004de  MACS32H                                   
000004df  MACS32H_H                                 
000004de  MACS32H_L                                 
000004dc  MACS32L                                   
000004dd  MACS32L_H                                 
000004dc  MACS32L_L                                 
000004c7  MACS_H                                    
000004c6  MACS_L                                    
000004c5  MAC_H                                     
000004c4  MAC_L                                     
000004c0  MPY                                       
000004ec  MPY32CTL0                                 
000004ed  MPY32CTL0_H                               
000004ec  MPY32CTL0_L                               
000004d2  MPY32H                                    
000004d3  MPY32H_H                                  
000004d2  MPY32H_L                                  
000004d0  MPY32L                                    
000004d1  MPY32L_H                                  
000004d0  MPY32L_L                                  
000004c2  MPYS                                      
000004d6  MPYS32H                                   
000004d7  MPYS32H_H                                 
000004d6  MPYS32H_L                                 
000004d4  MPYS32L                                   
000004d5  MPYS32L_H                                 
000004d4  MPYS32L_L                                 
000004c3  MPYS_H                                    
000004c2  MPYS_L                                    
000004c1  MPY_H                                     
000004c0  MPY_L                                     
000004c8  OP2                                       
000004e2  OP2H                                      
000004e3  OP2H_H                                    
000004e2  OP2H_L                                    
000004e0  OP2L                                      
000004e1  OP2L_H                                    
000004e0  OP2L_L                                    
000004c9  OP2_H                                     
000004c8  OP2_L                                     
0000020e  P1IV                                      
0000021e  P2IV                                      
000001d0  P2MAP01                                   
000001d1  P2MAP01_H                                 
000001d0  P2MAP01_L                                 
000001d2  P2MAP23                                   
000001d3  P2MAP23_H                                 
000001d2  P2MAP23_L                                 
000001d4  P2MAP45                                   
000001d5  P2MAP45_H                                 
000001d4  P2MAP45_L                                 
000001d6  P2MAP67                                   
000001d7  P2MAP67_H                                 
000001d6  P2MAP67_L                                 
0000022e  P3IV                                      
0000023e  P4IV                                      
00000204  PADIR                                     
00000205  PADIR_H                                   
00000204  PADIR_L                                   
00000208  PADS                                      
00000209  PADS_H                                    
00000208  PADS_L                                    
0000021a  PAIE                                      
00000218  PAIES                                     
00000219  PAIES_H                                   
00000218  PAIES_L                                   
0000021b  PAIE_H                                    
0000021a  PAIE_L                                    
0000021c  PAIFG                                     
0000021d  PAIFG_H                                   
0000021c  PAIFG_L                                   
00000200  PAIN                                      
00000201  PAIN_H                                    
00000200  PAIN_L                                    
00000202  PAOUT                                     
00000203  PAOUT_H                                   
00000202  PAOUT_L                                   
00000206  PAREN                                     
00000207  PAREN_H                                   
00000206  PAREN_L                                   
0000020a  PASEL                                     
0000020b  PASEL_H                                   
0000020a  PASEL_L                                   
00000224  PBDIR                                     
00000225  PBDIR_H                                   
00000224  PBDIR_L                                   
00000228  PBDS                                      
00000229  PBDS_H                                    
00000228  PBDS_L                                    
0000023a  PBIE                                      
00000238  PBIES                                     
00000239  PBIES_H                                   
00000238  PBIES_L                                   
0000023b  PBIE_H                                    
0000023a  PBIE_L                                    
0000023c  PBIFG                                     
0000023d  PBIFG_H                                   
0000023c  PBIFG_L                                   
00000220  PBIN                                      
00000221  PBIN_H                                    
00000220  PBIN_L                                    
00000222  PBOUT                                     
00000223  PBOUT_H                                   
00000222  PBOUT_L                                   
00000226  PBREN                                     
00000227  PBREN_H                                   
00000226  PBREN_L                                   
0000022a  PBSEL                                     
0000022b  PBSEL_H                                   
0000022a  PBSEL_L                                   
00000244  PCDIR                                     
00000245  PCDIR_H                                   
00000244  PCDIR_L                                   
00000248  PCDS                                      
00000249  PCDS_H                                    
00000248  PCDS_L                                    
00000240  PCIN                                      
00000241  PCIN_H                                    
00000240  PCIN_L                                    
00000242  PCOUT                                     
00000243  PCOUT_H                                   
00000242  PCOUT_L                                   
00000246  PCREN                                     
00000247  PCREN_H                                   
00000246  PCREN_L                                   
0000024a  PCSEL                                     
0000024b  PCSEL_H                                   
0000024a  PCSEL_L                                   
00000264  PDDIR                                     
00000265  PDDIR_H                                   
00000264  PDDIR_L                                   
00000268  PDDS                                      
00000269  PDDS_H                                    
00000268  PDDS_L                                    
00000260  PDIN                                      
00000261  PDIN_H                                    
00000260  PDIN_L                                    
00000262  PDOUT                                     
00000263  PDOUT_H                                   
00000262  PDOUT_L                                   
00000266  PDREN                                     
00000267  PDREN_H                                   
00000266  PDREN_L                                   
0000026a  PDSEL                                     
0000026b  PDSEL_H                                   
0000026a  PDSEL_L                                   
00000284  PEDIR                                     
00000285  PEDIR_H                                   
00000284  PEDIR_L                                   
00000288  PEDS                                      
00000289  PEDS_H                                    
00000288  PEDS_L                                    
00000280  PEIN                                      
00000281  PEIN_H                                    
00000280  PEIN_L                                    
00000282  PEOUT                                     
00000283  PEOUT_H                                   
00000282  PEOUT_L                                   
00000286  PEREN                                     
00000287  PEREN_H                                   
00000286  PEREN_L                                   
0000028a  PESEL                                     
0000028b  PESEL_H                                   
0000028a  PESEL_L                                   
00000324  PJDIR                                     
00000325  PJDIR_H                                   
00000324  PJDIR_L                                   
00000328  PJDS                                      
00000329  PJDS_H                                    
00000328  PJDS_L                                    
00000320  PJIN                                      
00000321  PJIN_H                                    
00000320  PJIN_L                                    
00000322  PJOUT                                     
00000323  PJOUT_H                                   
00000322  PJOUT_L                                   
00000326  PJREN                                     
00000327  PJREN_H                                   
00000326  PJREN_L                                   
00000130  PM5CTL0                                   
00000131  PM5CTL0_H                                 
00000130  PM5CTL0_L                                 
000001c2  PMAPCTL                                   
000001c3  PMAPCTL_H                                 
000001c2  PMAPCTL_L                                 
000001c0  PMAPKEYID                                 
000001c1  PMAPKEYID_H                               
000001c0  PMAPKEYID_L                               
00000120  PMMCTL0                                   
00000121  PMMCTL0_H                                 
00000120  PMMCTL0_L                                 
00000122  PMMCTL1                                   
00000123  PMMCTL1_H                                 
00000122  PMMCTL1_L                                 
0000012c  PMMIFG                                    
0000012d  PMMIFG_H                                  
0000012c  PMMIFG_L                                  
0000012e  PMMRIE                                    
0000012f  PMMRIE_H                                  
0000012e  PMMRIE_L                                  
000106d4  PMM_setVCore                              
0001038a  PMM_setVCoreDown                          
000101d4  PMM_setVCoreUp                            
00000904  PUCTL                                     
00000905  PUCTL_H                                   
00000904  PUCTL_L                                   
00000158  RCCTL0                                    
00000159  RCCTL0_H                                  
00000158  RCCTL0_L                                  
000001b0  REFCTL0                                   
000001b1  REFCTL0_H                                 
000001b0  REFCTL0_L                                 
000004e4  RES0                                      
000004e5  RES0_H                                    
000004e4  RES0_L                                    
000004e6  RES1                                      
000004e7  RES1_H                                    
000004e6  RES1_L                                    
000004e8  RES2                                      
000004e9  RES2_H                                    
000004e8  RES2_L                                    
000004ea  RES3                                      
000004eb  RES3_H                                    
000004ea  RES3_L                                    
000004cc  RESHI                                     
000004cd  RESHI_H                                   
000004cc  RESHI_L                                   
000004ca  RESLO                                     
000004cb  RESLO_H                                   
000004ca  RESLO_L                                   
000004ba  RTCADOWDAY                                
000004bb  RTCADOWDAY_H                              
000004ba  RTCADOWDAY_L                              
000004b8  RTCAMINHR                                 
000004b9  RTCAMINHR_H                               
000004b8  RTCAMINHR_L                               
000004a0  RTCCTL01                                  
000004a1  RTCCTL01_H                                
000004a0  RTCCTL01_L                                
000004a2  RTCCTL23                                  
000004a3  RTCCTL23_H                                
000004a2  RTCCTL23_L                                
000004b4  RTCDATE                                   
000004b5  RTCDATE_H                                 
000004b4  RTCDATE_L                                 
000004ae  RTCIV                                     
000004ac  RTCPS                                     
000004a8  RTCPS0CTL                                 
000004a9  RTCPS0CTL_H                               
000004a8  RTCPS0CTL_L                               
000004aa  RTCPS1CTL                                 
000004ab  RTCPS1CTL_H                               
000004aa  RTCPS1CTL_L                               
000004ad  RTCPS_H                                   
000004ac  RTCPS_L                                   
000004b0  RTCTIM0                                   
000004b1  RTCTIM0_H                                 
000004b0  RTCTIM0_L                                 
000004b2  RTCTIM1                                   
000004b3  RTCTIM1_H                                 
000004b2  RTCTIM1_L                                 
000004b6  RTCYEAR                                   
000004b7  RTCYEAR_H                                 
000004b6  RTCYEAR_L                                 
00000100  SFRIE1                                    
00000101  SFRIE1_H                                  
00000100  SFRIE1_L                                  
00000102  SFRIFG1                                   
00000103  SFRIFG1_H                                 
00000102  SFRIFG1_L                                 
00000104  SFRRPCR                                   
00000105  SFRRPCR_H                                 
00000104  SFRRPCR_L                                 
000004ce  SUMEXT                                    
000004cf  SUMEXT_H                                  
000004ce  SUMEXT_L                                  
00000124  SVSMHCTL                                  
00000125  SVSMHCTL_H                                
00000124  SVSMHCTL_L                                
00000128  SVSMIO                                    
00000129  SVSMIO_H                                  
00000128  SVSMIO_L                                  
00000126  SVSMLCTL                                  
00000127  SVSMLCTL_H                                
00000126  SVSMLCTL_L                                
00000198  SYSBERRIV                                 
00000199  SYSBERRIV_H                               
00000198  SYSBERRIV_L                               
00000182  SYSBSLC                                   
00000183  SYSBSLC_H                                 
00000182  SYSBSLC_L                                 
00000180  SYSCTL                                    
00000181  SYSCTL_H                                  
00000180  SYSCTL_L                                  
00000186  SYSJMBC                                   
00000187  SYSJMBC_H                                 
00000186  SYSJMBC_L                                 
00000188  SYSJMBI0                                  
00000189  SYSJMBI0_H                                
00000188  SYSJMBI0_L                                
0000018a  SYSJMBI1                                  
0000018b  SYSJMBI1_H                                
0000018a  SYSJMBI1_L                                
0000018c  SYSJMBO0                                  
0000018d  SYSJMBO0_H                                
0000018c  SYSJMBO0_L                                
0000018e  SYSJMBO1                                  
0000018f  SYSJMBO1_H                                
0000018e  SYSJMBO1_L                                
0000019e  SYSRSTIV                                  
0000019f  SYSRSTIV_H                                
0000019e  SYSRSTIV_L                                
0000019c  SYSSNIV                                   
0000019d  SYSSNIV_H                                 
0000019c  SYSSNIV_L                                 
0000019a  SYSUNIV                                   
0000019b  SYSUNIV_H                                 
0000019a  SYSUNIV_L                                 
00001c8e  SerialRX                                  
00001c00  SerialRX128                               
00000352  TA0CCR0                                   
00000354  TA0CCR1                                   
00000356  TA0CCR2                                   
00000358  TA0CCR3                                   
0000035a  TA0CCR4                                   
00000342  TA0CCTL0                                  
00000344  TA0CCTL1                                  
00000346  TA0CCTL2                                  
00000348  TA0CCTL3                                  
0000034a  TA0CCTL4                                  
00000340  TA0CTL                                    
00000360  TA0EX0                                    
0000036e  TA0IV                                     
00000350  TA0R                                      
00000392  TA1CCR0                                   
00000394  TA1CCR1                                   
00000396  TA1CCR2                                   
00000382  TA1CCTL0                                  
00000384  TA1CCTL1                                  
00000386  TA1CCTL2                                  
00000380  TA1CTL                                    
000003a0  TA1EX0                                    
000003ae  TA1IV                                     
00000390  TA1R                                      
00000412  TA2CCR0                                   
00000414  TA2CCR1                                   
00000416  TA2CCR2                                   
00000402  TA2CCTL0                                  
00000404  TA2CCTL1                                  
00000406  TA2CCTL2                                  
00000400  TA2CTL                                    
00000420  TA2EX0                                    
0000042e  TA2IV                                     
00000410  TA2R                                      
000003d2  TB0CCR0                                   
000003d4  TB0CCR1                                   
000003d6  TB0CCR2                                   
000003d8  TB0CCR3                                   
000003da  TB0CCR4                                   
000003dc  TB0CCR5                                   
000003de  TB0CCR6                                   
000003c2  TB0CCTL0                                  
000003c4  TB0CCTL1                                  
000003c6  TB0CCTL2                                  
000003c8  TB0CCTL3                                  
000003ca  TB0CCTL4                                  
000003cc  TB0CCTL5                                  
000003ce  TB0CCTL6                                  
000003c0  TB0CTL                                    
000003e0  TB0EX0                                    
000003ee  TB0IV                                     
000003d0  TB0R                                      
000005d0  UCA0ABCTL                                 
000005c6  UCA0BRW                                   
000005c7  UCA0BRW_H                                 
000005c6  UCA0BRW_L                                 
000005c0  UCA0CTLW0                                 
000005c1  UCA0CTLW0_H                               
000005c0  UCA0CTLW0_L                               
000005dc  UCA0ICTL                                  
000005dd  UCA0ICTL_H                                
000005dc  UCA0ICTL_L                                
000005d2  UCA0IRCTL                                 
000005d3  UCA0IRCTL_H                               
000005d2  UCA0IRCTL_L                               
000005de  UCA0IV                                    
000005c8  UCA0MCTL                                  
000005cc  UCA0RXBUF                                 
000005ca  UCA0STAT                                  
000005ce  UCA0TXBUF                                 
00000610  UCA1ABCTL                                 
00000606  UCA1BRW                                   
00000607  UCA1BRW_H                                 
00000606  UCA1BRW_L                                 
00000600  UCA1CTLW0                                 
00000601  UCA1CTLW0_H                               
00000600  UCA1CTLW0_L                               
0000061c  UCA1ICTL                                  
0000061d  UCA1ICTL_H                                
0000061c  UCA1ICTL_L                                
00000612  UCA1IRCTL                                 
00000613  UCA1IRCTL_H                               
00000612  UCA1IRCTL_L                               
0000061e  UCA1IV                                    
00000608  UCA1MCTL                                  
0000060c  UCA1RXBUF                                 
0000060a  UCA1STAT                                  
0000060e  UCA1TXBUF                                 
000005e6  UCB0BRW                                   
000005e7  UCB0BRW_H                                 
000005e6  UCB0BRW_L                                 
000005e0  UCB0CTLW0                                 
000005e1  UCB0CTLW0_H                               
000005e0  UCB0CTLW0_L                               
000005f0  UCB0I2COA                                 
000005f1  UCB0I2COA_H                               
000005f0  UCB0I2COA_L                               
000005f2  UCB0I2CSA                                 
000005f3  UCB0I2CSA_H                               
000005f2  UCB0I2CSA_L                               
000005fc  UCB0ICTL                                  
000005fd  UCB0ICTL_H                                
000005fc  UCB0ICTL_L                                
000005fe  UCB0IV                                    
000005ec  UCB0RXBUF                                 
000005ea  UCB0STAT                                  
000005ee  UCB0TXBUF                                 
00000626  UCB1BRW                                   
00000627  UCB1BRW_H                                 
00000626  UCB1BRW_L                                 
00000620  UCB1CTLW0                                 
00000621  UCB1CTLW0_H                               
00000620  UCB1CTLW0_L                               
00000630  UCB1I2COA                                 
00000631  UCB1I2COA_H                               
00000630  UCB1I2COA_L                               
00000632  UCB1I2CSA                                 
00000633  UCB1I2CSA_H                               
00000632  UCB1I2CSA_L                               
0000063c  UCB1ICTL                                  
0000063d  UCB1ICTL_H                                
0000063c  UCB1ICTL_L                                
0000063e  UCB1IV                                    
0000062c  UCB1RXBUF                                 
0000062a  UCB1STAT                                  
0000062e  UCB1TXBUF                                 
00000160  UCSCTL0                                   
00000161  UCSCTL0_H                                 
00000160  UCSCTL0_L                                 
00000162  UCSCTL1                                   
00000163  UCSCTL1_H                                 
00000162  UCSCTL1_L                                 
00000164  UCSCTL2                                   
00000165  UCSCTL2_H                                 
00000164  UCSCTL2_L                                 
00000166  UCSCTL3                                   
00000167  UCSCTL3_H                                 
00000166  UCSCTL3_L                                 
00000168  UCSCTL4                                   
00000169  UCSCTL4_H                                 
00000168  UCSCTL4_L                                 
0000016a  UCSCTL5                                   
0000016b  UCSCTL5_H                                 
0000016a  UCSCTL5_L                                 
0000016c  UCSCTL6                                   
0000016d  UCSCTL6_H                                 
0000016c  UCSCTL6_L                                 
0000016e  UCSCTL7                                   
0000016f  UCSCTL7_H                                 
0000016e  UCSCTL7_L                                 
00000170  UCSCTL8                                   
00000171  UCSCTL8_H                                 
00000170  UCSCTL8_L                                 
000104be  UCS_clockSignalInit                       
000100f2  UCS_initFLL                               
0001078c  UCS_initFLLSettle                         
00010942  USCI_A_UART_clearInterruptFlag            
00010844  USCI_A_UART_disableInterrupt              
000102b4  USCI_UART_init                            
0000015c  WDTCTL                                    
0000015d  WDTCTL_H                                  
0000015c  WDTCTL_L                                  
000108b4  WDT_A_resetTimer                          
000108d0  WDT_A_start                               
0001091a  WDT_A_watchdogTimerInit                   
00006400  __STACK_END                               
000000a0  __STACK_SIZE                              
0000809a  __TI_CINIT_Base                           
000080aa  __TI_CINIT_Limit                          
00008088  __TI_Handler_Table_Base                   
00008094  __TI_Handler_Table_Limit                  
UNDEFED   __TI_INITARRAY_Base                       
UNDEFED   __TI_INITARRAY_Limit                      
0000801a  __TI_ISR_TRAP                             
00010904  __TI_decompress_none                      
00010964  __TI_decompress_rle24                     
0000ffca  __TI_int37                                
0000ffcc  __TI_int38                                
0000ffce  __TI_int39                                
0000ffd0  __TI_int40                                
0000ffd4  __TI_int42                                
0000ffd8  __TI_int44                                
0000ffda  __TI_int45                                
0000ffdc  __TI_int46                                
0000ffde  __TI_int47                                
0000ffe0  __TI_int48                                
0000ffe2  __TI_int49                                
0000ffe4  __TI_int50                                
0000ffe6  __TI_int51                                
0000ffe8  __TI_int52                                
0000ffea  __TI_int53                                
0000ffec  __TI_int54                                
0000ffee  __TI_int55                                
0000fff0  __TI_int56                                
0000fff2  __TI_int57                                
0000fff4  __TI_int58                                
0000fff6  __TI_int59                                
0000fff8  __TI_int60                                
0000fffa  __TI_int61                                
0000fffc  __TI_int62                                
00010890  __TI_zero_init                            
ffffffff  __binit__                                 
ffffffff  __c_args__                                
0001074c  __mspabi_sral_1                           
00010728  __mspabi_sral_10                          
00010724  __mspabi_sral_11                          
00010720  __mspabi_sral_12                          
0001071c  __mspabi_sral_13                          
00010718  __mspabi_sral_14                          
00010714  __mspabi_sral_15                          
00010748  __mspabi_sral_2                           
00010744  __mspabi_sral_3                           
00010740  __mspabi_sral_4                           
0001073c  __mspabi_sral_5                           
00010738  __mspabi_sral_6                           
00010734  __mspabi_sral_7                           
00010730  __mspabi_sral_8                           
0001072c  __mspabi_sral_9                           
0001042c  _auto_init_hold_wdt                       
00008000  _c_int00_noargs_noexit                    
0000fffe  _reset_vector                             
00006360  _stack                                    
0001096a  _system_pre_init                          
0001096e  abort                                     
ffffffff  binit                                     
00001c82  dbg_keys                                  
00008068  dbg_keys_sz                               
00010680  debug_scan                                
0001094e  flush                                     
000107c2  get_enum                                  
00001c80  hooks                                     
00010000  init                                      
00010752  is_equal                                  
0001054e  main                                      
000107f2  memcpy                                    
0001062a  push                                      
0001086a  put_cstr                                  
000108ec  putch                                     
0001095a  room_l                                    
0001092e  room_r                                    


GLOBAL SYMBOLS: SORTED BY Symbol Address 

address   name                                      
-------   ----                                      
000000a0  __STACK_SIZE                              
00000100  SFRIE1                                    
00000100  SFRIE1_L                                  
00000101  SFRIE1_H                                  
00000102  SFRIFG1                                   
00000102  SFRIFG1_L                                 
00000103  SFRIFG1_H                                 
00000104  SFRRPCR                                   
00000104  SFRRPCR_L                                 
00000105  SFRRPCR_H                                 
00000120  PMMCTL0                                   
00000120  PMMCTL0_L                                 
00000121  PMMCTL0_H                                 
00000122  PMMCTL1                                   
00000122  PMMCTL1_L                                 
00000123  PMMCTL1_H                                 
00000124  SVSMHCTL                                  
00000124  SVSMHCTL_L                                
00000125  SVSMHCTL_H                                
00000126  SVSMLCTL                                  
00000126  SVSMLCTL_L                                
00000127  SVSMLCTL_H                                
00000128  SVSMIO                                    
00000128  SVSMIO_L                                  
00000129  SVSMIO_H                                  
0000012c  PMMIFG                                    
0000012c  PMMIFG_L                                  
0000012d  PMMIFG_H                                  
0000012e  PMMRIE                                    
0000012e  PMMRIE_L                                  
0000012f  PMMRIE_H                                  
00000130  PM5CTL0                                   
00000130  PM5CTL0_L                                 
00000131  PM5CTL0_H                                 
00000140  FCTL1                                     
00000140  FCTL1_L                                   
00000141  FCTL1_H                                   
00000144  FCTL3                                     
00000144  FCTL3_L                                   
00000145  FCTL3_H                                   
00000146  FCTL4                                     
00000146  FCTL4_L                                   
00000147  FCTL4_H                                   
00000150  CRCDI                                     
00000150  CRCDI_L                                   
00000151  CRCDI_H                                   
00000152  CRCDIRB                                   
00000152  CRCDIRB_L                                 
00000153  CRCDIRB_H                                 
00000154  CRCINIRES                                 
00000154  CRCINIRES_L                               
00000155  CRCINIRES_H                               
00000156  CRCRESR                                   
00000156  CRCRESR_L                                 
00000157  CRCRESR_H                                 
00000158  RCCTL0                                    
00000158  RCCTL0_L                                  
00000159  RCCTL0_H                                  
0000015c  WDTCTL                                    
0000015c  WDTCTL_L                                  
0000015d  WDTCTL_H                                  
00000160  UCSCTL0                                   
00000160  UCSCTL0_L                                 
00000161  UCSCTL0_H                                 
00000162  UCSCTL1                                   
00000162  UCSCTL1_L                                 
00000163  UCSCTL1_H                                 
00000164  UCSCTL2                                   
00000164  UCSCTL2_L                                 
00000165  UCSCTL2_H                                 
00000166  UCSCTL3                                   
00000166  UCSCTL3_L                                 
00000167  UCSCTL3_H                                 
00000168  UCSCTL4                                   
00000168  UCSCTL4_L                                 
00000169  UCSCTL4_H                                 
0000016a  UCSCTL5                                   
0000016a  UCSCTL5_L                                 
0000016b  UCSCTL5_H                                 
0000016c  UCSCTL6                                   
0000016c  UCSCTL6_L                                 
0000016d  UCSCTL6_H                                 
0000016e  UCSCTL7                                   
0000016e  UCSCTL7_L                                 
0000016f  UCSCTL7_H                                 
00000170  UCSCTL8                                   
00000170  UCSCTL8_L                                 
00000171  UCSCTL8_H                                 
00000180  SYSCTL                                    
00000180  SYSCTL_L                                  
00000181  SYSCTL_H                                  
00000182  SYSBSLC                                   
00000182  SYSBSLC_L                                 
00000183  SYSBSLC_H                                 
00000186  SYSJMBC                                   
00000186  SYSJMBC_L                                 
00000187  SYSJMBC_H                                 
00000188  SYSJMBI0                                  
00000188  SYSJMBI0_L                                
00000189  SYSJMBI0_H                                
0000018a  SYSJMBI1                                  
0000018a  SYSJMBI1_L                                
0000018b  SYSJMBI1_H                                
0000018c  SYSJMBO0                                  
0000018c  SYSJMBO0_L                                
0000018d  SYSJMBO0_H                                
0000018e  SYSJMBO1                                  
0000018e  SYSJMBO1_L                                
0000018f  SYSJMBO1_H                                
00000198  SYSBERRIV                                 
00000198  SYSBERRIV_L                               
00000199  SYSBERRIV_H                               
0000019a  SYSUNIV                                   
0000019a  SYSUNIV_L                                 
0000019b  SYSUNIV_H                                 
0000019c  SYSSNIV                                   
0000019c  SYSSNIV_L                                 
0000019d  SYSSNIV_H                                 
0000019e  SYSRSTIV                                  
0000019e  SYSRSTIV_L                                
0000019f  SYSRSTIV_H                                
000001b0  REFCTL0                                   
000001b0  REFCTL0_L                                 
000001b1  REFCTL0_H                                 
000001c0  PMAPKEYID                                 
000001c0  PMAPKEYID_L                               
000001c1  PMAPKEYID_H                               
000001c2  PMAPCTL                                   
000001c2  PMAPCTL_L                                 
000001c3  PMAPCTL_H                                 
000001d0  P2MAP01                                   
000001d0  P2MAP01_L                                 
000001d1  P2MAP01_H                                 
000001d2  P2MAP23                                   
000001d2  P2MAP23_L                                 
000001d3  P2MAP23_H                                 
000001d4  P2MAP45                                   
000001d4  P2MAP45_L                                 
000001d5  P2MAP45_H                                 
000001d6  P2MAP67                                   
000001d6  P2MAP67_L                                 
000001d7  P2MAP67_H                                 
00000200  PAIN                                      
00000200  PAIN_L                                    
00000201  PAIN_H                                    
00000202  PAOUT                                     
00000202  PAOUT_L                                   
00000203  PAOUT_H                                   
00000204  PADIR                                     
00000204  PADIR_L                                   
00000205  PADIR_H                                   
00000206  PAREN                                     
00000206  PAREN_L                                   
00000207  PAREN_H                                   
00000208  PADS                                      
00000208  PADS_L                                    
00000209  PADS_H                                    
0000020a  PASEL                                     
0000020a  PASEL_L                                   
0000020b  PASEL_H                                   
0000020e  P1IV                                      
00000218  PAIES                                     
00000218  PAIES_L                                   
00000219  PAIES_H                                   
0000021a  PAIE                                      
0000021a  PAIE_L                                    
0000021b  PAIE_H                                    
0000021c  PAIFG                                     
0000021c  PAIFG_L                                   
0000021d  PAIFG_H                                   
0000021e  P2IV                                      
00000220  PBIN                                      
00000220  PBIN_L                                    
00000221  PBIN_H                                    
00000222  PBOUT                                     
00000222  PBOUT_L                                   
00000223  PBOUT_H                                   
00000224  PBDIR                                     
00000224  PBDIR_L                                   
00000225  PBDIR_H                                   
00000226  PBREN                                     
00000226  PBREN_L                                   
00000227  PBREN_H                                   
00000228  PBDS                                      
00000228  PBDS_L                                    
00000229  PBDS_H                                    
0000022a  PBSEL                                     
0000022a  PBSEL_L                                   
0000022b  PBSEL_H                                   
0000022e  P3IV                                      
00000238  PBIES                                     
00000238  PBIES_L                                   
00000239  PBIES_H                                   
0000023a  PBIE                                      
0000023a  PBIE_L                                    
0000023b  PBIE_H                                    
0000023c  PBIFG                                     
0000023c  PBIFG_L                                   
0000023d  PBIFG_H                                   
0000023e  P4IV                                      
00000240  PCIN                                      
00000240  PCIN_L                                    
00000241  PCIN_H                                    
00000242  PCOUT                                     
00000242  PCOUT_L                                   
00000243  PCOUT_H                                   
00000244  PCDIR                                     
00000244  PCDIR_L                                   
00000245  PCDIR_H                                   
00000246  PCREN                                     
00000246  PCREN_L                                   
00000247  PCREN_H                                   
00000248  PCDS                                      
00000248  PCDS_L                                    
00000249  PCDS_H                                    
0000024a  PCSEL                                     
0000024a  PCSEL_L                                   
0000024b  PCSEL_H                                   
00000260  PDIN                                      
00000260  PDIN_L                                    
00000261  PDIN_H                                    
00000262  PDOUT                                     
00000262  PDOUT_L                                   
00000263  PDOUT_H                                   
00000264  PDDIR                                     
00000264  PDDIR_L                                   
00000265  PDDIR_H                                   
00000266  PDREN                                     
00000266  PDREN_L                                   
00000267  PDREN_H                                   
00000268  PDDS                                      
00000268  PDDS_L                                    
00000269  PDDS_H                                    
0000026a  PDSEL                                     
0000026a  PDSEL_L                                   
0000026b  PDSEL_H                                   
00000280  PEIN                                      
00000280  PEIN_L                                    
00000281  PEIN_H                                    
00000282  PEOUT                                     
00000282  PEOUT_L                                   
00000283  PEOUT_H                                   
00000284  PEDIR                                     
00000284  PEDIR_L                                   
00000285  PEDIR_H                                   
00000286  PEREN                                     
00000286  PEREN_L                                   
00000287  PEREN_H                                   
00000288  PEDS                                      
00000288  PEDS_L                                    
00000289  PEDS_H                                    
0000028a  PESEL                                     
0000028a  PESEL_L                                   
0000028b  PESEL_H                                   
00000320  PJIN                                      
00000320  PJIN_L                                    
00000321  PJIN_H                                    
00000322  PJOUT                                     
00000322  PJOUT_L                                   
00000323  PJOUT_H                                   
00000324  PJDIR                                     
00000324  PJDIR_L                                   
00000325  PJDIR_H                                   
00000326  PJREN                                     
00000326  PJREN_L                                   
00000327  PJREN_H                                   
00000328  PJDS                                      
00000328  PJDS_L                                    
00000329  PJDS_H                                    
00000340  TA0CTL                                    
00000342  TA0CCTL0                                  
00000344  TA0CCTL1                                  
00000346  TA0CCTL2                                  
00000348  TA0CCTL3                                  
0000034a  TA0CCTL4                                  
00000350  TA0R                                      
00000352  TA0CCR0                                   
00000354  TA0CCR1                                   
00000356  TA0CCR2                                   
00000358  TA0CCR3                                   
0000035a  TA0CCR4                                   
00000360  TA0EX0                                    
0000036e  TA0IV                                     
00000380  TA1CTL                                    
00000382  TA1CCTL0                                  
00000384  TA1CCTL1                                  
00000386  TA1CCTL2                                  
00000390  TA1R                                      
00000392  TA1CCR0                                   
00000394  TA1CCR1                                   
00000396  TA1CCR2                                   
000003a0  TA1EX0                                    
000003ae  TA1IV                                     
000003c0  TB0CTL                                    
000003c2  TB0CCTL0                                  
000003c4  TB0CCTL1                                  
000003c6  TB0CCTL2                                  
000003c8  TB0CCTL3                                  
000003ca  TB0CCTL4                                  
000003cc  TB0CCTL5                                  
000003ce  TB0CCTL6                                  
000003d0  TB0R                                      
000003d2  TB0CCR0                                   
000003d4  TB0CCR1                                   
000003d6  TB0CCR2                                   
000003d8  TB0CCR3                                   
000003da  TB0CCR4                                   
000003dc  TB0CCR5                                   
000003de  TB0CCR6                                   
000003e0  TB0EX0                                    
000003ee  TB0IV                                     
00000400  TA2CTL                                    
00000402  TA2CCTL0                                  
00000404  TA2CCTL1                                  
00000406  TA2CCTL2                                  
00000410  TA2R                                      
00000412  TA2CCR0                                   
00000414  TA2CCR1                                   
00000416  TA2CCR2                                   
00000420  TA2EX0                                    
0000042e  TA2IV                                     
00000480  BAKMEM0                                   
00000480  BAKMEM0_L                                 
00000481  BAKMEM0_H                                 
00000482  BAKMEM1                                   
00000482  BAKMEM1_L                                 
00000483  BAKMEM1_H                                 
00000484  BAKMEM2                                   
00000484  BAKMEM2_L                                 
00000485  BAKMEM2_H                                 
00000486  BAKMEM3                                   
00000486  BAKMEM3_L                                 
00000487  BAKMEM3_H                                 
0000049c  BAKCTL                                    
0000049c  BAKCTL_L                                  
0000049d  BAKCTL_H                                  
0000049e  BAKCHCTL                                  
0000049e  BAKCHCTL_L                                
0000049f  BAKCHCTL_H                                
000004a0  RTCCTL01                                  
000004a0  RTCCTL01_L                                
000004a1  RTCCTL01_H                                
000004a2  RTCCTL23                                  
000004a2  RTCCTL23_L                                
000004a3  RTCCTL23_H                                
000004a8  RTCPS0CTL                                 
000004a8  RTCPS0CTL_L                               
000004a9  RTCPS0CTL_H                               
000004aa  RTCPS1CTL                                 
000004aa  RTCPS1CTL_L                               
000004ab  RTCPS1CTL_H                               
000004ac  RTCPS                                     
000004ac  RTCPS_L                                   
000004ad  RTCPS_H                                   
000004ae  RTCIV                                     
000004b0  RTCTIM0                                   
000004b0  RTCTIM0_L                                 
000004b1  RTCTIM0_H                                 
000004b2  RTCTIM1                                   
000004b2  RTCTIM1_L                                 
000004b3  RTCTIM1_H                                 
000004b4  RTCDATE                                   
000004b4  RTCDATE_L                                 
000004b5  RTCDATE_H                                 
000004b6  RTCYEAR                                   
000004b6  RTCYEAR_L                                 
000004b7  RTCYEAR_H                                 
000004b8  RTCAMINHR                                 
000004b8  RTCAMINHR_L                               
000004b9  RTCAMINHR_H                               
000004ba  RTCADOWDAY                                
000004ba  RTCADOWDAY_L                              
000004bb  RTCADOWDAY_H                              
000004bc  BIN2BCD                                   
000004be  BCD2BIN                                   
000004c0  MPY                                       
000004c0  MPY_L                                     
000004c1  MPY_H                                     
000004c2  MPYS                                      
000004c2  MPYS_L                                    
000004c3  MPYS_H                                    
000004c4  MAC                                       
000004c4  MAC_L                                     
000004c5  MAC_H                                     
000004c6  MACS                                      
000004c6  MACS_L                                    
000004c7  MACS_H                                    
000004c8  OP2                                       
000004c8  OP2_L                                     
000004c9  OP2_H                                     
000004ca  RESLO                                     
000004ca  RESLO_L                                   
000004cb  RESLO_H                                   
000004cc  RESHI                                     
000004cc  RESHI_L                                   
000004cd  RESHI_H                                   
000004ce  SUMEXT                                    
000004ce  SUMEXT_L                                  
000004cf  SUMEXT_H                                  
000004d0  MPY32L                                    
000004d0  MPY32L_L                                  
000004d1  MPY32L_H                                  
000004d2  MPY32H                                    
000004d2  MPY32H_L                                  
000004d3  MPY32H_H                                  
000004d4  MPYS32L                                   
000004d4  MPYS32L_L                                 
000004d5  MPYS32L_H                                 
000004d6  MPYS32H                                   
000004d6  MPYS32H_L                                 
000004d7  MPYS32H_H                                 
000004d8  MAC32L                                    
000004d8  MAC32L_L                                  
000004d9  MAC32L_H                                  
000004da  MAC32H                                    
000004da  MAC32H_L                                  
000004db  MAC32H_H                                  
000004dc  MACS32L                                   
000004dc  MACS32L_L                                 
000004dd  MACS32L_H                                 
000004de  MACS32H                                   
000004de  MACS32H_L                                 
000004df  MACS32H_H                                 
000004e0  OP2L                                      
000004e0  OP2L_L                                    
000004e1  OP2L_H                                    
000004e2  OP2H                                      
000004e2  OP2H_L                                    
000004e3  OP2H_H                                    
000004e4  RES0                                      
000004e4  RES0_L                                    
000004e5  RES0_H                                    
000004e6  RES1                                      
000004e6  RES1_L                                    
000004e7  RES1_H                                    
000004e8  RES2                                      
000004e8  RES2_L                                    
000004e9  RES2_H                                    
000004ea  RES3                                      
000004ea  RES3_L                                    
000004eb  RES3_H                                    
000004ec  MPY32CTL0                                 
000004ec  MPY32CTL0_L                               
000004ed  MPY32CTL0_H                               
00000500  DMACTL0                                   
00000500  DMACTL0_L                                 
00000501  DMACTL0_H                                 
00000502  DMACTL1                                   
00000502  DMACTL1_L                                 
00000503  DMACTL1_H                                 
00000504  DMACTL2                                   
00000504  DMACTL2_L                                 
00000505  DMACTL2_H                                 
00000506  DMACTL3                                   
00000506  DMACTL3_L                                 
00000507  DMACTL3_H                                 
00000508  DMACTL4                                   
00000508  DMACTL4_L                                 
00000509  DMACTL4_H                                 
0000050e  DMAIV                                     
0000050e  DMAIV_L                                   
0000050f  DMAIV_H                                   
00000510  DMA0CTL                                   
00000510  DMA0CTL_L                                 
00000511  DMA0CTL_H                                 
00000512  DMA0SA                                    
00000512  DMA0SAL                                   
00000514  DMA0SAH                                   
00000516  DMA0DA                                    
00000516  DMA0DAL                                   
00000518  DMA0DAH                                   
0000051a  DMA0SZ                                    
00000520  DMA1CTL                                   
00000520  DMA1CTL_L                                 
00000521  DMA1CTL_H                                 
00000522  DMA1SA                                    
00000522  DMA1SAL                                   
00000524  DMA1SAH                                   
00000526  DMA1DA                                    
00000526  DMA1DAL                                   
00000528  DMA1DAH                                   
0000052a  DMA1SZ                                    
00000530  DMA2CTL                                   
00000530  DMA2CTL_L                                 
00000531  DMA2CTL_H                                 
00000532  DMA2SA                                    
00000532  DMA2SAL                                   
00000534  DMA2SAH                                   
00000536  DMA2DA                                    
00000536  DMA2DAL                                   
00000538  DMA2DAH                                   
0000053a  DMA2SZ                                    
00000540  DMA3CTL                                   
00000540  DMA3CTL_L                                 
00000541  DMA3CTL_H                                 
00000542  DMA3SA                                    
00000542  DMA3SAL                                   
00000544  DMA3SAH                                   
00000546  DMA3DA                                    
00000546  DMA3DAL                                   
00000548  DMA3DAH                                   
0000054a  DMA3SZ                                    
00000550  DMA4CTL                                   
00000550  DMA4CTL_L                                 
00000551  DMA4CTL_H                                 
00000552  DMA4SA                                    
00000552  DMA4SAL                                   
00000554  DMA4SAH                                   
00000556  DMA4DA                                    
00000556  DMA4DAL                                   
00000558  DMA4DAH                                   
0000055a  DMA4SZ                                    
00000560  DMA5CTL                                   
00000560  DMA5CTL_L                                 
00000561  DMA5CTL_H                                 
00000562  DMA5SA                                    
00000562  DMA5SAL                                   
00000564  DMA5SAH                                   
00000566  DMA5DA                                    
00000566  DMA5DAL                                   
00000568  DMA5DAH                                   
0000056a  DMA5SZ                                    
000005c0  UCA0CTLW0                                 
000005c0  UCA0CTLW0_L                               
000005c1  UCA0CTLW0_H                               
000005c6  UCA0BRW                                   
000005c6  UCA0BRW_L                                 
000005c7  UCA0BRW_H                                 
000005c8  UCA0MCTL                                  
000005ca  UCA0STAT                                  
000005cc  UCA0RXBUF                                 
000005ce  UCA0TXBUF                                 
000005d0  UCA0ABCTL                                 
000005d2  UCA0IRCTL                                 
000005d2  UCA0IRCTL_L                               
000005d3  UCA0IRCTL_H                               
000005dc  UCA0ICTL                                  
000005dc  UCA0ICTL_L                                
000005dd  UCA0ICTL_H                                
000005de  UCA0IV                                    
000005e0  UCB0CTLW0                                 
000005e0  UCB0CTLW0_L                               
000005e1  UCB0CTLW0_H                               
000005e6  UCB0BRW                                   
000005e6  UCB0BRW_L                                 
000005e7  UCB0BRW_H                                 
000005ea  UCB0STAT                                  
000005ec  UCB0RXBUF                                 
000005ee  UCB0TXBUF                                 
000005f0  UCB0I2COA                                 
000005f0  UCB0I2COA_L                               
000005f1  UCB0I2COA_H                               
000005f2  UCB0I2CSA                                 
000005f2  UCB0I2CSA_L                               
000005f3  UCB0I2CSA_H                               
000005fc  UCB0ICTL                                  
000005fc  UCB0ICTL_L                                
000005fd  UCB0ICTL_H                                
000005fe  UCB0IV                                    
00000600  UCA1CTLW0                                 
00000600  UCA1CTLW0_L                               
00000601  UCA1CTLW0_H                               
00000606  UCA1BRW                                   
00000606  UCA1BRW_L                                 
00000607  UCA1BRW_H                                 
00000608  UCA1MCTL                                  
0000060a  UCA1STAT                                  
0000060c  UCA1RXBUF                                 
0000060e  UCA1TXBUF                                 
00000610  UCA1ABCTL                                 
00000612  UCA1IRCTL                                 
00000612  UCA1IRCTL_L                               
00000613  UCA1IRCTL_H                               
0000061c  UCA1ICTL                                  
0000061c  UCA1ICTL_L                                
0000061d  UCA1ICTL_H                                
0000061e  UCA1IV                                    
00000620  UCB1CTLW0                                 
00000620  UCB1CTLW0_L                               
00000621  UCB1CTLW0_H                               
00000626  UCB1BRW                                   
00000626  UCB1BRW_L                                 
00000627  UCB1BRW_H                                 
0000062a  UCB1STAT                                  
0000062c  UCB1RXBUF                                 
0000062e  UCB1TXBUF                                 
00000630  UCB1I2COA                                 
00000630  UCB1I2COA_L                               
00000631  UCB1I2COA_H                               
00000632  UCB1I2CSA                                 
00000632  UCB1I2CSA_L                               
00000633  UCB1I2CSA_H                               
0000063c  UCB1ICTL                                  
0000063c  UCB1ICTL_L                                
0000063d  UCB1ICTL_H                                
0000063e  UCB1IV                                    
00000700  ADC12CTL0                                 
00000700  ADC12CTL0_L                               
00000701  ADC12CTL0_H                               
00000702  ADC12CTL1                                 
00000702  ADC12CTL1_L                               
00000703  ADC12CTL1_H                               
00000704  ADC12CTL2                                 
00000704  ADC12CTL2_L                               
00000705  ADC12CTL2_H                               
0000070a  ADC12IFG                                  
0000070a  ADC12IFG_L                                
0000070b  ADC12IFG_H                                
0000070c  ADC12IE                                   
0000070c  ADC12IE_L                                 
0000070d  ADC12IE_H                                 
0000070e  ADC12IV                                   
0000070e  ADC12IV_L                                 
0000070f  ADC12IV_H                                 
00000710  ADC12MCTL0                                
00000711  ADC12MCTL1                                
00000712  ADC12MCTL2                                
00000713  ADC12MCTL3                                
00000714  ADC12MCTL4                                
00000715  ADC12MCTL5                                
00000716  ADC12MCTL6                                
00000717  ADC12MCTL7                                
00000718  ADC12MCTL8                                
00000719  ADC12MCTL9                                
0000071a  ADC12MCTL10                               
0000071b  ADC12MCTL11                               
0000071c  ADC12MCTL12                               
0000071d  ADC12MCTL13                               
0000071e  ADC12MCTL14                               
0000071f  ADC12MCTL15                               
00000720  ADC12MEM0                                 
00000720  ADC12MEM0_L                               
00000721  ADC12MEM0_H                               
00000722  ADC12MEM1                                 
00000722  ADC12MEM1_L                               
00000723  ADC12MEM1_H                               
00000724  ADC12MEM2                                 
00000724  ADC12MEM2_L                               
00000725  ADC12MEM2_H                               
00000726  ADC12MEM3                                 
00000726  ADC12MEM3_L                               
00000727  ADC12MEM3_H                               
00000728  ADC12MEM4                                 
00000728  ADC12MEM4_L                               
00000729  ADC12MEM4_H                               
0000072a  ADC12MEM5                                 
0000072a  ADC12MEM5_L                               
0000072b  ADC12MEM5_H                               
0000072c  ADC12MEM6                                 
0000072c  ADC12MEM6_L                               
0000072d  ADC12MEM6_H                               
0000072e  ADC12MEM7                                 
0000072e  ADC12MEM7_L                               
0000072f  ADC12MEM7_H                               
00000730  ADC12MEM8                                 
00000730  ADC12MEM8_L                               
00000731  ADC12MEM8_H                               
00000732  ADC12MEM9                                 
00000732  ADC12MEM9_L                               
00000733  ADC12MEM9_H                               
00000734  ADC12MEM10                                
00000734  ADC12MEM10_L                              
00000735  ADC12MEM10_H                              
00000736  ADC12MEM11                                
00000736  ADC12MEM11_L                              
00000737  ADC12MEM11_H                              
00000738  ADC12MEM12                                
00000738  ADC12MEM12_L                              
00000739  ADC12MEM12_H                              
0000073a  ADC12MEM13                                
0000073a  ADC12MEM13_L                              
0000073b  ADC12MEM13_H                              
0000073c  ADC12MEM14                                
0000073c  ADC12MEM14_L                              
0000073d  ADC12MEM14_H                              
0000073e  ADC12MEM15                                
0000073e  ADC12MEM15_L                              
0000073f  ADC12MEM15_H                              
000008c0  CBCTL0                                    
000008c0  CBCTL0_L                                  
000008c1  CBCTL0_H                                  
000008c2  CBCTL1                                    
000008c2  CBCTL1_L                                  
000008c3  CBCTL1_H                                  
000008c4  CBCTL2                                    
000008c4  CBCTL2_L                                  
000008c5  CBCTL2_H                                  
000008c6  CBCTL3                                    
000008c6  CBCTL3_L                                  
000008c7  CBCTL3_H                                  
000008cc  CBINT                                     
000008cc  CBINT_L                                   
000008cd  CBINT_H                                   
000008ce  CBIV                                      
00000900  LDOKEYPID                                 
00000900  LDOKEYPID_L                               
00000901  LDOKEYPID_H                               
00000904  PUCTL                                     
00000904  PUCTL_L                                   
00000905  PUCTL_H                                   
00000908  LDOPWRCTL                                 
00000908  LDOPWRCTL_L                               
00000909  LDOPWRCTL_H                               
00001c00  SerialRX128                               
00001c80  hooks                                     
00001c82  dbg_keys                                  
00001c8e  SerialRX                                  
00006360  _stack                                    
00006400  __STACK_END                               
00008000  _c_int00_noargs_noexit                    
0000801a  __TI_ISR_TRAP                             
00008068  dbg_keys_sz                               
00008088  __TI_Handler_Table_Base                   
00008094  __TI_Handler_Table_Limit                  
0000809a  __TI_CINIT_Base                           
000080aa  __TI_CINIT_Limit                          
0000ffca  __TI_int37                                
0000ffcc  __TI_int38                                
0000ffce  __TI_int39                                
0000ffd0  __TI_int40                                
0000ffd4  __TI_int42                                
0000ffd8  __TI_int44                                
0000ffda  __TI_int45                                
0000ffdc  __TI_int46                                
0000ffde  __TI_int47                                
0000ffe0  __TI_int48                                
0000ffe2  __TI_int49                                
0000ffe4  __TI_int50                                
0000ffe6  __TI_int51                                
0000ffe8  __TI_int52                                
0000ffea  __TI_int53                                
0000ffec  __TI_int54                                
0000ffee  __TI_int55                                
0000fff0  __TI_int56                                
0000fff2  __TI_int57                                
0000fff4  __TI_int58                                
0000fff6  __TI_int59                                
0000fff8  __TI_int60                                
0000fffa  __TI_int61                                
0000fffc  __TI_int62                                
0000fffe  _reset_vector                             
00010000  init                                      
000100f2  UCS_initFLL                               
000101d4  PMM_setVCoreUp                            
000102b4  USCI_UART_init                            
0001038a  PMM_setVCoreDown                          
0001042c  _auto_init_hold_wdt                       
000104be  UCS_clockSignalInit                       
0001054e  main                                      
0001062a  push                                      
00010680  debug_scan                                
000106d4  PMM_setVCore                              
00010714  __mspabi_sral_15                          
00010718  __mspabi_sral_14                          
0001071c  __mspabi_sral_13                          
00010720  __mspabi_sral_12                          
00010724  __mspabi_sral_11                          
00010728  __mspabi_sral_10                          
0001072c  __mspabi_sral_9                           
00010730  __mspabi_sral_8                           
00010734  __mspabi_sral_7                           
00010738  __mspabi_sral_6                           
0001073c  __mspabi_sral_5                           
00010740  __mspabi_sral_4                           
00010744  __mspabi_sral_3                           
00010748  __mspabi_sral_2                           
0001074c  __mspabi_sral_1                           
00010752  is_equal                                  
0001078c  UCS_initFLLSettle                         
000107c2  get_enum                                  
000107f2  memcpy                                    
0001081c  GPIO_setAsPeripheralModuleFunctionInputPin
00010844  USCI_A_UART_disableInterrupt              
0001086a  put_cstr                                  
00010890  __TI_zero_init                            
000108b4  WDT_A_resetTimer                          
000108d0  WDT_A_start                               
000108ec  putch                                     
00010904  __TI_decompress_none                      
0001091a  WDT_A_watchdogTimerInit                   
0001092e  room_r                                    
00010942  USCI_A_UART_clearInterruptFlag            
0001094e  flush                                     
0001095a  room_l                                    
00010964  __TI_decompress_rle24                     
0001096a  _system_pre_init                          
0001096e  C$$EXIT                                   
0001096e  abort                                     
ffffffff  __binit__                                 
ffffffff  __c_args__                                
ffffffff  binit                                     
UNDEFED   __TI_INITARRAY_Base                       
UNDEFED   __TI_INITARRAY_Limit                      

[793 symbols]
