<?xml version="1.0"?>
<link_info>
   <banner>MSP430 Linker Unix v4.4.3</banner>
   <copyright>Copyright (c) 2003-2015 Texas Instruments Incorporated</copyright>
   <link_time>0x54ff5e45</link_time>
   <link_errors>0x0</link_errors>
   <output_file>msp430-OTP.out</output_file>
   <entry_point>
      <name>_c_int00_noargs_noexit</name>
      <address>0x8000</address>
   </entry_point>
   <input_file_list>
      <input_file id="fl-2">
         <path>./</path>
         <kind>object</kind>
         <file>debug.obj</file>
         <name>debug.obj</name>
      </input_file>
      <input_file id="fl-3">
         <path>./</path>
         <kind>object</kind>
         <file>hw_layer.obj</file>
         <name>hw_layer.obj</name>
      </input_file>
      <input_file id="fl-4">
         <path>./</path>
         <kind>object</kind>
         <file>main.obj</file>
         <name>main.obj</name>
      </input_file>
      <input_file id="fl-5">
         <path>./</path>
         <kind>object</kind>
         <file>serial.obj</file>
         <name>serial.obj</name>
      </input_file>
      <input_file id="fl-6">
         <path>./otp/</path>
         <kind>object</kind>
         <file>BSL430_Low_Level_Init.obj</file>
         <name>BSL430_Low_Level_Init.obj</name>
      </input_file>
      <input_file id="fl-7">
         <path>./otp/</path>
         <kind>object</kind>
         <file>cBSL_main.obj</file>
         <name>cBSL_main.obj</name>
      </input_file>
      <input_file id="fl-8">
         <path>./otp/</path>
         <kind>object</kind>
         <file>cBSL_serial.obj</file>
         <name>cBSL_serial.obj</name>
      </input_file>
      <input_file id="fl-39">
         <path>/home/sporty/ti/ccsv6/tools/compiler/ti-cgt-msp430_4.4.3/lib/</path>
         <kind>archive</kind>
         <file>rts430x_lc_ld_eabi.lib</file>
         <name>boot.obj</name>
      </input_file>
      <input_file id="fl-3a">
         <path>/home/sporty/ti/ccsv6/tools/compiler/ti-cgt-msp430_4.4.3/lib/</path>
         <kind>archive</kind>
         <file>rts430x_lc_ld_eabi.lib</file>
         <name>boot_special.obj</name>
      </input_file>
      <input_file id="fl-3b">
         <path>/home/sporty/ti/ccsv6/tools/compiler/ti-cgt-msp430_4.4.3/lib/</path>
         <kind>archive</kind>
         <file>rts430x_lc_ld_eabi.lib</file>
         <name>copy_decompress_none.obj</name>
      </input_file>
      <input_file id="fl-3c">
         <path>/home/sporty/ti/ccsv6/tools/compiler/ti-cgt-msp430_4.4.3/lib/</path>
         <kind>archive</kind>
         <file>rts430x_lc_ld_eabi.lib</file>
         <name>copy_decompress_rle.obj</name>
      </input_file>
      <input_file id="fl-3d">
         <path>/home/sporty/ti/ccsv6/tools/compiler/ti-cgt-msp430_4.4.3/lib/</path>
         <kind>archive</kind>
         <file>rts430x_lc_ld_eabi.lib</file>
         <name>copy_zero_init.obj</name>
      </input_file>
      <input_file id="fl-3e">
         <path>/home/sporty/ti/ccsv6/tools/compiler/ti-cgt-msp430_4.4.3/lib/</path>
         <kind>archive</kind>
         <file>rts430x_lc_ld_eabi.lib</file>
         <name>div16u.obj</name>
      </input_file>
      <input_file id="fl-3f">
         <path>/home/sporty/ti/ccsv6/tools/compiler/ti-cgt-msp430_4.4.3/lib/</path>
         <kind>archive</kind>
         <file>rts430x_lc_ld_eabi.lib</file>
         <name>exit.obj</name>
      </input_file>
      <input_file id="fl-40">
         <path>/home/sporty/ti/ccsv6/tools/compiler/ti-cgt-msp430_4.4.3/lib/</path>
         <kind>archive</kind>
         <file>rts430x_lc_ld_eabi.lib</file>
         <name>int37.obj</name>
      </input_file>
      <input_file id="fl-41">
         <path>/home/sporty/ti/ccsv6/tools/compiler/ti-cgt-msp430_4.4.3/lib/</path>
         <kind>archive</kind>
         <file>rts430x_lc_ld_eabi.lib</file>
         <name>int38.obj</name>
      </input_file>
      <input_file id="fl-42">
         <path>/home/sporty/ti/ccsv6/tools/compiler/ti-cgt-msp430_4.4.3/lib/</path>
         <kind>archive</kind>
         <file>rts430x_lc_ld_eabi.lib</file>
         <name>int39.obj</name>
      </input_file>
      <input_file id="fl-43">
         <path>/home/sporty/ti/ccsv6/tools/compiler/ti-cgt-msp430_4.4.3/lib/</path>
         <kind>archive</kind>
         <file>rts430x_lc_ld_eabi.lib</file>
         <name>int40.obj</name>
      </input_file>
      <input_file id="fl-44">
         <path>/home/sporty/ti/ccsv6/tools/compiler/ti-cgt-msp430_4.4.3/lib/</path>
         <kind>archive</kind>
         <file>rts430x_lc_ld_eabi.lib</file>
         <name>int42.obj</name>
      </input_file>
      <input_file id="fl-45">
         <path>/home/sporty/ti/ccsv6/tools/compiler/ti-cgt-msp430_4.4.3/lib/</path>
         <kind>archive</kind>
         <file>rts430x_lc_ld_eabi.lib</file>
         <name>int44.obj</name>
      </input_file>
      <input_file id="fl-46">
         <path>/home/sporty/ti/ccsv6/tools/compiler/ti-cgt-msp430_4.4.3/lib/</path>
         <kind>archive</kind>
         <file>rts430x_lc_ld_eabi.lib</file>
         <name>int45.obj</name>
      </input_file>
      <input_file id="fl-47">
         <path>/home/sporty/ti/ccsv6/tools/compiler/ti-cgt-msp430_4.4.3/lib/</path>
         <kind>archive</kind>
         <file>rts430x_lc_ld_eabi.lib</file>
         <name>int46.obj</name>
      </input_file>
      <input_file id="fl-48">
         <path>/home/sporty/ti/ccsv6/tools/compiler/ti-cgt-msp430_4.4.3/lib/</path>
         <kind>archive</kind>
         <file>rts430x_lc_ld_eabi.lib</file>
         <name>int47.obj</name>
      </input_file>
      <input_file id="fl-49">
         <path>/home/sporty/ti/ccsv6/tools/compiler/ti-cgt-msp430_4.4.3/lib/</path>
         <kind>archive</kind>
         <file>rts430x_lc_ld_eabi.lib</file>
         <name>int48.obj</name>
      </input_file>
      <input_file id="fl-4a">
         <path>/home/sporty/ti/ccsv6/tools/compiler/ti-cgt-msp430_4.4.3/lib/</path>
         <kind>archive</kind>
         <file>rts430x_lc_ld_eabi.lib</file>
         <name>int49.obj</name>
      </input_file>
      <input_file id="fl-4b">
         <path>/home/sporty/ti/ccsv6/tools/compiler/ti-cgt-msp430_4.4.3/lib/</path>
         <kind>archive</kind>
         <file>rts430x_lc_ld_eabi.lib</file>
         <name>int50.obj</name>
      </input_file>
      <input_file id="fl-4c">
         <path>/home/sporty/ti/ccsv6/tools/compiler/ti-cgt-msp430_4.4.3/lib/</path>
         <kind>archive</kind>
         <file>rts430x_lc_ld_eabi.lib</file>
         <name>int51.obj</name>
      </input_file>
      <input_file id="fl-4d">
         <path>/home/sporty/ti/ccsv6/tools/compiler/ti-cgt-msp430_4.4.3/lib/</path>
         <kind>archive</kind>
         <file>rts430x_lc_ld_eabi.lib</file>
         <name>int52.obj</name>
      </input_file>
      <input_file id="fl-4e">
         <path>/home/sporty/ti/ccsv6/tools/compiler/ti-cgt-msp430_4.4.3/lib/</path>
         <kind>archive</kind>
         <file>rts430x_lc_ld_eabi.lib</file>
         <name>int53.obj</name>
      </input_file>
      <input_file id="fl-4f">
         <path>/home/sporty/ti/ccsv6/tools/compiler/ti-cgt-msp430_4.4.3/lib/</path>
         <kind>archive</kind>
         <file>rts430x_lc_ld_eabi.lib</file>
         <name>int54.obj</name>
      </input_file>
      <input_file id="fl-50">
         <path>/home/sporty/ti/ccsv6/tools/compiler/ti-cgt-msp430_4.4.3/lib/</path>
         <kind>archive</kind>
         <file>rts430x_lc_ld_eabi.lib</file>
         <name>int55.obj</name>
      </input_file>
      <input_file id="fl-51">
         <path>/home/sporty/ti/ccsv6/tools/compiler/ti-cgt-msp430_4.4.3/lib/</path>
         <kind>archive</kind>
         <file>rts430x_lc_ld_eabi.lib</file>
         <name>int56.obj</name>
      </input_file>
      <input_file id="fl-52">
         <path>/home/sporty/ti/ccsv6/tools/compiler/ti-cgt-msp430_4.4.3/lib/</path>
         <kind>archive</kind>
         <file>rts430x_lc_ld_eabi.lib</file>
         <name>int57.obj</name>
      </input_file>
      <input_file id="fl-53">
         <path>/home/sporty/ti/ccsv6/tools/compiler/ti-cgt-msp430_4.4.3/lib/</path>
         <kind>archive</kind>
         <file>rts430x_lc_ld_eabi.lib</file>
         <name>int58.obj</name>
      </input_file>
      <input_file id="fl-54">
         <path>/home/sporty/ti/ccsv6/tools/compiler/ti-cgt-msp430_4.4.3/lib/</path>
         <kind>archive</kind>
         <file>rts430x_lc_ld_eabi.lib</file>
         <name>int59.obj</name>
      </input_file>
      <input_file id="fl-55">
         <path>/home/sporty/ti/ccsv6/tools/compiler/ti-cgt-msp430_4.4.3/lib/</path>
         <kind>archive</kind>
         <file>rts430x_lc_ld_eabi.lib</file>
         <name>int60.obj</name>
      </input_file>
      <input_file id="fl-56">
         <path>/home/sporty/ti/ccsv6/tools/compiler/ti-cgt-msp430_4.4.3/lib/</path>
         <kind>archive</kind>
         <file>rts430x_lc_ld_eabi.lib</file>
         <name>int61.obj</name>
      </input_file>
      <input_file id="fl-57">
         <path>/home/sporty/ti/ccsv6/tools/compiler/ti-cgt-msp430_4.4.3/lib/</path>
         <kind>archive</kind>
         <file>rts430x_lc_ld_eabi.lib</file>
         <name>int62.obj</name>
      </input_file>
      <input_file id="fl-58">
         <path>/home/sporty/ti/ccsv6/tools/compiler/ti-cgt-msp430_4.4.3/lib/</path>
         <kind>archive</kind>
         <file>rts430x_lc_ld_eabi.lib</file>
         <name>isr_trap.obj</name>
      </input_file>
      <input_file id="fl-59">
         <path>/home/sporty/ti/ccsv6/tools/compiler/ti-cgt-msp430_4.4.3/lib/</path>
         <kind>archive</kind>
         <file>rts430x_lc_ld_eabi.lib</file>
         <name>memcpy.obj</name>
      </input_file>
      <input_file id="fl-5a">
         <path>/home/sporty/ti/ccsv6/tools/compiler/ti-cgt-msp430_4.4.3/lib/</path>
         <kind>archive</kind>
         <file>rts430x_lc_ld_eabi.lib</file>
         <name>mpu_init.obj</name>
      </input_file>
      <input_file id="fl-5b">
         <path>/home/sporty/ti/ccsv6/tools/compiler/ti-cgt-msp430_4.4.3/lib/</path>
         <kind>archive</kind>
         <file>rts430x_lc_ld_eabi.lib</file>
         <name>mult1632_f5hw.obj</name>
      </input_file>
      <input_file id="fl-5c">
         <path>/home/sporty/ti/ccsv6/tools/compiler/ti-cgt-msp430_4.4.3/lib/</path>
         <kind>archive</kind>
         <file>rts430x_lc_ld_eabi.lib</file>
         <name>mult16_f5hw.obj</name>
      </input_file>
      <input_file id="fl-5d">
         <path>/home/sporty/ti/ccsv6/tools/compiler/ti-cgt-msp430_4.4.3/lib/</path>
         <kind>archive</kind>
         <file>rts430x_lc_ld_eabi.lib</file>
         <name>mult3264_f5hw.obj</name>
      </input_file>
      <input_file id="fl-5e">
         <path>/home/sporty/ti/ccsv6/tools/compiler/ti-cgt-msp430_4.4.3/lib/</path>
         <kind>archive</kind>
         <file>rts430x_lc_ld_eabi.lib</file>
         <name>mult32_f5hw.obj</name>
      </input_file>
      <input_file id="fl-5f">
         <path>/home/sporty/ti/ccsv6/tools/compiler/ti-cgt-msp430_4.4.3/lib/</path>
         <kind>archive</kind>
         <file>rts430x_lc_ld_eabi.lib</file>
         <name>mult64_f5hw.obj</name>
      </input_file>
      <input_file id="fl-60">
         <path>/home/sporty/ti/ccsv6/tools/compiler/ti-cgt-msp430_4.4.3/lib/</path>
         <kind>archive</kind>
         <file>rts430x_lc_ld_eabi.lib</file>
         <name>pre_init.obj</name>
      </input_file>
      <input_file id="fl-61">
         <path>/home/sporty/ti/ccsv6/tools/compiler/ti-cgt-msp430_4.4.3/lib/</path>
         <kind>archive</kind>
         <file>rts430x_lc_ld_eabi.lib</file>
         <name>_lock.obj</name>
      </input_file>
      <input_file id="fl-62">
         <path>/home/sporty/ti/ccsv6/tools/compiler/ti-cgt-msp430_4.4.3/lib/</path>
         <kind>archive</kind>
         <file>rts430x_lc_ld_eabi.lib</file>
         <name>args_main.obj</name>
      </input_file>
      <input_file id="fl-63">
         <path>/home/sporty/ti/ccsv6/tools/compiler/ti-cgt-msp430_4.4.3/lib/</path>
         <kind>archive</kind>
         <file>rts430x_lc_ld_eabi.lib</file>
         <name>autoinit_wdt.obj</name>
      </input_file>
      <input_file id="fl-64">
         <path>/home/sporty/ti/ccsv6/tools/compiler/ti-cgt-msp430_4.4.3/lib/</path>
         <kind>archive</kind>
         <file>rts430x_lc_ld_eabi.lib</file>
         <name>asr32.obj</name>
      </input_file>
      <input_file id="fl-65">
         <path>/work/c1202-firmware/driverlib/Debug/</path>
         <kind>archive</kind>
         <file>driverlib.lib</file>
         <name>gpio.obj</name>
      </input_file>
      <input_file id="fl-66">
         <path>/work/c1202-firmware/driverlib/Debug/</path>
         <kind>archive</kind>
         <file>driverlib.lib</file>
         <name>pmm.obj</name>
      </input_file>
      <input_file id="fl-67">
         <path>/work/c1202-firmware/driverlib/Debug/</path>
         <kind>archive</kind>
         <file>driverlib.lib</file>
         <name>ucs.obj</name>
      </input_file>
      <input_file id="fl-68">
         <path>/work/c1202-firmware/driverlib/Debug/</path>
         <kind>archive</kind>
         <file>driverlib.lib</file>
         <name>usci_a_uart.obj</name>
      </input_file>
      <input_file id="fl-69">
         <path>/work/c1202-firmware/driverlib/Debug/</path>
         <kind>archive</kind>
         <file>driverlib.lib</file>
         <name>usci_uart.obj</name>
      </input_file>
      <input_file id="fl-6a">
         <path>/work/c1202-firmware/driverlib/Debug/</path>
         <kind>archive</kind>
         <file>driverlib.lib</file>
         <name>wdt_a.obj</name>
      </input_file>
      <input_file id="fl-70">
         <path>/home/sporty/ti/ccsv6/tools/compiler/ti-cgt-msp430_4.4.3/lib/</path>
         <kind>archive</kind>
         <file>rts430x_lc_ld_eabi.lib</file>
         <name>div16s.obj</name>
      </input_file>
      <input_file id="fl-71">
         <path>/home/sporty/ti/ccsv6/tools/compiler/ti-cgt-msp430_4.4.3/lib/</path>
         <kind>archive</kind>
         <file>rts430x_lc_ld_eabi.lib</file>
         <name>div32s.obj</name>
      </input_file>
      <input_file id="fl-72">
         <path>/home/sporty/ti/ccsv6/tools/compiler/ti-cgt-msp430_4.4.3/lib/</path>
         <kind>archive</kind>
         <file>rts430x_lc_ld_eabi.lib</file>
         <name>div32u.obj</name>
      </input_file>
      <input_file id="fl-73">
         <path>/home/sporty/ti/ccsv6/tools/compiler/ti-cgt-msp430_4.4.3/lib/</path>
         <kind>archive</kind>
         <file>rts430x_lc_ld_eabi.lib</file>
         <name>lsl16.obj</name>
      </input_file>
      <input_file id="fl-74">
         <path>/home/sporty/ti/ccsv6/tools/compiler/ti-cgt-msp430_4.4.3/lib/</path>
         <kind>archive</kind>
         <file>rts430x_lc_ld_eabi.lib</file>
         <name>mult32.obj</name>
      </input_file>
   </input_file_list>
   <object_component_list>
      <object_component id="oc-d8">
         <name>.stack</name>
         <uninitialized>true</uninitialized>
         <run_address>0x6360</run_address>
         <size>0x4</size>
         <input_file_ref idref="fl-39"/>
      </object_component>
      <object_component id="oc-2eb">
         <name>.stack</name>
         <uninitialized>true</uninitialized>
         <run_address>0x6360</run_address>
         <size>0x0</size>
      </object_component>
      <object_component id="oc-16f">
         <name>.text:init</name>
         <load_address>0x10000</load_address>
         <run_address>0x10000</run_address>
         <size>0xf2</size>
         <input_file_ref idref="fl-3"/>
      </object_component>
      <object_component id="oc-233">
         <name>.text:UCS_initFLL</name>
         <load_address>0x100f2</load_address>
         <run_address>0x100f2</run_address>
         <size>0xe2</size>
         <input_file_ref idref="fl-67"/>
      </object_component>
      <object_component id="oc-23b">
         <name>.text:PMM_setVCoreUp</name>
         <load_address>0x101d4</load_address>
         <run_address>0x101d4</run_address>
         <size>0xe0</size>
         <input_file_ref idref="fl-66"/>
      </object_component>
      <object_component id="oc-1d5">
         <name>.text:USCI_UART_init</name>
         <load_address>0x102b4</load_address>
         <run_address>0x102b4</run_address>
         <size>0xd6</size>
         <input_file_ref idref="fl-69"/>
      </object_component>
      <object_component id="oc-241">
         <name>.text:PMM_setVCoreDown</name>
         <load_address>0x1038a</load_address>
         <run_address>0x1038a</run_address>
         <size>0xa2</size>
         <input_file_ref idref="fl-66"/>
      </object_component>
      <object_component id="oc-108">
         <name>.text:_auto_init_hold_wdt</name>
         <load_address>0x1042c</load_address>
         <run_address>0x1042c</run_address>
         <size>0x92</size>
         <input_file_ref idref="fl-63"/>
      </object_component>
      <object_component id="oc-1bd">
         <name>.text:UCS_clockSignalInit</name>
         <load_address>0x104be</load_address>
         <run_address>0x104be</run_address>
         <size>0x90</size>
         <input_file_ref idref="fl-67"/>
      </object_component>
      <object_component id="oc-188">
         <name>.text:push</name>
         <load_address>0x1054e</load_address>
         <run_address>0x1054e</run_address>
         <size>0x82</size>
         <input_file_ref idref="fl-5"/>
      </object_component>
      <object_component id="oc-122">
         <name>.text:main</name>
         <load_address>0x105d0</load_address>
         <run_address>0x105d0</run_address>
         <size>0x78</size>
         <input_file_ref idref="fl-4"/>
      </object_component>
      <object_component id="oc-e9">
         <name>.text:__TI_decompress_rle_core</name>
         <load_address>0x10648</load_address>
         <run_address>0x10648</run_address>
         <size>0x68</size>
         <input_file_ref idref="fl-3c"/>
      </object_component>
      <object_component id="oc-259">
         <name>.text:is_equal</name>
         <load_address>0x106b0</load_address>
         <run_address>0x106b0</run_address>
         <size>0x64</size>
         <input_file_ref idref="fl-5"/>
      </object_component>
      <object_component id="oc-17f">
         <name>.text:debug_scan</name>
         <load_address>0x10714</load_address>
         <run_address>0x10714</run_address>
         <size>0x62</size>
         <input_file_ref idref="fl-2"/>
      </object_component>
      <object_component id="oc-209">
         <name>.text:get_enum</name>
         <load_address>0x10776</load_address>
         <run_address>0x10776</run_address>
         <size>0x50</size>
         <input_file_ref idref="fl-5"/>
      </object_component>
      <object_component id="oc-1c9">
         <name>.text:PMM_setVCore</name>
         <load_address>0x107c6</load_address>
         <run_address>0x107c6</run_address>
         <size>0x40</size>
         <input_file_ref idref="fl-66"/>
      </object_component>
      <object_component id="oc-152">
         <name>.text:l_asr_const</name>
         <load_address>0x10806</load_address>
         <run_address>0x10806</run_address>
         <size>0x3e</size>
         <input_file_ref idref="fl-64"/>
      </object_component>
      <object_component id="oc-176">
         <name>.text:put_cstr</name>
         <load_address>0x10844</load_address>
         <run_address>0x10844</run_address>
         <size>0x3c</size>
         <input_file_ref idref="fl-5"/>
      </object_component>
      <object_component id="oc-1c3">
         <name>.text:UCS_initFLLSettle</name>
         <load_address>0x10880</load_address>
         <run_address>0x10880</run_address>
         <size>0x36</size>
         <input_file_ref idref="fl-67"/>
      </object_component>
      <object_component id="oc-263">
         <name>.text:room_l</name>
         <load_address>0x108b6</load_address>
         <run_address>0x108b6</run_address>
         <size>0x2c</size>
         <input_file_ref idref="fl-5"/>
      </object_component>
      <object_component id="oc-dc">
         <name>.text:memcpy</name>
         <load_address>0x108e2</load_address>
         <run_address>0x108e2</run_address>
         <size>0x2a</size>
         <input_file_ref idref="fl-59"/>
      </object_component>
      <object_component id="oc-1cf">
         <name>.text:GPIO_setAsPeripheralModuleFunctionInputPin</name>
         <load_address>0x1090c</load_address>
         <run_address>0x1090c</run_address>
         <size>0x28</size>
         <input_file_ref idref="fl-65"/>
      </object_component>
      <object_component id="oc-1db">
         <name>.text:USCI_A_UART_disableInterrupt</name>
         <load_address>0x10934</load_address>
         <run_address>0x10934</run_address>
         <size>0x26</size>
         <input_file_ref idref="fl-68"/>
      </object_component>
      <object_component id="oc-226">
         <name>.text:room_r</name>
         <load_address>0x1095a</load_address>
         <run_address>0x1095a</run_address>
         <size>0x26</size>
         <input_file_ref idref="fl-5"/>
      </object_component>
      <object_component id="oc-96">
         <name>.text:decompress:ZI:__TI_zero_init</name>
         <load_address>0x10980</load_address>
         <run_address>0x10980</run_address>
         <size>0x24</size>
         <input_file_ref idref="fl-3d"/>
      </object_component>
      <object_component id="oc-1f3">
         <name>.text:putch</name>
         <load_address>0x109a4</load_address>
         <run_address>0x109a4</run_address>
         <size>0x20</size>
         <input_file_ref idref="fl-3"/>
      </object_component>
      <object_component id="oc-210">
         <name>.text:WDT_A_resetTimer</name>
         <load_address>0x109c4</load_address>
         <run_address>0x109c4</run_address>
         <size>0x1c</size>
         <input_file_ref idref="fl-6a"/>
      </object_component>
      <object_component id="oc-216">
         <name>.text:WDT_A_start</name>
         <load_address>0x109e0</load_address>
         <run_address>0x109e0</run_address>
         <size>0x1c</size>
         <input_file_ref idref="fl-6a"/>
      </object_component>
      <object_component id="oc-21c">
         <name>.text:flush</name>
         <load_address>0x109fc</load_address>
         <run_address>0x109fc</run_address>
         <size>0x1c</size>
         <input_file_ref idref="fl-5"/>
      </object_component>
      <object_component id="oc-72">
         <name>.text:decompress:none:__TI_decompress_none</name>
         <load_address>0x10a18</load_address>
         <run_address>0x10a18</run_address>
         <size>0x16</size>
         <input_file_ref idref="fl-3b"/>
      </object_component>
      <object_component id="oc-1e7">
         <name>.text:WDT_A_watchdogTimerInit</name>
         <load_address>0x10a2e</load_address>
         <run_address>0x10a2e</run_address>
         <size>0x14</size>
         <input_file_ref idref="fl-6a"/>
      </object_component>
      <object_component id="oc-1e1">
         <name>.text:USCI_A_UART_clearInterruptFlag</name>
         <load_address>0x10a42</load_address>
         <run_address>0x10a42</run_address>
         <size>0xc</size>
         <input_file_ref idref="fl-68"/>
      </object_component>
      <object_component id="oc-78">
         <name>.text:decompress:rle24:__TI_decompress_rle24</name>
         <load_address>0x10a4e</load_address>
         <run_address>0x10a4e</run_address>
         <size>0x6</size>
         <input_file_ref idref="fl-3c"/>
      </object_component>
      <object_component id="oc-102">
         <name>.text:_system_pre_init</name>
         <load_address>0x10a54</load_address>
         <run_address>0x10a54</run_address>
         <size>0x4</size>
         <input_file_ref idref="fl-60"/>
      </object_component>
      <object_component id="oc-12a">
         <name>.text:abort</name>
         <load_address>0x10a58</load_address>
         <run_address>0x10a58</run_address>
         <size>0x4</size>
         <input_file_ref idref="fl-3f"/>
      </object_component>
      <object_component id="oc-b4">
         <name>.text:_isr:_c_int00_noargs_noexit</name>
         <load_address>0x8000</load_address>
         <run_address>0x8000</run_address>
         <size>0x1a</size>
         <input_file_ref idref="fl-3a"/>
      </object_component>
      <object_component id="oc-f6">
         <name>.text:_isr:__TI_ISR_TRAP</name>
         <load_address>0x801a</load_address>
         <run_address>0x801a</run_address>
         <size>0x6</size>
         <input_file_ref idref="fl-58"/>
      </object_component>
      <object_component id="oc-2ea">
         <name>.cinit..data.load</name>
         <load_address>0x806a</load_address>
         <run_address>0x806a</run_address>
         <size>0x1e</size>
      </object_component>
      <object_component id="oc-2e7">
         <name>__TI_handler_table</name>
         <load_address>0x8088</load_address>
         <run_address>0x8088</run_address>
         <size>0xc</size>
      </object_component>
      <object_component id="oc-2e9">
         <name>.cinit..bss.load</name>
         <load_address>0x8094</load_address>
         <run_address>0x8094</run_address>
         <size>0x6</size>
      </object_component>
      <object_component id="oc-2e8">
         <name>__TI_cinit_table</name>
         <load_address>0x809a</load_address>
         <run_address>0x809a</run_address>
         <size>0x10</size>
      </object_component>
      <object_component id="oc-20f">
         <name>.const:.string</name>
         <load_address>0x8020</load_address>
         <run_address>0x8020</run_address>
         <size>0x20</size>
         <input_file_ref idref="fl-2"/>
      </object_component>
      <object_component id="oc-248">
         <name>.const:GPIO_PORT_TO_BASE</name>
         <load_address>0x8040</load_address>
         <run_address>0x8040</run_address>
         <size>0x1c</size>
         <input_file_ref idref="fl-65"/>
      </object_component>
      <object_component id="oc-175">
         <name>.const:.string</name>
         <load_address>0x805c</load_address>
         <run_address>0x805c</run_address>
         <size>0xc</size>
         <input_file_ref idref="fl-4"/>
      </object_component>
      <object_component id="oc-206">
         <name>.const</name>
         <load_address>0x8068</load_address>
         <run_address>0x8068</run_address>
         <size>0x2</size>
         <input_file_ref idref="fl-2"/>
      </object_component>
      <object_component id="oc-7e">
         <name>.int37</name>
         <load_address>0xffca</load_address>
         <run_address>0xffca</run_address>
         <size>0x2</size>
         <input_file_ref idref="fl-40"/>
      </object_component>
      <object_component id="oc-7f">
         <name>.int38</name>
         <load_address>0xffcc</load_address>
         <run_address>0xffcc</run_address>
         <size>0x2</size>
         <input_file_ref idref="fl-41"/>
      </object_component>
      <object_component id="oc-80">
         <name>.int39</name>
         <load_address>0xffce</load_address>
         <run_address>0xffce</run_address>
         <size>0x2</size>
         <input_file_ref idref="fl-42"/>
      </object_component>
      <object_component id="oc-81">
         <name>.int40</name>
         <load_address>0xffd0</load_address>
         <run_address>0xffd0</run_address>
         <size>0x2</size>
         <input_file_ref idref="fl-43"/>
      </object_component>
      <object_component id="oc-82">
         <name>.int42</name>
         <load_address>0xffd4</load_address>
         <run_address>0xffd4</run_address>
         <size>0x2</size>
         <input_file_ref idref="fl-44"/>
      </object_component>
      <object_component id="oc-83">
         <name>.int44</name>
         <load_address>0xffd8</load_address>
         <run_address>0xffd8</run_address>
         <size>0x2</size>
         <input_file_ref idref="fl-45"/>
      </object_component>
      <object_component id="oc-84">
         <name>.int45</name>
         <load_address>0xffda</load_address>
         <run_address>0xffda</run_address>
         <size>0x2</size>
         <input_file_ref idref="fl-46"/>
      </object_component>
      <object_component id="oc-85">
         <name>.int46</name>
         <load_address>0xffdc</load_address>
         <run_address>0xffdc</run_address>
         <size>0x2</size>
         <input_file_ref idref="fl-47"/>
      </object_component>
      <object_component id="oc-86">
         <name>.int47</name>
         <load_address>0xffde</load_address>
         <run_address>0xffde</run_address>
         <size>0x2</size>
         <input_file_ref idref="fl-48"/>
      </object_component>
      <object_component id="oc-87">
         <name>.int48</name>
         <load_address>0xffe0</load_address>
         <run_address>0xffe0</run_address>
         <size>0x2</size>
         <input_file_ref idref="fl-49"/>
      </object_component>
      <object_component id="oc-88">
         <name>.int49</name>
         <load_address>0xffe2</load_address>
         <run_address>0xffe2</run_address>
         <size>0x2</size>
         <input_file_ref idref="fl-4a"/>
      </object_component>
      <object_component id="oc-89">
         <name>.int50</name>
         <load_address>0xffe4</load_address>
         <run_address>0xffe4</run_address>
         <size>0x2</size>
         <input_file_ref idref="fl-4b"/>
      </object_component>
      <object_component id="oc-8a">
         <name>.int51</name>
         <load_address>0xffe6</load_address>
         <run_address>0xffe6</run_address>
         <size>0x2</size>
         <input_file_ref idref="fl-4c"/>
      </object_component>
      <object_component id="oc-8b">
         <name>.int52</name>
         <load_address>0xffe8</load_address>
         <run_address>0xffe8</run_address>
         <size>0x2</size>
         <input_file_ref idref="fl-4d"/>
      </object_component>
      <object_component id="oc-8c">
         <name>.int53</name>
         <load_address>0xffea</load_address>
         <run_address>0xffea</run_address>
         <size>0x2</size>
         <input_file_ref idref="fl-4e"/>
      </object_component>
      <object_component id="oc-8d">
         <name>.int54</name>
         <load_address>0xffec</load_address>
         <run_address>0xffec</run_address>
         <size>0x2</size>
         <input_file_ref idref="fl-4f"/>
      </object_component>
      <object_component id="oc-8e">
         <name>.int55</name>
         <load_address>0xffee</load_address>
         <run_address>0xffee</run_address>
         <size>0x2</size>
         <input_file_ref idref="fl-50"/>
      </object_component>
      <object_component id="oc-8f">
         <name>.int56</name>
         <load_address>0xfff0</load_address>
         <run_address>0xfff0</run_address>
         <size>0x2</size>
         <input_file_ref idref="fl-51"/>
      </object_component>
      <object_component id="oc-90">
         <name>.int57</name>
         <load_address>0xfff2</load_address>
         <run_address>0xfff2</run_address>
         <size>0x2</size>
         <input_file_ref idref="fl-52"/>
      </object_component>
      <object_component id="oc-91">
         <name>.int58</name>
         <load_address>0xfff4</load_address>
         <run_address>0xfff4</run_address>
         <size>0x2</size>
         <input_file_ref idref="fl-53"/>
      </object_component>
      <object_component id="oc-92">
         <name>.int59</name>
         <load_address>0xfff6</load_address>
         <run_address>0xfff6</run_address>
         <size>0x2</size>
         <input_file_ref idref="fl-54"/>
      </object_component>
      <object_component id="oc-93">
         <name>.int60</name>
         <load_address>0xfff8</load_address>
         <run_address>0xfff8</run_address>
         <size>0x2</size>
         <input_file_ref idref="fl-55"/>
      </object_component>
      <object_component id="oc-94">
         <name>.int61</name>
         <load_address>0xfffa</load_address>
         <run_address>0xfffa</run_address>
         <size>0x2</size>
         <input_file_ref idref="fl-56"/>
      </object_component>
      <object_component id="oc-95">
         <name>.int62</name>
         <load_address>0xfffc</load_address>
         <run_address>0xfffc</run_address>
         <size>0x2</size>
         <input_file_ref idref="fl-57"/>
      </object_component>
      <object_component id="oc-db">
         <name>.reset</name>
         <load_address>0xfffe</load_address>
         <run_address>0xfffe</run_address>
         <size>0x2</size>
         <input_file_ref idref="fl-39"/>
      </object_component>
      <object_component id="oc-17c">
         <name>.common:hooks</name>
         <uninitialized>true</uninitialized>
         <run_address>0x1c80</run_address>
         <size>0x2</size>
      </object_component>
      <object_component id="oc-223">
         <name>.common:SerialRX128</name>
         <uninitialized>true</uninitialized>
         <run_address>0x1c00</run_address>
         <size>0x80</size>
      </object_component>
      <object_component id="oc-203">
         <name>.data:dbg_keys</name>
         <load_address>0x1c82</load_address>
         <run_address>0x1c82</run_address>
         <size>0xc</size>
         <input_file_ref idref="fl-2"/>
      </object_component>
      <object_component id="oc-185">
         <name>.data</name>
         <load_address>0x1c8e</load_address>
         <run_address>0x1c8e</run_address>
         <size>0xc</size>
         <input_file_ref idref="fl-3"/>
      </object_component>
      <object_component id="oc-254">
         <name>.debug_info</name>
         <load_address>0x0</load_address>
         <run_address>0x0</run_address>
         <size>0x278</size>
         <input_file_ref idref="fl-2"/>
      </object_component>
      <object_component id="oc-204">
         <name>.debug_info</name>
         <load_address>0x278</load_address>
         <run_address>0x278</run_address>
         <size>0xc0</size>
         <input_file_ref idref="fl-2"/>
      </object_component>
      <object_component id="oc-207">
         <name>.debug_info</name>
         <load_address>0x338</load_address>
         <run_address>0x338</run_address>
         <size>0xc6</size>
         <input_file_ref idref="fl-2"/>
      </object_component>
      <object_component id="oc-180">
         <name>.debug_info</name>
         <load_address>0x3fe</load_address>
         <run_address>0x3fe</run_address>
         <size>0x17f</size>
         <input_file_ref idref="fl-2"/>
      </object_component>
      <object_component id="oc-1fe">
         <name>.debug_info</name>
         <load_address>0x57d</load_address>
         <run_address>0x57d</run_address>
         <size>0x86</size>
         <input_file_ref idref="fl-2"/>
      </object_component>
      <object_component id="oc-138">
         <name>.debug_info</name>
         <load_address>0x603</load_address>
         <run_address>0x603</run_address>
         <size>0x84</size>
         <input_file_ref idref="fl-2"/>
      </object_component>
      <object_component id="oc-194">
         <name>.debug_info</name>
         <load_address>0x687</load_address>
         <run_address>0x687</run_address>
         <size>0x18b</size>
         <input_file_ref idref="fl-2"/>
      </object_component>
      <object_component id="oc-17d">
         <name>.debug_info</name>
         <load_address>0x812</load_address>
         <run_address>0x812</run_address>
         <size>0x5e5</size>
         <input_file_ref idref="fl-3"/>
      </object_component>
      <object_component id="oc-186">
         <name>.debug_info</name>
         <load_address>0xdf7</load_address>
         <run_address>0xdf7</run_address>
         <size>0xc3</size>
         <input_file_ref idref="fl-3"/>
      </object_component>
      <object_component id="oc-170">
         <name>.debug_info</name>
         <load_address>0xeba</load_address>
         <run_address>0xeba</run_address>
         <size>0x245</size>
         <input_file_ref idref="fl-3"/>
      </object_component>
      <object_component id="oc-1f4">
         <name>.debug_info</name>
         <load_address>0x10ff</load_address>
         <run_address>0x10ff</run_address>
         <size>0x112</size>
         <input_file_ref idref="fl-3"/>
      </object_component>
      <object_component id="oc-1ee">
         <name>.debug_info</name>
         <load_address>0x1211</load_address>
         <run_address>0x1211</run_address>
         <size>0xee</size>
         <input_file_ref idref="fl-3"/>
      </object_component>
      <object_component id="oc-18f">
         <name>.debug_info</name>
         <load_address>0x12ff</load_address>
         <run_address>0x12ff</run_address>
         <size>0x8b</size>
         <input_file_ref idref="fl-3"/>
      </object_component>
      <object_component id="oc-123">
         <name>.debug_info</name>
         <load_address>0x138a</load_address>
         <run_address>0x138a</run_address>
         <size>0x133</size>
         <input_file_ref idref="fl-4"/>
      </object_component>
      <object_component id="oc-1fa">
         <name>.debug_info</name>
         <load_address>0x14bd</load_address>
         <run_address>0x14bd</run_address>
         <size>0x1f4</size>
         <input_file_ref idref="fl-5"/>
      </object_component>
      <object_component id="oc-21d">
         <name>.debug_info</name>
         <load_address>0x16b1</load_address>
         <run_address>0x16b1</run_address>
         <size>0x108</size>
         <input_file_ref idref="fl-5"/>
      </object_component>
      <object_component id="oc-264">
         <name>.debug_info</name>
         <load_address>0x17b9</load_address>
         <run_address>0x17b9</run_address>
         <size>0x11c</size>
         <input_file_ref idref="fl-5"/>
      </object_component>
      <object_component id="oc-227">
         <name>.debug_info</name>
         <load_address>0x18d5</load_address>
         <run_address>0x18d5</run_address>
         <size>0x129</size>
         <input_file_ref idref="fl-5"/>
      </object_component>
      <object_component id="oc-189">
         <name>.debug_info</name>
         <load_address>0x19fe</load_address>
         <run_address>0x19fe</run_address>
         <size>0x158</size>
         <input_file_ref idref="fl-5"/>
      </object_component>
      <object_component id="oc-25a">
         <name>.debug_info</name>
         <load_address>0x1b56</load_address>
         <run_address>0x1b56</run_address>
         <size>0x13d</size>
         <input_file_ref idref="fl-5"/>
      </object_component>
      <object_component id="oc-20a">
         <name>.debug_info</name>
         <load_address>0x1c93</load_address>
         <run_address>0x1c93</run_address>
         <size>0x17f</size>
         <input_file_ref idref="fl-5"/>
      </object_component>
      <object_component id="oc-177">
         <name>.debug_info</name>
         <load_address>0x1e12</load_address>
         <run_address>0x1e12</run_address>
         <size>0x12e</size>
         <input_file_ref idref="fl-5"/>
      </object_component>
      <object_component id="oc-d9">
         <name>.debug_info</name>
         <load_address>0x1f40</load_address>
         <run_address>0x1f40</run_address>
         <size>0xd3</size>
         <input_file_ref idref="fl-39"/>
      </object_component>
      <object_component id="oc-b5">
         <name>.debug_info</name>
         <load_address>0x2013</load_address>
         <run_address>0x2013</run_address>
         <size>0x174</size>
         <input_file_ref idref="fl-3a"/>
      </object_component>
      <object_component id="oc-e8">
         <name>.debug_info</name>
         <load_address>0x2187</load_address>
         <run_address>0x2187</run_address>
         <size>0x1a4</size>
         <input_file_ref idref="fl-3b"/>
      </object_component>
      <object_component id="oc-73">
         <name>.debug_info</name>
         <load_address>0x232b</load_address>
         <run_address>0x232b</run_address>
         <size>0x1a6</size>
         <input_file_ref idref="fl-3b"/>
      </object_component>
      <object_component id="oc-e3">
         <name>.debug_info</name>
         <load_address>0x24d1</load_address>
         <run_address>0x24d1</run_address>
         <size>0x46</size>
         <input_file_ref idref="fl-3b"/>
      </object_component>
      <object_component id="oc-146">
         <name>.debug_info</name>
         <load_address>0x2517</load_address>
         <run_address>0x2517</run_address>
         <size>0x2c</size>
         <input_file_ref idref="fl-3b"/>
      </object_component>
      <object_component id="oc-f0">
         <name>.debug_info</name>
         <load_address>0x2543</load_address>
         <run_address>0x2543</run_address>
         <size>0x161</size>
         <input_file_ref idref="fl-3c"/>
      </object_component>
      <object_component id="oc-ea">
         <name>.debug_info</name>
         <load_address>0x26a4</load_address>
         <run_address>0x26a4</run_address>
         <size>0x218</size>
         <input_file_ref idref="fl-3c"/>
      </object_component>
      <object_component id="oc-79">
         <name>.debug_info</name>
         <load_address>0x28bc</load_address>
         <run_address>0x28bc</run_address>
         <size>0x18f</size>
         <input_file_ref idref="fl-3c"/>
      </object_component>
      <object_component id="oc-f1">
         <name>.debug_info</name>
         <load_address>0x2a4b</load_address>
         <run_address>0x2a4b</run_address>
         <size>0x39</size>
         <input_file_ref idref="fl-3c"/>
      </object_component>
      <object_component id="oc-101">
         <name>.debug_info</name>
         <load_address>0x2a84</load_address>
         <run_address>0x2a84</run_address>
         <size>0x152</size>
         <input_file_ref idref="fl-3d"/>
      </object_component>
      <object_component id="oc-97">
         <name>.debug_info</name>
         <load_address>0x2bd6</load_address>
         <run_address>0x2bd6</run_address>
         <size>0x198</size>
         <input_file_ref idref="fl-3d"/>
      </object_component>
      <object_component id="oc-fc">
         <name>.debug_info</name>
         <load_address>0x2d6e</load_address>
         <run_address>0x2d6e</run_address>
         <size>0x46</size>
         <input_file_ref idref="fl-3d"/>
      </object_component>
      <object_component id="oc-12b">
         <name>.debug_info</name>
         <load_address>0x2db4</load_address>
         <run_address>0x2db4</run_address>
         <size>0xf5</size>
         <input_file_ref idref="fl-3f"/>
      </object_component>
      <object_component id="oc-f7">
         <name>.debug_info</name>
         <load_address>0x2ea9</load_address>
         <run_address>0x2ea9</run_address>
         <size>0xe9</size>
         <input_file_ref idref="fl-58"/>
      </object_component>
      <object_component id="oc-13e">
         <name>.debug_info</name>
         <load_address>0x2f92</load_address>
         <run_address>0x2f92</run_address>
         <size>0x15a</size>
         <input_file_ref idref="fl-59"/>
      </object_component>
      <object_component id="oc-dd">
         <name>.debug_info</name>
         <load_address>0x30ec</load_address>
         <run_address>0x30ec</run_address>
         <size>0x18b</size>
         <input_file_ref idref="fl-59"/>
      </object_component>
      <object_component id="oc-13f">
         <name>.debug_info</name>
         <load_address>0x3277</load_address>
         <run_address>0x3277</run_address>
         <size>0x2c</size>
         <input_file_ref idref="fl-59"/>
      </object_component>
      <object_component id="oc-103">
         <name>.debug_info</name>
         <load_address>0x32a3</load_address>
         <run_address>0x32a3</run_address>
         <size>0x126</size>
         <input_file_ref idref="fl-60"/>
      </object_component>
      <object_component id="oc-158">
         <name>.debug_info</name>
         <load_address>0x33c9</load_address>
         <run_address>0x33c9</run_address>
         <size>0x301</size>
         <input_file_ref idref="fl-63"/>
      </object_component>
      <object_component id="oc-109">
         <name>.debug_info</name>
         <load_address>0x36ca</load_address>
         <run_address>0x36ca</run_address>
         <size>0x1eb</size>
         <input_file_ref idref="fl-63"/>
      </object_component>
      <object_component id="oc-19f">
         <name>.debug_info</name>
         <load_address>0x38b5</load_address>
         <run_address>0x38b5</run_address>
         <size>0x39</size>
         <input_file_ref idref="fl-63"/>
      </object_component>
      <object_component id="oc-159">
         <name>.debug_info</name>
         <load_address>0x38ee</load_address>
         <run_address>0x38ee</run_address>
         <size>0x2c</size>
         <input_file_ref idref="fl-63"/>
      </object_component>
      <object_component id="oc-153">
         <name>.debug_info</name>
         <load_address>0x391a</load_address>
         <run_address>0x391a</run_address>
         <size>0x100</size>
         <input_file_ref idref="fl-64"/>
      </object_component>
      <object_component id="oc-271">
         <name>.debug_info</name>
         <load_address>0x3a1a</load_address>
         <run_address>0x3a1a</run_address>
         <size>0x135</size>
         <input_file_ref idref="fl-65"/>
      </object_component>
      <object_component id="oc-249">
         <name>.debug_info</name>
         <load_address>0x3b4f</load_address>
         <run_address>0x3b4f</run_address>
         <size>0xcf</size>
         <input_file_ref idref="fl-65"/>
      </object_component>
      <object_component id="oc-1d0">
         <name>.debug_info</name>
         <load_address>0x3c1e</load_address>
         <run_address>0x3c1e</run_address>
         <size>0x1cf</size>
         <input_file_ref idref="fl-65"/>
      </object_component>
      <object_component id="oc-23c">
         <name>.debug_info</name>
         <load_address>0x3ded</load_address>
         <run_address>0x3ded</run_address>
         <size>0x199</size>
         <input_file_ref idref="fl-66"/>
      </object_component>
      <object_component id="oc-242">
         <name>.debug_info</name>
         <load_address>0x3f86</load_address>
         <run_address>0x3f86</run_address>
         <size>0x19d</size>
         <input_file_ref idref="fl-66"/>
      </object_component>
      <object_component id="oc-1ca">
         <name>.debug_info</name>
         <load_address>0x4123</load_address>
         <run_address>0x4123</run_address>
         <size>0x174</size>
         <input_file_ref idref="fl-66"/>
      </object_component>
      <object_component id="oc-23a">
         <name>.debug_info</name>
         <load_address>0x4297</load_address>
         <run_address>0x4297</run_address>
         <size>0x1f2</size>
         <input_file_ref idref="fl-67"/>
      </object_component>
      <object_component id="oc-1be">
         <name>.debug_info</name>
         <load_address>0x4489</load_address>
         <run_address>0x4489</run_address>
         <size>0x1f4</size>
         <input_file_ref idref="fl-67"/>
      </object_component>
      <object_component id="oc-1c4">
         <name>.debug_info</name>
         <load_address>0x467d</load_address>
         <run_address>0x467d</run_address>
         <size>0x155</size>
         <input_file_ref idref="fl-67"/>
      </object_component>
      <object_component id="oc-234">
         <name>.debug_info</name>
         <load_address>0x47d2</load_address>
         <run_address>0x47d2</run_address>
         <size>0x193</size>
         <input_file_ref idref="fl-67"/>
      </object_component>
      <object_component id="oc-1dc">
         <name>.debug_info</name>
         <load_address>0x4965</load_address>
         <run_address>0x4965</run_address>
         <size>0x19c</size>
         <input_file_ref idref="fl-68"/>
      </object_component>
      <object_component id="oc-1e2">
         <name>.debug_info</name>
         <load_address>0x4b01</load_address>
         <run_address>0x4b01</run_address>
         <size>0x16a</size>
         <input_file_ref idref="fl-68"/>
      </object_component>
      <object_component id="oc-24d">
         <name>.debug_info</name>
         <load_address>0x4c6b</load_address>
         <run_address>0x4c6b</run_address>
         <size>0x132</size>
         <input_file_ref idref="fl-69"/>
      </object_component>
      <object_component id="oc-1d6">
         <name>.debug_info</name>
         <load_address>0x4d9d</load_address>
         <run_address>0x4d9d</run_address>
         <size>0x180</size>
         <input_file_ref idref="fl-69"/>
      </object_component>
      <object_component id="oc-217">
         <name>.debug_info</name>
         <load_address>0x4f1d</load_address>
         <run_address>0x4f1d</run_address>
         <size>0x150</size>
         <input_file_ref idref="fl-6a"/>
      </object_component>
      <object_component id="oc-211">
         <name>.debug_info</name>
         <load_address>0x506d</load_address>
         <run_address>0x506d</run_address>
         <size>0x15a</size>
         <input_file_ref idref="fl-6a"/>
      </object_component>
      <object_component id="oc-1e8">
         <name>.debug_info</name>
         <load_address>0x51c7</load_address>
         <run_address>0x51c7</run_address>
         <size>0x1a8</size>
         <input_file_ref idref="fl-6a"/>
      </object_component>
      <object_component id="oc-2ed">
         <name>.debug_info</name>
         <load_address>0x536f</load_address>
         <run_address>0x536f</run_address>
         <size>0x95</size>
      </object_component>
      <object_component id="oc-275">
         <name>.debug_line</name>
         <load_address>0x0</load_address>
         <run_address>0x0</run_address>
         <size>0x85</size>
         <input_file_ref idref="fl-2"/>
      </object_component>
      <object_component id="oc-256">
         <name>.debug_line</name>
         <load_address>0x85</load_address>
         <run_address>0x85</run_address>
         <size>0x2e</size>
         <input_file_ref idref="fl-2"/>
      </object_component>
      <object_component id="oc-258">
         <name>.debug_line</name>
         <load_address>0xb3</load_address>
         <run_address>0xb3</run_address>
         <size>0x2e</size>
         <input_file_ref idref="fl-2"/>
      </object_component>
      <object_component id="oc-183">
         <name>.debug_line</name>
         <load_address>0xe1</load_address>
         <run_address>0xe1</run_address>
         <size>0x5c</size>
         <input_file_ref idref="fl-2"/>
      </object_component>
      <object_component id="oc-201">
         <name>.debug_line</name>
         <load_address>0x13d</load_address>
         <run_address>0x13d</run_address>
         <size>0x4c</size>
         <input_file_ref idref="fl-2"/>
      </object_component>
      <object_component id="oc-13b">
         <name>.debug_line</name>
         <load_address>0x189</load_address>
         <run_address>0x189</run_address>
         <size>0x20</size>
         <input_file_ref idref="fl-2"/>
      </object_component>
      <object_component id="oc-197">
         <name>.debug_line</name>
         <load_address>0x1a9</load_address>
         <run_address>0x1a9</run_address>
         <size>0x6d</size>
         <input_file_ref idref="fl-2"/>
      </object_component>
      <object_component id="oc-1fd">
         <name>.debug_line</name>
         <load_address>0x216</load_address>
         <run_address>0x216</run_address>
         <size>0x1ee</size>
         <input_file_ref idref="fl-3"/>
      </object_component>
      <object_component id="oc-225">
         <name>.debug_line</name>
         <load_address>0x404</load_address>
         <run_address>0x404</run_address>
         <size>0x31</size>
         <input_file_ref idref="fl-3"/>
      </object_component>
      <object_component id="oc-173">
         <name>.debug_line</name>
         <load_address>0x435</load_address>
         <run_address>0x435</run_address>
         <size>0x6c</size>
         <input_file_ref idref="fl-3"/>
      </object_component>
      <object_component id="oc-1f7">
         <name>.debug_line</name>
         <load_address>0x4a1</load_address>
         <run_address>0x4a1</run_address>
         <size>0x50</size>
         <input_file_ref idref="fl-3"/>
      </object_component>
      <object_component id="oc-1f1">
         <name>.debug_line</name>
         <load_address>0x4f1</load_address>
         <run_address>0x4f1</run_address>
         <size>0x4e</size>
         <input_file_ref idref="fl-3"/>
      </object_component>
      <object_component id="oc-192">
         <name>.debug_line</name>
         <load_address>0x53f</load_address>
         <run_address>0x53f</run_address>
         <size>0x20</size>
         <input_file_ref idref="fl-3"/>
      </object_component>
      <object_component id="oc-126">
         <name>.debug_line</name>
         <load_address>0x55f</load_address>
         <run_address>0x55f</run_address>
         <size>0x6a</size>
         <input_file_ref idref="fl-4"/>
      </object_component>
      <object_component id="oc-253">
         <name>.debug_line</name>
         <load_address>0x5c9</load_address>
         <run_address>0x5c9</run_address>
         <size>0x5b</size>
         <input_file_ref idref="fl-5"/>
      </object_component>
      <object_component id="oc-220">
         <name>.debug_line</name>
         <load_address>0x624</load_address>
         <run_address>0x624</run_address>
         <size>0x43</size>
         <input_file_ref idref="fl-5"/>
      </object_component>
      <object_component id="oc-267">
         <name>.debug_line</name>
         <load_address>0x667</load_address>
         <run_address>0x667</run_address>
         <size>0x47</size>
         <input_file_ref idref="fl-5"/>
      </object_component>
      <object_component id="oc-22a">
         <name>.debug_line</name>
         <load_address>0x6ae</load_address>
         <run_address>0x6ae</run_address>
         <size>0x47</size>
         <input_file_ref idref="fl-5"/>
      </object_component>
      <object_component id="oc-18c">
         <name>.debug_line</name>
         <load_address>0x6f5</load_address>
         <run_address>0x6f5</run_address>
         <size>0x66</size>
         <input_file_ref idref="fl-5"/>
      </object_component>
      <object_component id="oc-25d">
         <name>.debug_line</name>
         <load_address>0x75b</load_address>
         <run_address>0x75b</run_address>
         <size>0x5e</size>
         <input_file_ref idref="fl-5"/>
      </object_component>
      <object_component id="oc-20d">
         <name>.debug_line</name>
         <load_address>0x7b9</load_address>
         <run_address>0x7b9</run_address>
         <size>0x57</size>
         <input_file_ref idref="fl-5"/>
      </object_component>
      <object_component id="oc-17a">
         <name>.debug_line</name>
         <load_address>0x810</load_address>
         <run_address>0x810</run_address>
         <size>0x57</size>
         <input_file_ref idref="fl-5"/>
      </object_component>
      <object_component id="oc-137">
         <name>.debug_line</name>
         <load_address>0x867</load_address>
         <run_address>0x867</run_address>
         <size>0x2a</size>
         <input_file_ref idref="fl-39"/>
      </object_component>
      <object_component id="oc-b8">
         <name>.debug_line</name>
         <load_address>0x891</load_address>
         <run_address>0x891</run_address>
         <size>0x4c</size>
         <input_file_ref idref="fl-3a"/>
      </object_component>
      <object_component id="oc-145">
         <name>.debug_line</name>
         <load_address>0x8dd</load_address>
         <run_address>0x8dd</run_address>
         <size>0x6d</size>
         <input_file_ref idref="fl-3b"/>
      </object_component>
      <object_component id="oc-76">
         <name>.debug_line</name>
         <load_address>0x94a</load_address>
         <run_address>0x94a</run_address>
         <size>0x50</size>
         <input_file_ref idref="fl-3b"/>
      </object_component>
      <object_component id="oc-e6">
         <name>.debug_line</name>
         <load_address>0x99a</load_address>
         <run_address>0x99a</run_address>
         <size>0x3a</size>
         <input_file_ref idref="fl-3b"/>
      </object_component>
      <object_component id="oc-149">
         <name>.debug_line</name>
         <load_address>0x9d4</load_address>
         <run_address>0x9d4</run_address>
         <size>0x6d</size>
         <input_file_ref idref="fl-3b"/>
      </object_component>
      <object_component id="oc-14d">
         <name>.debug_line</name>
         <load_address>0xa41</load_address>
         <run_address>0xa41</run_address>
         <size>0x20</size>
         <input_file_ref idref="fl-3c"/>
      </object_component>
      <object_component id="oc-ed">
         <name>.debug_line</name>
         <load_address>0xa61</load_address>
         <run_address>0xa61</run_address>
         <size>0x8b</size>
         <input_file_ref idref="fl-3c"/>
      </object_component>
      <object_component id="oc-7c">
         <name>.debug_line</name>
         <load_address>0xaec</load_address>
         <run_address>0xaec</run_address>
         <size>0x49</size>
         <input_file_ref idref="fl-3c"/>
      </object_component>
      <object_component id="oc-f4">
         <name>.debug_line</name>
         <load_address>0xb35</load_address>
         <run_address>0xb35</run_address>
         <size>0x39</size>
         <input_file_ref idref="fl-3c"/>
      </object_component>
      <object_component id="oc-150">
         <name>.debug_line</name>
         <load_address>0xb6e</load_address>
         <run_address>0xb6e</run_address>
         <size>0x20</size>
         <input_file_ref idref="fl-3d"/>
      </object_component>
      <object_component id="oc-9a">
         <name>.debug_line</name>
         <load_address>0xb8e</load_address>
         <run_address>0xb8e</run_address>
         <size>0x4d</size>
         <input_file_ref idref="fl-3d"/>
      </object_component>
      <object_component id="oc-ff">
         <name>.debug_line</name>
         <load_address>0xbdb</load_address>
         <run_address>0xbdb</run_address>
         <size>0x34</size>
         <input_file_ref idref="fl-3d"/>
      </object_component>
      <object_component id="oc-12e">
         <name>.debug_line</name>
         <load_address>0xc0f</load_address>
         <run_address>0xc0f</run_address>
         <size>0x3a</size>
         <input_file_ref idref="fl-3f"/>
      </object_component>
      <object_component id="oc-fa">
         <name>.debug_line</name>
         <load_address>0xc49</load_address>
         <run_address>0xc49</run_address>
         <size>0x3c</size>
         <input_file_ref idref="fl-58"/>
      </object_component>
      <object_component id="oc-19b">
         <name>.debug_line</name>
         <load_address>0xc85</load_address>
         <run_address>0xc85</run_address>
         <size>0x20</size>
         <input_file_ref idref="fl-59"/>
      </object_component>
      <object_component id="oc-e0">
         <name>.debug_line</name>
         <load_address>0xca5</load_address>
         <run_address>0xca5</run_address>
         <size>0x4a</size>
         <input_file_ref idref="fl-59"/>
      </object_component>
      <object_component id="oc-142">
         <name>.debug_line</name>
         <load_address>0xcef</load_address>
         <run_address>0xcef</run_address>
         <size>0x6d</size>
         <input_file_ref idref="fl-59"/>
      </object_component>
      <object_component id="oc-106">
         <name>.debug_line</name>
         <load_address>0xd5c</load_address>
         <run_address>0xd5c</run_address>
         <size>0x3e</size>
         <input_file_ref idref="fl-60"/>
      </object_component>
      <object_component id="oc-19e">
         <name>.debug_line</name>
         <load_address>0xd9a</load_address>
         <run_address>0xd9a</run_address>
         <size>0x40</size>
         <input_file_ref idref="fl-63"/>
      </object_component>
      <object_component id="oc-10c">
         <name>.debug_line</name>
         <load_address>0xdda</load_address>
         <run_address>0xdda</run_address>
         <size>0x96</size>
         <input_file_ref idref="fl-63"/>
      </object_component>
      <object_component id="oc-1a2">
         <name>.debug_line</name>
         <load_address>0xe70</load_address>
         <run_address>0xe70</run_address>
         <size>0x2e</size>
         <input_file_ref idref="fl-63"/>
      </object_component>
      <object_component id="oc-15c">
         <name>.debug_line</name>
         <load_address>0xe9e</load_address>
         <run_address>0xe9e</run_address>
         <size>0x6d</size>
         <input_file_ref idref="fl-63"/>
      </object_component>
      <object_component id="oc-156">
         <name>.debug_line</name>
         <load_address>0xf0b</load_address>
         <run_address>0xf0b</run_address>
         <size>0x56</size>
         <input_file_ref idref="fl-64"/>
      </object_component>
      <object_component id="oc-279">
         <name>.debug_line</name>
         <load_address>0xf61</load_address>
         <run_address>0xf61</run_address>
         <size>0x20</size>
         <input_file_ref idref="fl-65"/>
      </object_component>
      <object_component id="oc-270">
         <name>.debug_line</name>
         <load_address>0xf81</load_address>
         <run_address>0xf81</run_address>
         <size>0x2d</size>
         <input_file_ref idref="fl-65"/>
      </object_component>
      <object_component id="oc-1d3">
         <name>.debug_line</name>
         <load_address>0xfae</load_address>
         <run_address>0xfae</run_address>
         <size>0x4d</size>
         <input_file_ref idref="fl-65"/>
      </object_component>
      <object_component id="oc-23f">
         <name>.debug_line</name>
         <load_address>0xffb</load_address>
         <run_address>0xffb</run_address>
         <size>0xa7</size>
         <input_file_ref idref="fl-66"/>
      </object_component>
      <object_component id="oc-245">
         <name>.debug_line</name>
         <load_address>0x10a2</load_address>
         <run_address>0x10a2</run_address>
         <size>0x5d</size>
         <input_file_ref idref="fl-66"/>
      </object_component>
      <object_component id="oc-1cd">
         <name>.debug_line</name>
         <load_address>0x10ff</load_address>
         <run_address>0x10ff</run_address>
         <size>0x54</size>
         <input_file_ref idref="fl-66"/>
      </object_component>
      <object_component id="oc-26c">
         <name>.debug_line</name>
         <load_address>0x1153</load_address>
         <run_address>0x1153</run_address>
         <size>0x71</size>
         <input_file_ref idref="fl-67"/>
      </object_component>
      <object_component id="oc-1c1">
         <name>.debug_line</name>
         <load_address>0x11c4</load_address>
         <run_address>0x11c4</run_address>
         <size>0x6c</size>
         <input_file_ref idref="fl-67"/>
      </object_component>
      <object_component id="oc-1c7">
         <name>.debug_line</name>
         <load_address>0x1230</load_address>
         <run_address>0x1230</run_address>
         <size>0x4c</size>
         <input_file_ref idref="fl-67"/>
      </object_component>
      <object_component id="oc-237">
         <name>.debug_line</name>
         <load_address>0x127c</load_address>
         <run_address>0x127c</run_address>
         <size>0xa0</size>
         <input_file_ref idref="fl-67"/>
      </object_component>
      <object_component id="oc-1df">
         <name>.debug_line</name>
         <load_address>0x131c</load_address>
         <run_address>0x131c</run_address>
         <size>0x53</size>
         <input_file_ref idref="fl-68"/>
      </object_component>
      <object_component id="oc-1e5">
         <name>.debug_line</name>
         <load_address>0x136f</load_address>
         <run_address>0x136f</run_address>
         <size>0x4a</size>
         <input_file_ref idref="fl-68"/>
      </object_component>
      <object_component id="oc-273">
         <name>.debug_line</name>
         <load_address>0x13b9</load_address>
         <run_address>0x13b9</run_address>
         <size>0x20</size>
         <input_file_ref idref="fl-69"/>
      </object_component>
      <object_component id="oc-1d9">
         <name>.debug_line</name>
         <load_address>0x13d9</load_address>
         <run_address>0x13d9</run_address>
         <size>0x69</size>
         <input_file_ref idref="fl-69"/>
      </object_component>
      <object_component id="oc-21a">
         <name>.debug_line</name>
         <load_address>0x1442</load_address>
         <run_address>0x1442</run_address>
         <size>0x46</size>
         <input_file_ref idref="fl-6a"/>
      </object_component>
      <object_component id="oc-214">
         <name>.debug_line</name>
         <load_address>0x1488</load_address>
         <run_address>0x1488</run_address>
         <size>0x47</size>
         <input_file_ref idref="fl-6a"/>
      </object_component>
      <object_component id="oc-1eb">
         <name>.debug_line</name>
         <load_address>0x14cf</load_address>
         <run_address>0x14cf</run_address>
         <size>0x44</size>
         <input_file_ref idref="fl-6a"/>
      </object_component>
      <object_component id="oc-184">
         <name>.debug_frame</name>
         <load_address>0x0</load_address>
         <run_address>0x0</run_address>
         <size>0x4d</size>
         <input_file_ref idref="fl-2"/>
      </object_component>
      <object_component id="oc-174">
         <name>.debug_frame</name>
         <load_address>0x4d</load_address>
         <run_address>0x4d</run_address>
         <size>0x4d</size>
         <input_file_ref idref="fl-3"/>
      </object_component>
      <object_component id="oc-1f8">
         <name>.debug_frame</name>
         <load_address>0x9a</load_address>
         <run_address>0x9a</run_address>
         <size>0x4d</size>
         <input_file_ref idref="fl-3"/>
      </object_component>
      <object_component id="oc-127">
         <name>.debug_frame</name>
         <load_address>0xe7</load_address>
         <run_address>0xe7</run_address>
         <size>0x4a</size>
         <input_file_ref idref="fl-4"/>
      </object_component>
      <object_component id="oc-221">
         <name>.debug_frame</name>
         <load_address>0x131</load_address>
         <run_address>0x131</run_address>
         <size>0x4d</size>
         <input_file_ref idref="fl-5"/>
      </object_component>
      <object_component id="oc-268">
         <name>.debug_frame</name>
         <load_address>0x17e</load_address>
         <run_address>0x17e</run_address>
         <size>0x4d</size>
         <input_file_ref idref="fl-5"/>
      </object_component>
      <object_component id="oc-22b">
         <name>.debug_frame</name>
         <load_address>0x1cb</load_address>
         <run_address>0x1cb</run_address>
         <size>0x4d</size>
         <input_file_ref idref="fl-5"/>
      </object_component>
      <object_component id="oc-18d">
         <name>.debug_frame</name>
         <load_address>0x218</load_address>
         <run_address>0x218</run_address>
         <size>0x4d</size>
         <input_file_ref idref="fl-5"/>
      </object_component>
      <object_component id="oc-25e">
         <name>.debug_frame</name>
         <load_address>0x265</load_address>
         <run_address>0x265</run_address>
         <size>0x4d</size>
         <input_file_ref idref="fl-5"/>
      </object_component>
      <object_component id="oc-20e">
         <name>.debug_frame</name>
         <load_address>0x2b2</load_address>
         <run_address>0x2b2</run_address>
         <size>0x4d</size>
         <input_file_ref idref="fl-5"/>
      </object_component>
      <object_component id="oc-17b">
         <name>.debug_frame</name>
         <load_address>0x2ff</load_address>
         <run_address>0x2ff</run_address>
         <size>0x4d</size>
         <input_file_ref idref="fl-5"/>
      </object_component>
      <object_component id="oc-b9">
         <name>.debug_frame</name>
         <load_address>0x34c</load_address>
         <run_address>0x34c</run_address>
         <size>0x42</size>
         <input_file_ref idref="fl-3a"/>
      </object_component>
      <object_component id="oc-77">
         <name>.debug_frame</name>
         <load_address>0x38e</load_address>
         <run_address>0x38e</run_address>
         <size>0x47</size>
         <input_file_ref idref="fl-3b"/>
      </object_component>
      <object_component id="oc-ee">
         <name>.debug_frame</name>
         <load_address>0x3d5</load_address>
         <run_address>0x3d5</run_address>
         <size>0x53</size>
         <input_file_ref idref="fl-3c"/>
      </object_component>
      <object_component id="oc-7d">
         <name>.debug_frame</name>
         <load_address>0x428</load_address>
         <run_address>0x428</run_address>
         <size>0x47</size>
         <input_file_ref idref="fl-3c"/>
      </object_component>
      <object_component id="oc-9b">
         <name>.debug_frame</name>
         <load_address>0x46f</load_address>
         <run_address>0x46f</run_address>
         <size>0x47</size>
         <input_file_ref idref="fl-3d"/>
      </object_component>
      <object_component id="oc-12f">
         <name>.debug_frame</name>
         <load_address>0x4b6</load_address>
         <run_address>0x4b6</run_address>
         <size>0x47</size>
         <input_file_ref idref="fl-3f"/>
      </object_component>
      <object_component id="oc-e1">
         <name>.debug_frame</name>
         <load_address>0x4fd</load_address>
         <run_address>0x4fd</run_address>
         <size>0x53</size>
         <input_file_ref idref="fl-59"/>
      </object_component>
      <object_component id="oc-107">
         <name>.debug_frame</name>
         <load_address>0x550</load_address>
         <run_address>0x550</run_address>
         <size>0x47</size>
         <input_file_ref idref="fl-60"/>
      </object_component>
      <object_component id="oc-10d">
         <name>.debug_frame</name>
         <load_address>0x597</load_address>
         <run_address>0x597</run_address>
         <size>0x5a</size>
         <input_file_ref idref="fl-63"/>
      </object_component>
      <object_component id="oc-1d4">
         <name>.debug_frame</name>
         <load_address>0x5f1</load_address>
         <run_address>0x5f1</run_address>
         <size>0x47</size>
         <input_file_ref idref="fl-65"/>
      </object_component>
      <object_component id="oc-240">
         <name>.debug_frame</name>
         <load_address>0x638</load_address>
         <run_address>0x638</run_address>
         <size>0x54</size>
         <input_file_ref idref="fl-66"/>
      </object_component>
      <object_component id="oc-246">
         <name>.debug_frame</name>
         <load_address>0x68c</load_address>
         <run_address>0x68c</run_address>
         <size>0x57</size>
         <input_file_ref idref="fl-66"/>
      </object_component>
      <object_component id="oc-1ce">
         <name>.debug_frame</name>
         <load_address>0x6e3</load_address>
         <run_address>0x6e3</run_address>
         <size>0x56</size>
         <input_file_ref idref="fl-66"/>
      </object_component>
      <object_component id="oc-1c2">
         <name>.debug_frame</name>
         <load_address>0x739</load_address>
         <run_address>0x739</run_address>
         <size>0x48</size>
         <input_file_ref idref="fl-67"/>
      </object_component>
      <object_component id="oc-1c8">
         <name>.debug_frame</name>
         <load_address>0x781</load_address>
         <run_address>0x781</run_address>
         <size>0x4d</size>
         <input_file_ref idref="fl-67"/>
      </object_component>
      <object_component id="oc-238">
         <name>.debug_frame</name>
         <load_address>0x7ce</load_address>
         <run_address>0x7ce</run_address>
         <size>0x48</size>
         <input_file_ref idref="fl-67"/>
      </object_component>
      <object_component id="oc-1e0">
         <name>.debug_frame</name>
         <load_address>0x816</load_address>
         <run_address>0x816</run_address>
         <size>0x47</size>
         <input_file_ref idref="fl-68"/>
      </object_component>
      <object_component id="oc-1e6">
         <name>.debug_frame</name>
         <load_address>0x85d</load_address>
         <run_address>0x85d</run_address>
         <size>0x47</size>
         <input_file_ref idref="fl-68"/>
      </object_component>
      <object_component id="oc-1da">
         <name>.debug_frame</name>
         <load_address>0x8a4</load_address>
         <run_address>0x8a4</run_address>
         <size>0x48</size>
         <input_file_ref idref="fl-69"/>
      </object_component>
      <object_component id="oc-21b">
         <name>.debug_frame</name>
         <load_address>0x8ec</load_address>
         <run_address>0x8ec</run_address>
         <size>0x47</size>
         <input_file_ref idref="fl-6a"/>
      </object_component>
      <object_component id="oc-215">
         <name>.debug_frame</name>
         <load_address>0x933</load_address>
         <run_address>0x933</run_address>
         <size>0x47</size>
         <input_file_ref idref="fl-6a"/>
      </object_component>
      <object_component id="oc-1ec">
         <name>.debug_frame</name>
         <load_address>0x97a</load_address>
         <run_address>0x97a</run_address>
         <size>0x47</size>
         <input_file_ref idref="fl-6a"/>
      </object_component>
      <object_component id="oc-274">
         <name>.debug_abbrev</name>
         <load_address>0x0</load_address>
         <run_address>0x0</run_address>
         <size>0xce</size>
         <input_file_ref idref="fl-2"/>
      </object_component>
      <object_component id="oc-255">
         <name>.debug_abbrev</name>
         <load_address>0xce</load_address>
         <run_address>0xce</run_address>
         <size>0x29</size>
         <input_file_ref idref="fl-2"/>
      </object_component>
      <object_component id="oc-257">
         <name>.debug_abbrev</name>
         <load_address>0xf7</load_address>
         <run_address>0xf7</run_address>
         <size>0x29</size>
         <input_file_ref idref="fl-2"/>
      </object_component>
      <object_component id="oc-222">
         <name>.debug_abbrev</name>
         <load_address>0x120</load_address>
         <run_address>0x120</run_address>
         <size>0x6c</size>
         <input_file_ref idref="fl-2"/>
      </object_component>
      <object_component id="oc-200">
         <name>.debug_abbrev</name>
         <load_address>0x18c</load_address>
         <run_address>0x18c</run_address>
         <size>0x49</size>
         <input_file_ref idref="fl-2"/>
      </object_component>
      <object_component id="oc-13a">
         <name>.debug_abbrev</name>
         <load_address>0x1d5</load_address>
         <run_address>0x1d5</run_address>
         <size>0x1f</size>
         <input_file_ref idref="fl-2"/>
      </object_component>
      <object_component id="oc-196">
         <name>.debug_abbrev</name>
         <load_address>0x1f4</load_address>
         <run_address>0x1f4</run_address>
         <size>0x35</size>
         <input_file_ref idref="fl-2"/>
      </object_component>
      <object_component id="oc-1fc">
         <name>.debug_abbrev</name>
         <load_address>0x229</load_address>
         <run_address>0x229</run_address>
         <size>0x12d</size>
         <input_file_ref idref="fl-3"/>
      </object_component>
      <object_component id="oc-224">
         <name>.debug_abbrev</name>
         <load_address>0x356</load_address>
         <run_address>0x356</run_address>
         <size>0x29</size>
         <input_file_ref idref="fl-3"/>
      </object_component>
      <object_component id="oc-1ed">
         <name>.debug_abbrev</name>
         <load_address>0x37f</load_address>
         <run_address>0x37f</run_address>
         <size>0x6c</size>
         <input_file_ref idref="fl-3"/>
      </object_component>
      <object_component id="oc-251">
         <name>.debug_abbrev</name>
         <load_address>0x3eb</load_address>
         <run_address>0x3eb</run_address>
         <size>0x6c</size>
         <input_file_ref idref="fl-3"/>
      </object_component>
      <object_component id="oc-1f0">
         <name>.debug_abbrev</name>
         <load_address>0x457</load_address>
         <run_address>0x457</run_address>
         <size>0x4b</size>
         <input_file_ref idref="fl-3"/>
      </object_component>
      <object_component id="oc-191">
         <name>.debug_abbrev</name>
         <load_address>0x4a2</load_address>
         <run_address>0x4a2</run_address>
         <size>0x1f</size>
         <input_file_ref idref="fl-3"/>
      </object_component>
      <object_component id="oc-18e">
         <name>.debug_abbrev</name>
         <load_address>0x4c1</load_address>
         <run_address>0x4c1</run_address>
         <size>0x6d</size>
         <input_file_ref idref="fl-4"/>
      </object_component>
      <object_component id="oc-252">
         <name>.debug_abbrev</name>
         <load_address>0x52e</load_address>
         <run_address>0x52e</run_address>
         <size>0xa0</size>
         <input_file_ref idref="fl-5"/>
      </object_component>
      <object_component id="oc-262">
         <name>.debug_abbrev</name>
         <load_address>0x5ce</load_address>
         <run_address>0x5ce</run_address>
         <size>0x6c</size>
         <input_file_ref idref="fl-5"/>
      </object_component>
      <object_component id="oc-277">
         <name>.debug_abbrev</name>
         <load_address>0x63a</load_address>
         <run_address>0x63a</run_address>
         <size>0x6e</size>
         <input_file_ref idref="fl-5"/>
      </object_component>
      <object_component id="oc-269">
         <name>.debug_abbrev</name>
         <load_address>0x6a8</load_address>
         <run_address>0x6a8</run_address>
         <size>0x7c</size>
         <input_file_ref idref="fl-5"/>
      </object_component>
      <object_component id="oc-22c">
         <name>.debug_abbrev</name>
         <load_address>0x724</load_address>
         <run_address>0x724</run_address>
         <size>0x87</size>
         <input_file_ref idref="fl-5"/>
      </object_component>
      <object_component id="oc-276">
         <name>.debug_abbrev</name>
         <load_address>0x7ab</load_address>
         <run_address>0x7ab</run_address>
         <size>0x6e</size>
         <input_file_ref idref="fl-5"/>
      </object_component>
      <object_component id="oc-25f">
         <name>.debug_abbrev</name>
         <load_address>0x819</load_address>
         <run_address>0x819</run_address>
         <size>0x7c</size>
         <input_file_ref idref="fl-5"/>
      </object_component>
      <object_component id="oc-1f9">
         <name>.debug_abbrev</name>
         <load_address>0x895</load_address>
         <run_address>0x895</run_address>
         <size>0x7c</size>
         <input_file_ref idref="fl-5"/>
      </object_component>
      <object_component id="oc-136">
         <name>.debug_abbrev</name>
         <load_address>0x911</load_address>
         <run_address>0x911</run_address>
         <size>0x29</size>
         <input_file_ref idref="fl-39"/>
      </object_component>
      <object_component id="oc-130">
         <name>.debug_abbrev</name>
         <load_address>0x93a</load_address>
         <run_address>0x93a</run_address>
         <size>0x58</size>
         <input_file_ref idref="fl-3a"/>
      </object_component>
      <object_component id="oc-144">
         <name>.debug_abbrev</name>
         <load_address>0x992</load_address>
         <run_address>0x992</run_address>
[...]
         <name>UCB0CTLW0</name>
         <value>0x5e0</value>
      </symbol>
      <symbol id="sm-285">
         <name>UCB0CTLW0_L</name>
         <value>0x5e0</value>
      </symbol>
      <symbol id="sm-286">
         <name>UCB0CTLW0_H</name>
         <value>0x5e1</value>
      </symbol>
      <symbol id="sm-287">
         <name>UCB0BRW</name>
         <value>0x5e6</value>
      </symbol>
      <symbol id="sm-288">
         <name>UCB0BRW_L</name>
         <value>0x5e6</value>
      </symbol>
      <symbol id="sm-289">
         <name>UCB0BRW_H</name>
         <value>0x5e7</value>
      </symbol>
      <symbol id="sm-28a">
         <name>UCB0STAT</name>
         <value>0x5ea</value>
      </symbol>
      <symbol id="sm-28b">
         <name>UCB0RXBUF</name>
         <value>0x5ec</value>
      </symbol>
      <symbol id="sm-28c">
         <name>UCB0TXBUF</name>
         <value>0x5ee</value>
      </symbol>
      <symbol id="sm-28d">
         <name>UCB0I2COA</name>
         <value>0x5f0</value>
      </symbol>
      <symbol id="sm-28e">
         <name>UCB0I2COA_L</name>
         <value>0x5f0</value>
      </symbol>
      <symbol id="sm-28f">
         <name>UCB0I2COA_H</name>
         <value>0x5f1</value>
      </symbol>
      <symbol id="sm-290">
         <name>UCB0I2CSA</name>
         <value>0x5f2</value>
      </symbol>
      <symbol id="sm-291">
         <name>UCB0I2CSA_L</name>
         <value>0x5f2</value>
      </symbol>
      <symbol id="sm-292">
         <name>UCB0I2CSA_H</name>
         <value>0x5f3</value>
      </symbol>
      <symbol id="sm-293">
         <name>UCB0ICTL</name>
         <value>0x5fc</value>
      </symbol>
      <symbol id="sm-294">
         <name>UCB0ICTL_L</name>
         <value>0x5fc</value>
      </symbol>
      <symbol id="sm-295">
         <name>UCB0ICTL_H</name>
         <value>0x5fd</value>
      </symbol>
      <symbol id="sm-296">
         <name>UCB0IV</name>
         <value>0x5fe</value>
      </symbol>
      <symbol id="sm-297">
         <name>UCA1CTLW0</name>
         <value>0x600</value>
      </symbol>
      <symbol id="sm-298">
         <name>UCA1CTLW0_L</name>
         <value>0x600</value>
      </symbol>
      <symbol id="sm-299">
         <name>UCA1CTLW0_H</name>
         <value>0x601</value>
      </symbol>
      <symbol id="sm-29a">
         <name>UCA1BRW</name>
         <value>0x606</value>
      </symbol>
      <symbol id="sm-29b">
         <name>UCA1BRW_L</name>
         <value>0x606</value>
      </symbol>
      <symbol id="sm-29c">
         <name>UCA1BRW_H</name>
         <value>0x607</value>
      </symbol>
      <symbol id="sm-29d">
         <name>UCA1MCTL</name>
         <value>0x608</value>
      </symbol>
      <symbol id="sm-29e">
         <name>UCA1STAT</name>
         <value>0x60a</value>
      </symbol>
      <symbol id="sm-29f">
         <name>UCA1RXBUF</name>
         <value>0x60c</value>
      </symbol>
      <symbol id="sm-2a0">
         <name>UCA1TXBUF</name>
         <value>0x60e</value>
      </symbol>
      <symbol id="sm-2a1">
         <name>UCA1ABCTL</name>
         <value>0x610</value>
      </symbol>
      <symbol id="sm-2a2">
         <name>UCA1IRCTL</name>
         <value>0x612</value>
      </symbol>
      <symbol id="sm-2a3">
         <name>UCA1IRCTL_L</name>
         <value>0x612</value>
      </symbol>
      <symbol id="sm-2a4">
         <name>UCA1IRCTL_H</name>
         <value>0x613</value>
      </symbol>
      <symbol id="sm-2a5">
         <name>UCA1ICTL</name>
         <value>0x61c</value>
      </symbol>
      <symbol id="sm-2a6">
         <name>UCA1ICTL_L</name>
         <value>0x61c</value>
      </symbol>
      <symbol id="sm-2a7">
         <name>UCA1ICTL_H</name>
         <value>0x61d</value>
      </symbol>
      <symbol id="sm-2a8">
         <name>UCA1IV</name>
         <value>0x61e</value>
      </symbol>
      <symbol id="sm-2a9">
         <name>UCB1CTLW0</name>
         <value>0x620</value>
      </symbol>
      <symbol id="sm-2aa">
         <name>UCB1CTLW0_L</name>
         <value>0x620</value>
      </symbol>
      <symbol id="sm-2ab">
         <name>UCB1CTLW0_H</name>
         <value>0x621</value>
      </symbol>
      <symbol id="sm-2ac">
         <name>UCB1BRW</name>
         <value>0x626</value>
      </symbol>
      <symbol id="sm-2ad">
         <name>UCB1BRW_L</name>
         <value>0x626</value>
      </symbol>
      <symbol id="sm-2ae">
         <name>UCB1BRW_H</name>
         <value>0x627</value>
      </symbol>
      <symbol id="sm-2af">
         <name>UCB1STAT</name>
         <value>0x62a</value>
      </symbol>
      <symbol id="sm-2b0">
         <name>UCB1RXBUF</name>
         <value>0x62c</value>
      </symbol>
      <symbol id="sm-2b1">
         <name>UCB1TXBUF</name>
         <value>0x62e</value>
      </symbol>
      <symbol id="sm-2b2">
         <name>UCB1I2COA</name>
         <value>0x630</value>
      </symbol>
      <symbol id="sm-2b3">
         <name>UCB1I2COA_L</name>
         <value>0x630</value>
      </symbol>
      <symbol id="sm-2b4">
         <name>UCB1I2COA_H</name>
         <value>0x631</value>
      </symbol>
      <symbol id="sm-2b5">
         <name>UCB1I2CSA</name>
         <value>0x632</value>
      </symbol>
      <symbol id="sm-2b6">
         <name>UCB1I2CSA_L</name>
         <value>0x632</value>
      </symbol>
      <symbol id="sm-2b7">
         <name>UCB1I2CSA_H</name>
         <value>0x633</value>
      </symbol>
      <symbol id="sm-2b8">
         <name>UCB1ICTL</name>
         <value>0x63c</value>
      </symbol>
      <symbol id="sm-2b9">
         <name>UCB1ICTL_L</name>
         <value>0x63c</value>
      </symbol>
      <symbol id="sm-2ba">
         <name>UCB1ICTL_H</name>
         <value>0x63d</value>
      </symbol>
      <symbol id="sm-2bb">
         <name>UCB1IV</name>
         <value>0x63e</value>
      </symbol>
      <symbol id="sm-2bc">
         <name>WDTCTL</name>
         <value>0x15c</value>
      </symbol>
      <symbol id="sm-2bd">
         <name>WDTCTL_L</name>
         <value>0x15c</value>
      </symbol>
      <symbol id="sm-2be">
         <name>WDTCTL_H</name>
         <value>0x15d</value>
      </symbol>
      <symbol id="sm-2bf">
         <name>__TI_CINIT_Base</name>
         <value>0x809a</value>
      </symbol>
      <symbol id="sm-2c0">
         <name>__TI_CINIT_Limit</name>
         <value>0x80aa</value>
      </symbol>
      <symbol id="sm-2c1">
         <name>__TI_Handler_Table_Base</name>
         <value>0x8088</value>
      </symbol>
      <symbol id="sm-2c2">
         <name>__TI_Handler_Table_Limit</name>
         <value>0x8094</value>
      </symbol>
      <symbol id="sm-2c3">
         <name>binit</name>
         <value>0xffffffff</value>
      </symbol>
      <symbol id="sm-2c4">
         <name>__binit__</name>
         <value>0xffffffff</value>
      </symbol>
      <symbol id="sm-2c5">
         <name>__STACK_SIZE</name>
         <value>0xa0</value>
      </symbol>
      <symbol id="sm-2c6">
         <name>__STACK_END</name>
         <value>0x6400</value>
      </symbol>
      <symbol id="sm-2c7">
         <name>__c_args__</name>
         <value>0xffffffff</value>
      </symbol>
      <symbol id="sm-35a">
         <name>dbg_keys_sz</name>
         <value>0x8068</value>
         <object_component_ref idref="oc-206"/>
      </symbol>
      <symbol id="sm-35b">
         <name>dbg_keys</name>
         <value>0x1c82</value>
         <object_component_ref idref="oc-203"/>
      </symbol>
      <symbol id="sm-35c">
         <name>debug_scan</name>
         <value>0x10714</value>
         <object_component_ref idref="oc-17f"/>
      </symbol>
      <symbol id="sm-384">
         <name>hooks</name>
         <value>0x1c80</value>
      </symbol>
      <symbol id="sm-385">
         <name>SerialRX128</name>
         <value>0x1c00</value>
      </symbol>
      <symbol id="sm-386">
         <name>putch</name>
         <value>0x109a4</value>
         <object_component_ref idref="oc-1f3"/>
      </symbol>
      <symbol id="sm-387">
         <name>init</name>
         <value>0x10000</value>
         <object_component_ref idref="oc-16f"/>
      </symbol>
      <symbol id="sm-388">
         <name>SerialRX</name>
         <value>0x1c8e</value>
         <object_component_ref idref="oc-185"/>
      </symbol>
      <symbol id="sm-398">
         <name>main</name>
         <value>0x105d0</value>
         <object_component_ref idref="oc-122"/>
      </symbol>
      <symbol id="sm-3e0">
         <name>push</name>
         <value>0x1054e</value>
         <object_component_ref idref="oc-188"/>
      </symbol>
      <symbol id="sm-3e1">
         <name>is_equal</name>
         <value>0x106b0</value>
         <object_component_ref idref="oc-259"/>
      </symbol>
      <symbol id="sm-3e2">
         <name>flush</name>
         <value>0x109fc</value>
         <object_component_ref idref="oc-21c"/>
      </symbol>
      <symbol id="sm-3e3">
         <name>put_cstr</name>
         <value>0x10844</value>
         <object_component_ref idref="oc-176"/>
      </symbol>
      <symbol id="sm-3e4">
         <name>room_l</name>
         <value>0x108b6</value>
         <object_component_ref idref="oc-263"/>
      </symbol>
      <symbol id="sm-3e5">
         <name>room_r</name>
         <value>0x1095a</value>
         <object_component_ref idref="oc-226"/>
      </symbol>
      <symbol id="sm-3e6">
         <name>get_enum</name>
         <value>0x10776</value>
         <object_component_ref idref="oc-209"/>
      </symbol>
      <symbol id="sm-3fa">
         <name>_stack</name>
         <value>0x6360</value>
         <object_component_ref idref="oc-d8"/>
      </symbol>
      <symbol id="sm-3fb">
         <name>_reset_vector</name>
         <value>0xfffe</value>
         <object_component_ref idref="oc-db"/>
      </symbol>
      <symbol id="sm-406">
         <name>_c_int00_noargs_noexit</name>
         <value>0x8000</value>
         <object_component_ref idref="oc-b4"/>
      </symbol>
      <symbol id="sm-41c">
         <name>__TI_decompress_none</name>
         <value>0x10a18</value>
         <object_component_ref idref="oc-72"/>
      </symbol>
      <symbol id="sm-43e">
         <name>__TI_decompress_rle24</name>
         <value>0x10a4e</value>
         <object_component_ref idref="oc-78"/>
      </symbol>
      <symbol id="sm-451">
         <name>__TI_zero_init</name>
         <value>0x10980</value>
         <object_component_ref idref="oc-96"/>
      </symbol>
      <symbol id="sm-45d">
         <name>C$$EXIT</name>
         <value>0x10a58</value>
         <object_component_ref idref="oc-12a"/>
      </symbol>
      <symbol id="sm-45e">
         <name>abort</name>
         <value>0x10a58</value>
         <object_component_ref idref="oc-12a"/>
      </symbol>
      <symbol id="sm-461">
         <name>__TI_int37</name>
         <value>0xffca</value>
         <object_component_ref idref="oc-7e"/>
      </symbol>
      <symbol id="sm-464">
         <name>__TI_int38</name>
         <value>0xffcc</value>
         <object_component_ref idref="oc-7f"/>
      </symbol>
      <symbol id="sm-467">
         <name>__TI_int39</name>
         <value>0xffce</value>
         <object_component_ref idref="oc-80"/>
      </symbol>
      <symbol id="sm-46a">
         <name>__TI_int40</name>
         <value>0xffd0</value>
         <object_component_ref idref="oc-81"/>
      </symbol>
      <symbol id="sm-46d">
         <name>__TI_int42</name>
         <value>0xffd4</value>
         <object_component_ref idref="oc-82"/>
      </symbol>
      <symbol id="sm-470">
         <name>__TI_int44</name>
         <value>0xffd8</value>
         <object_component_ref idref="oc-83"/>
      </symbol>
      <symbol id="sm-473">
         <name>__TI_int45</name>
         <value>0xffda</value>
         <object_component_ref idref="oc-84"/>
      </symbol>
      <symbol id="sm-476">
         <name>__TI_int46</name>
         <value>0xffdc</value>
         <object_component_ref idref="oc-85"/>
      </symbol>
      <symbol id="sm-479">
         <name>__TI_int47</name>
         <value>0xffde</value>
         <object_component_ref idref="oc-86"/>
      </symbol>
      <symbol id="sm-47c">
         <name>__TI_int48</name>
         <value>0xffe0</value>
         <object_component_ref idref="oc-87"/>
      </symbol>
      <symbol id="sm-47f">
         <name>__TI_int49</name>
         <value>0xffe2</value>
         <object_component_ref idref="oc-88"/>
      </symbol>
      <symbol id="sm-482">
         <name>__TI_int50</name>
         <value>0xffe4</value>
         <object_component_ref idref="oc-89"/>
      </symbol>
      <symbol id="sm-485">
         <name>__TI_int51</name>
         <value>0xffe6</value>
         <object_component_ref idref="oc-8a"/>
      </symbol>
      <symbol id="sm-488">
         <name>__TI_int52</name>
         <value>0xffe8</value>
         <object_component_ref idref="oc-8b"/>
      </symbol>
      <symbol id="sm-48b">
         <name>__TI_int53</name>
         <value>0xffea</value>
         <object_component_ref idref="oc-8c"/>
      </symbol>
      <symbol id="sm-48e">
         <name>__TI_int54</name>
         <value>0xffec</value>
         <object_component_ref idref="oc-8d"/>
      </symbol>
      <symbol id="sm-491">
         <name>__TI_int55</name>
         <value>0xffee</value>
         <object_component_ref idref="oc-8e"/>
      </symbol>
      <symbol id="sm-494">
         <name>__TI_int56</name>
         <value>0xfff0</value>
         <object_component_ref idref="oc-8f"/>
      </symbol>
      <symbol id="sm-497">
         <name>__TI_int57</name>
         <value>0xfff2</value>
         <object_component_ref idref="oc-90"/>
      </symbol>
      <symbol id="sm-49a">
         <name>__TI_int58</name>
         <value>0xfff4</value>
         <object_component_ref idref="oc-91"/>
      </symbol>
      <symbol id="sm-49d">
         <name>__TI_int59</name>
         <value>0xfff6</value>
         <object_component_ref idref="oc-92"/>
      </symbol>
      <symbol id="sm-4a0">
         <name>__TI_int60</name>
         <value>0xfff8</value>
         <object_component_ref idref="oc-93"/>
      </symbol>
      <symbol id="sm-4a3">
         <name>__TI_int61</name>
         <value>0xfffa</value>
         <object_component_ref idref="oc-94"/>
      </symbol>
      <symbol id="sm-4a6">
         <name>__TI_int62</name>
         <value>0xfffc</value>
         <object_component_ref idref="oc-95"/>
      </symbol>
      <symbol id="sm-4ae">
         <name>__TI_ISR_TRAP</name>
         <value>0x801a</value>
         <object_component_ref idref="oc-f6"/>
      </symbol>
      <symbol id="sm-4c2">
         <name>memcpy</name>
         <value>0x108e2</value>
         <object_component_ref idref="oc-dc"/>
      </symbol>
      <symbol id="sm-501">
         <name>_system_pre_init</name>
         <value>0x10a54</value>
         <object_component_ref idref="oc-102"/>
      </symbol>
      <symbol id="sm-51f">
         <name>_auto_init_hold_wdt</name>
         <value>0x1042c</value>
         <object_component_ref idref="oc-108"/>
      </symbol>
      <symbol id="sm-527">
         <name>__mspabi_sral_15</name>
         <value>0x10806</value>
         <object_component_ref idref="oc-152"/>
      </symbol>
      <symbol id="sm-528">
         <name>__mspabi_sral_14</name>
         <value>0x1080a</value>
         <object_component_ref idref="oc-152"/>
      </symbol>
      <symbol id="sm-529">
         <name>__mspabi_sral_13</name>
         <value>0x1080e</value>
         <object_component_ref idref="oc-152"/>
      </symbol>
      <symbol id="sm-52a">
         <name>__mspabi_sral_12</name>
         <value>0x10812</value>
         <object_component_ref idref="oc-152"/>
      </symbol>
      <symbol id="sm-52b">
         <name>__mspabi_sral_11</name>
         <value>0x10816</value>
         <object_component_ref idref="oc-152"/>
      </symbol>
      <symbol id="sm-52c">
         <name>__mspabi_sral_10</name>
         <value>0x1081a</value>
         <object_component_ref idref="oc-152"/>
      </symbol>
      <symbol id="sm-52d">
         <name>__mspabi_sral_8</name>
         <value>0x10822</value>
         <object_component_ref idref="oc-152"/>
      </symbol>
      <symbol id="sm-52e">
         <name>__mspabi_sral_9</name>
         <value>0x1081e</value>
         <object_component_ref idref="oc-152"/>
      </symbol>
      <symbol id="sm-52f">
         <name>__mspabi_sral_6</name>
         <value>0x1082a</value>
         <object_component_ref idref="oc-152"/>
      </symbol>
      <symbol id="sm-530">
         <name>__mspabi_sral_7</name>
         <value>0x10826</value>
         <object_component_ref idref="oc-152"/>
      </symbol>
      <symbol id="sm-531">
         <name>__mspabi_sral_4</name>
         <value>0x10832</value>
         <object_component_ref idref="oc-152"/>
      </symbol>
      <symbol id="sm-532">
         <name>__mspabi_sral_5</name>
         <value>0x1082e</value>
         <object_component_ref idref="oc-152"/>
      </symbol>
      <symbol id="sm-533">
         <name>__mspabi_sral_2</name>
         <value>0x1083a</value>
         <object_component_ref idref="oc-152"/>
      </symbol>
      <symbol id="sm-534">
         <name>__mspabi_sral_3</name>
         <value>0x10836</value>
         <object_component_ref idref="oc-152"/>
      </symbol>
      <symbol id="sm-535">
         <name>__mspabi_sral_1</name>
         <value>0x1083e</value>
         <object_component_ref idref="oc-152"/>
      </symbol>
      <symbol id="sm-548">
         <name>GPIO_setAsPeripheralModuleFunctionInputPin</name>
         <value>0x1090c</value>
         <object_component_ref idref="oc-1cf"/>
      </symbol>
      <symbol id="sm-56e">
         <name>PMM_setVCore</name>
         <value>0x107c6</value>
         <object_component_ref idref="oc-1c9"/>
      </symbol>
      <symbol id="sm-56f">
         <name>PMM_setVCoreDown</name>
         <value>0x1038a</value>
         <object_component_ref idref="oc-241"/>
      </symbol>
      <symbol id="sm-570">
         <name>PMM_setVCoreUp</name>
         <value>0x101d4</value>
         <object_component_ref idref="oc-23b"/>
      </symbol>
      <symbol id="sm-5a3">
         <name>UCS_initFLLSettle</name>
         <value>0x10880</value>
         <object_component_ref idref="oc-1c3"/>
      </symbol>
      <symbol id="sm-5a4">
         <name>UCS_clockSignalInit</name>
         <value>0x104be</value>
         <object_component_ref idref="oc-1bd"/>
      </symbol>
      <symbol id="sm-5a5">
         <name>UCS_initFLL</name>
         <value>0x100f2</value>
         <object_component_ref idref="oc-233"/>
      </symbol>
      <symbol id="sm-5b7">
         <name>USCI_A_UART_clearInterruptFlag</name>
         <value>0x10a42</value>
         <object_component_ref idref="oc-1e1"/>
      </symbol>
      <symbol id="sm-5b8">
         <name>USCI_A_UART_disableInterrupt</name>
         <value>0x10934</value>
         <object_component_ref idref="oc-1db"/>
      </symbol>
      <symbol id="sm-5c7">
         <name>USCI_UART_init</name>
         <value>0x102b4</value>
         <object_component_ref idref="oc-1d5"/>
      </symbol>
      <symbol id="sm-5de">
         <name>WDT_A_start</name>
         <value>0x109e0</value>
         <object_component_ref idref="oc-216"/>
      </symbol>
      <symbol id="sm-5df">
         <name>WDT_A_resetTimer</name>
         <value>0x109c4</value>
         <object_component_ref idref="oc-210"/>
      </symbol>
      <symbol id="sm-5e0">
         <name>WDT_A_watchdogTimerInit</name>
         <value>0x10a2e</value>
         <object_component_ref idref="oc-1e7"/>
      </symbol>
      <symbol id="sm-5e9">
         <name>__TI_INITARRAY_Base</name>
         <value>0x0</value>
      </symbol>
      <symbol id="sm-5ea">
         <name>__TI_INITARRAY_Limit</name>
         <value>0x0</value>
      </symbol>
   </symbol_table>
   <title>Link successful</title>
</link_info>
